Archive member included to satisfy reference by file (symbol)

/opt/st/stm32cubeide_1.7.0/plugins/com.st.stm32cube.ide.mcu.externaltools.gnu-tools-for-stm32.9-2020-q2-update.linux64_2.0.0.202105311346/tools/bin/../lib/gcc/arm-none-eabi/9.3.1/../../../../arm-none-eabi/lib/thumb/v7e-m+fp/hard/libstdc++_nano.a(del_ops.o)
                              ./Libraries/Src/Note.o (operator delete(void*, unsigned int))
/opt/st/stm32cubeide_1.7.0/plugins/com.st.stm32cube.ide.mcu.externaltools.gnu-tools-for-stm32.9-2020-q2-update.linux64_2.0.0.202105311346/tools/bin/../lib/gcc/arm-none-eabi/9.3.1/../../../../arm-none-eabi/lib/thumb/v7e-m+fp/hard/libstdc++_nano.a(new_op.o)
                              ./Core/Src/freertos.o (operator new(unsigned int))
/opt/st/stm32cubeide_1.7.0/plugins/com.st.stm32cube.ide.mcu.externaltools.gnu-tools-for-stm32.9-2020-q2-update.linux64_2.0.0.202105311346/tools/bin/../lib/gcc/arm-none-eabi/9.3.1/../../../../arm-none-eabi/lib/thumb/v7e-m+fp/hard/libstdc++_nano.a(del_op.o)
                              /opt/st/stm32cubeide_1.7.0/plugins/com.st.stm32cube.ide.mcu.externaltools.gnu-tools-for-stm32.9-2020-q2-update.linux64_2.0.0.202105311346/tools/bin/../lib/gcc/arm-none-eabi/9.3.1/../../../../arm-none-eabi/lib/thumb/v7e-m+fp/hard/libstdc++_nano.a(del_ops.o) (operator delete(void*))
/opt/st/stm32cubeide_1.7.0/plugins/com.st.stm32cube.ide.mcu.externaltools.gnu-tools-for-stm32.9-2020-q2-update.linux64_2.0.0.202105311346/tools/bin/../lib/gcc/arm-none-eabi/9.3.1/../../../../arm-none-eabi/lib/thumb/v7e-m+fp/hard/libstdc++_nano.a(new_handler.o)
                              /opt/st/stm32cubeide_1.7.0/plugins/com.st.stm32cube.ide.mcu.externaltools.gnu-tools-for-stm32.9-2020-q2-update.linux64_2.0.0.202105311346/tools/bin/../lib/gcc/arm-none-eabi/9.3.1/../../../../arm-none-eabi/lib/thumb/v7e-m+fp/hard/libstdc++_nano.a(new_op.o) (std::get_new_handler())
/opt/st/stm32cubeide_1.7.0/plugins/com.st.stm32cube.ide.mcu.externaltools.gnu-tools-for-stm32.9-2020-q2-update.linux64_2.0.0.202105311346/tools/bin/../lib/gcc/arm-none-eabi/9.3.1/../../../../arm-none-eabi/lib/thumb/v7e-m+fp/hard/libm.a(lib_a-s_round.o)
                              ./Libraries/Src/Note.o (round)
/opt/st/stm32cubeide_1.7.0/plugins/com.st.stm32cube.ide.mcu.externaltools.gnu-tools-for-stm32.9-2020-q2-update.linux64_2.0.0.202105311346/tools/bin/../lib/gcc/arm-none-eabi/9.3.1/../../../../arm-none-eabi/lib/thumb/v7e-m+fp/hard/libc_nano.a(lib_a-abort.o)
                              /opt/st/stm32cubeide_1.7.0/plugins/com.st.stm32cube.ide.mcu.externaltools.gnu-tools-for-stm32.9-2020-q2-update.linux64_2.0.0.202105311346/tools/bin/../lib/gcc/arm-none-eabi/9.3.1/../../../../arm-none-eabi/lib/thumb/v7e-m+fp/hard/libstdc++_nano.a(new_op.o) (abort)
/opt/st/stm32cubeide_1.7.0/plugins/com.st.stm32cube.ide.mcu.externaltools.gnu-tools-for-stm32.9-2020-q2-update.linux64_2.0.0.202105311346/tools/bin/../lib/gcc/arm-none-eabi/9.3.1/../../../../arm-none-eabi/lib/thumb/v7e-m+fp/hard/libc_nano.a(lib_a-errno.o)
                              ./Core/Src/syscalls.o (__errno)
/opt/st/stm32cubeide_1.7.0/plugins/com.st.stm32cube.ide.mcu.externaltools.gnu-tools-for-stm32.9-2020-q2-update.linux64_2.0.0.202105311346/tools/bin/../lib/gcc/arm-none-eabi/9.3.1/../../../../arm-none-eabi/lib/thumb/v7e-m+fp/hard/libc_nano.a(lib_a-exit.o)
                              /opt/st/stm32cubeide_1.7.0/plugins/com.st.stm32cube.ide.mcu.externaltools.gnu-tools-for-stm32.9-2020-q2-update.linux64_2.0.0.202105311346/tools/bin/../lib/gcc/arm-none-eabi/9.3.1/../../../../arm-none-eabi/lib/thumb/v7e-m+fp/hard/crt0.o (exit)
/opt/st/stm32cubeide_1.7.0/plugins/com.st.stm32cube.ide.mcu.externaltools.gnu-tools-for-stm32.9-2020-q2-update.linux64_2.0.0.202105311346/tools/bin/../lib/gcc/arm-none-eabi/9.3.1/../../../../arm-none-eabi/lib/thumb/v7e-m+fp/hard/libc_nano.a(lib_a-findfp.o)
                              ./Middlewares/Third_Party/FreeRTOS/Source/tasks.o (__sf_fake_stderr)
/opt/st/stm32cubeide_1.7.0/plugins/com.st.stm32cube.ide.mcu.externaltools.gnu-tools-for-stm32.9-2020-q2-update.linux64_2.0.0.202105311346/tools/bin/../lib/gcc/arm-none-eabi/9.3.1/../../../../arm-none-eabi/lib/thumb/v7e-m+fp/hard/libc_nano.a(lib_a-fwalk.o)
                              /opt/st/stm32cubeide_1.7.0/plugins/com.st.stm32cube.ide.mcu.externaltools.gnu-tools-for-stm32.9-2020-q2-update.linux64_2.0.0.202105311346/tools/bin/../lib/gcc/arm-none-eabi/9.3.1/../../../../arm-none-eabi/lib/thumb/v7e-m+fp/hard/libc_nano.a(lib_a-findfp.o) (_fwalk)
/opt/st/stm32cubeide_1.7.0/plugins/com.st.stm32cube.ide.mcu.externaltools.gnu-tools-for-stm32.9-2020-q2-update.linux64_2.0.0.202105311346/tools/bin/../lib/gcc/arm-none-eabi/9.3.1/../../../../arm-none-eabi/lib/thumb/v7e-m+fp/hard/libc_nano.a(lib_a-impure.o)
[...]
Memory Configuration

Name             Origin             Length             Attributes
CCMRAM           0x0000000010000000 0x0000000000010000 xrw
RAM              0x0000000020000000 0x0000000000020000 xrw
FLASH            0x0000000008000000 0x0000000000100000 xr
*default*        0x0000000000000000 0xffffffffffffffff

Linker script and memory map

LOAD /opt/st/stm32cubeide_1.7.0/plugins/com.st.stm32cube.ide.mcu.externaltools.gnu-tools-for-stm32.9-2020-q2-update.linux64_2.0.0.202105311346/tools/bin/../lib/gcc/arm-none-eabi/9.3.1/thumb/v7e-m+fp/hard/crti.o
LOAD /opt/st/stm32cubeide_1.7.0/plugins/com.st.stm32cube.ide.mcu.externaltools.gnu-tools-for-stm32.9-2020-q2-update.linux64_2.0.0.202105311346/tools/bin/../lib/gcc/arm-none-eabi/9.3.1/thumb/v7e-m+fp/hard/crtbegin.o
LOAD /opt/st/stm32cubeide_1.7.0/plugins/com.st.stm32cube.ide.mcu.externaltools.gnu-tools-for-stm32.9-2020-q2-update.linux64_2.0.0.202105311346/tools/bin/../lib/gcc/arm-none-eabi/9.3.1/../../../../arm-none-eabi/lib/thumb/v7e-m+fp/hard/crt0.o
LOAD ./Core/Src/dma.o
LOAD ./Core/Src/freertos.o
LOAD ./Core/Src/gpio.o
LOAD ./Core/Src/i2c.o
LOAD ./Core/Src/i2s.o
LOAD ./Core/Src/main.o
LOAD ./Core/Src/stm32f4xx_hal_msp.o
LOAD ./Core/Src/stm32f4xx_hal_timebase_tim.o
LOAD ./Core/Src/stm32f4xx_it.o
LOAD ./Core/Src/syscalls.o
LOAD ./Core/Src/sysmem.o
LOAD ./Core/Src/system_stm32f4xx.o
LOAD ./Core/Startup/startup_stm32f407vgtx.o
LOAD ./Core/ThreadSafe/newlib_lock_glue.o
LOAD ./Drivers/BSP/Components/cs43l22/cs43l22.o
LOAD ./Drivers/BSP/Components/exc7200/exc7200.o
LOAD ./Drivers/BSP/Components/ft6x06/ft6x06.o
LOAD ./Drivers/BSP/Components/i3g4250d/i3g4250d.o
LOAD ./Drivers/BSP/Components/ili9325/ili9325.o
LOAD ./Drivers/BSP/Components/ili9341/ili9341.o
LOAD ./Drivers/BSP/Components/l3gd20/l3gd20.o
LOAD ./Drivers/BSP/Components/lis302dl/lis302dl.o
LOAD ./Drivers/BSP/Components/lis3dsh/lis3dsh.o
LOAD ./Drivers/BSP/Components/ls016b8uy/ls016b8uy.o
LOAD ./Drivers/BSP/Components/lsm303agr/lsm303agr.o
LOAD ./Drivers/BSP/Components/lsm303dlhc/lsm303dlhc.o
LOAD ./Drivers/BSP/Components/mfxstm32l152/mfxstm32l152.o
LOAD ./Drivers/BSP/Components/nt35510/nt35510.o
LOAD ./Drivers/BSP/Components/otm8009a/otm8009a.o
LOAD ./Drivers/BSP/Components/ov2640/ov2640.o
LOAD ./Drivers/BSP/Components/ov5640/ov5640.o
LOAD ./Drivers/BSP/Components/s5k5cag/s5k5cag.o
LOAD ./Drivers/BSP/Components/st7735/st7735.o
LOAD ./Drivers/BSP/Components/st7789h2/st7789h2.o
LOAD ./Drivers/BSP/Components/stmpe1600/stmpe1600.o
LOAD ./Drivers/BSP/Components/stmpe811/stmpe811.o
LOAD ./Drivers/BSP/Components/ts3510/ts3510.o
LOAD ./Drivers/BSP/Components/wm8994/wm8994.o
LOAD ./Drivers/BSP/STM32F4-Discovery/stm32f4_discovery.o
LOAD ./Drivers/BSP/STM32F4-Discovery/stm32f4_discovery_accelerometer.o
LOAD ./Drivers/BSP/STM32F4-Discovery/stm32f4_discovery_audio.o
LOAD ./Drivers/STM32F4xx_HAL_Driver/Src/stm32f4xx_hal.o
LOAD ./Drivers/STM32F4xx_HAL_Driver/Src/stm32f4xx_hal_cortex.o
LOAD ./Drivers/STM32F4xx_HAL_Driver/Src/stm32f4xx_hal_dma.o
LOAD ./Drivers/STM32F4xx_HAL_Driver/Src/stm32f4xx_hal_dma_ex.o
LOAD ./Drivers/STM32F4xx_HAL_Driver/Src/stm32f4xx_hal_exti.o
LOAD ./Drivers/STM32F4xx_HAL_Driver/Src/stm32f4xx_hal_flash.o
LOAD ./Drivers/STM32F4xx_HAL_Driver/Src/stm32f4xx_hal_flash_ex.o
LOAD ./Drivers/STM32F4xx_HAL_Driver/Src/stm32f4xx_hal_flash_ramfunc.o
LOAD ./Drivers/STM32F4xx_HAL_Driver/Src/stm32f4xx_hal_gpio.o
LOAD ./Drivers/STM32F4xx_HAL_Driver/Src/stm32f4xx_hal_i2c.o
LOAD ./Drivers/STM32F4xx_HAL_Driver/Src/stm32f4xx_hal_i2c_ex.o
LOAD ./Drivers/STM32F4xx_HAL_Driver/Src/stm32f4xx_hal_i2s.o
LOAD ./Drivers/STM32F4xx_HAL_Driver/Src/stm32f4xx_hal_i2s_ex.o
LOAD ./Drivers/STM32F4xx_HAL_Driver/Src/stm32f4xx_hal_pwr.o
LOAD ./Drivers/STM32F4xx_HAL_Driver/Src/stm32f4xx_hal_pwr_ex.o
LOAD ./Drivers/STM32F4xx_HAL_Driver/Src/stm32f4xx_hal_rcc.o
LOAD ./Drivers/STM32F4xx_HAL_Driver/Src/stm32f4xx_hal_rcc_ex.o
LOAD ./Drivers/STM32F4xx_HAL_Driver/Src/stm32f4xx_hal_tim.o
LOAD ./Drivers/STM32F4xx_HAL_Driver/Src/stm32f4xx_hal_tim_ex.o
LOAD ./Libraries/Src/Note.o
LOAD ./Middlewares/Third_Party/FreeRTOS/Source/CMSIS_RTOS_V2/cmsis_os2.o
LOAD ./Middlewares/Third_Party/FreeRTOS/Source/croutine.o
LOAD ./Middlewares/Third_Party/FreeRTOS/Source/event_groups.o
LOAD ./Middlewares/Third_Party/FreeRTOS/Source/list.o
LOAD ./Middlewares/Third_Party/FreeRTOS/Source/queue.o
LOAD ./Middlewares/Third_Party/FreeRTOS/Source/stream_buffer.o
LOAD ./Middlewares/Third_Party/FreeRTOS/Source/tasks.o
LOAD ./Middlewares/Third_Party/FreeRTOS/Source/timers.o
LOAD ./Middlewares/Third_Party/FreeRTOS/Source/portable/GCC/ARM_CM4F/port.o
LOAD ./Middlewares/Third_Party/FreeRTOS/Source/portable/MemMang/heap_4.o
START GROUP
LOAD /opt/st/stm32cubeide_1.7.0/plugins/com.st.stm32cube.ide.mcu.externaltools.gnu-tools-for-stm32.9-2020-q2-update.linux64_2.0.0.202105311346/tools/bin/../lib/gcc/arm-none-eabi/9.3.1/../../../../arm-none-eabi/lib/thumb/v7e-m+fp/hard/libstdc++_nano.a
LOAD /opt/st/stm32cubeide_1.7.0/plugins/com.st.stm32cube.ide.mcu.externaltools.gnu-tools-for-stm32.9-2020-q2-update.linux64_2.0.0.202105311346/tools/bin/../lib/gcc/arm-none-eabi/9.3.1/../../../../arm-none-eabi/lib/thumb/v7e-m+fp/hard/libsupc++_nano.a
END GROUP
LOAD /opt/st/stm32cubeide_1.7.0/plugins/com.st.stm32cube.ide.mcu.externaltools.gnu-tools-for-stm32.9-2020-q2-update.linux64_2.0.0.202105311346/tools/bin/../lib/gcc/arm-none-eabi/9.3.1/../../../../arm-none-eabi/lib/thumb/v7e-m+fp/hard/libstdc++_nano.a
LOAD /opt/st/stm32cubeide_1.7.0/plugins/com.st.stm32cube.ide.mcu.externaltools.gnu-tools-for-stm32.9-2020-q2-update.linux64_2.0.0.202105311346/tools/bin/../lib/gcc/arm-none-eabi/9.3.1/../../../../arm-none-eabi/lib/thumb/v7e-m+fp/hard/libm.a
LOAD /opt/st/stm32cubeide_1.7.0/plugins/com.st.stm32cube.ide.mcu.externaltools.gnu-tools-for-stm32.9-2020-q2-update.linux64_2.0.0.202105311346/tools/bin/../lib/gcc/arm-none-eabi/9.3.1/../../../../arm-none-eabi/lib/thumb/v7e-m+fp/hard/libc_nano.a
START GROUP
LOAD /opt/st/stm32cubeide_1.7.0/plugins/com.st.stm32cube.ide.mcu.externaltools.gnu-tools-for-stm32.9-2020-q2-update.linux64_2.0.0.202105311346/tools/bin/../lib/gcc/arm-none-eabi/9.3.1/thumb/v7e-m+fp/hard/libgcc.a
LOAD /opt/st/stm32cubeide_1.7.0/plugins/com.st.stm32cube.ide.mcu.externaltools.gnu-tools-for-stm32.9-2020-q2-update.linux64_2.0.0.202105311346/tools/bin/../lib/gcc/arm-none-eabi/9.3.1/../../../../arm-none-eabi/lib/thumb/v7e-m+fp/hard/libc_nano.a
END GROUP
START GROUP
LOAD /opt/st/stm32cubeide_1.7.0/plugins/com.st.stm32cube.ide.mcu.externaltools.gnu-tools-for-stm32.9-2020-q2-update.linux64_2.0.0.202105311346/tools/bin/../lib/gcc/arm-none-eabi/9.3.1/thumb/v7e-m+fp/hard/libgcc.a
LOAD /opt/st/stm32cubeide_1.7.0/plugins/com.st.stm32cube.ide.mcu.externaltools.gnu-tools-for-stm32.9-2020-q2-update.linux64_2.0.0.202105311346/tools/bin/../lib/gcc/arm-none-eabi/9.3.1/../../../../arm-none-eabi/lib/thumb/v7e-m+fp/hard/libc_nano.a
LOAD /opt/st/stm32cubeide_1.7.0/plugins/com.st.stm32cube.ide.mcu.externaltools.gnu-tools-for-stm32.9-2020-q2-update.linux64_2.0.0.202105311346/tools/bin/../lib/gcc/arm-none-eabi/9.3.1/../../../../arm-none-eabi/lib/thumb/v7e-m+fp/hard/libnosys.a
END GROUP
START GROUP
LOAD /opt/st/stm32cubeide_1.7.0/plugins/com.st.stm32cube.ide.mcu.externaltools.gnu-tools-for-stm32.9-2020-q2-update.linux64_2.0.0.202105311346/tools/bin/../lib/gcc/arm-none-eabi/9.3.1/thumb/v7e-m+fp/hard/libgcc.a
LOAD /opt/st/stm32cubeide_1.7.0/plugins/com.st.stm32cube.ide.mcu.externaltools.gnu-tools-for-stm32.9-2020-q2-update.linux64_2.0.0.202105311346/tools/bin/../lib/gcc/arm-none-eabi/9.3.1/../../../../arm-none-eabi/lib/thumb/v7e-m+fp/hard/libc_nano.a
LOAD /opt/st/stm32cubeide_1.7.0/plugins/com.st.stm32cube.ide.mcu.externaltools.gnu-tools-for-stm32.9-2020-q2-update.linux64_2.0.0.202105311346/tools/bin/../lib/gcc/arm-none-eabi/9.3.1/../../../../arm-none-eabi/lib/thumb/v7e-m+fp/hard/libnosys.a
END GROUP
LOAD /opt/st/stm32cubeide_1.7.0/plugins/com.st.stm32cube.ide.mcu.externaltools.gnu-tools-for-stm32.9-2020-q2-update.linux64_2.0.0.202105311346/tools/bin/../lib/gcc/arm-none-eabi/9.3.1/thumb/v7e-m+fp/hard/crtend.o
LOAD /opt/st/stm32cubeide_1.7.0/plugins/com.st.stm32cube.ide.mcu.externaltools.gnu-tools-for-stm32.9-2020-q2-update.linux64_2.0.0.202105311346/tools/bin/../lib/gcc/arm-none-eabi/9.3.1/thumb/v7e-m+fp/hard/crtn.o
                0x0000000020020000                _estack = (ORIGIN (RAM) + LENGTH (RAM))
                0x0000000000000200                _Min_Heap_Size = 0x200
                0x0000000000000400                _Min_Stack_Size = 0x400

.isr_vector     0x0000000008000000      0x188
                0x0000000008000000                . = ALIGN (0x4)
 *(.isr_vector)
 .isr_vector    0x0000000008000000      0x188 ./Core/Startup/startup_stm32f407vgtx.o
                0x0000000008000000                g_pfnVectors
                0x0000000008000188                . = ALIGN (0x4)

.text           0x0000000008000190     0x9e6c
                0x0000000008000190                . = ALIGN (0x4)
 *(.text)
 .text          0x0000000008000190       0x40 /opt/st/stm32cubeide_1.7.0/plugins/com.st.stm32cube.ide.mcu.externaltools.gnu-tools-for-stm32.9-2020-q2-update.linux64_2.0.0.202105311346/tools/bin/../lib/gcc/arm-none-eabi/9.3.1/thumb/v7e-m+fp/hard/crtbegin.o
 .text          0x00000000080001d0       0xa0 /opt/st/stm32cubeide_1.7.0/plugins/com.st.stm32cube.ide.mcu.externaltools.gnu-tools-for-stm32.9-2020-q2-update.linux64_2.0.0.202105311346/tools/bin/../lib/gcc/arm-none-eabi/9.3.1/../../../../arm-none-eabi/lib/thumb/v7e-m+fp/hard/libc_nano.a(lib_a-memchr.o)
                0x00000000080001d0                memchr
 .text          0x0000000008000270      0x378 /opt/st/stm32cubeide_1.7.0/plugins/com.st.stm32cube.ide.mcu.externaltools.gnu-tools-for-stm32.9-2020-q2-update.linux64_2.0.0.202105311346/tools/bin/../lib/gcc/arm-none-eabi/9.3.1/thumb/v7e-m+fp/hard/libgcc.a(_arm_addsubdf3.o)
                0x0000000008000270                __aeabi_drsub
                0x0000000008000278                __aeabi_dsub
                0x0000000008000278                __subdf3
                0x000000000800027c                __adddf3
                0x000000000800027c                __aeabi_dadd
                0x00000000080004f4                __aeabi_ui2d
                0x00000000080004f4                __floatunsidf
                0x0000000008000514                __floatsidf
                0x0000000008000514                __aeabi_i2d
                0x0000000008000538                __extendsfdf2
                0x0000000008000538                __aeabi_f2d
                0x000000000800057c                __aeabi_ul2d
                0x000000000800057c                __floatundidf
                0x000000000800058c                __floatdidf
                0x000000000800058c                __aeabi_l2d
 .text          0x00000000080005e8       0x40 /opt/st/stm32cubeide_1.7.0/plugins/com.st.stm32cube.ide.mcu.externaltools.gnu-tools-for-stm32.9-2020-q2-update.linux64_2.0.0.202105311346/tools/bin/../lib/gcc/arm-none-eabi/9.3.1/thumb/v7e-m+fp/hard/libgcc.a(_arm_fixunsdfsi.o)
                0x00000000080005e8                __fixunsdfsi
                0x00000000080005e8                __aeabi_d2uiz
 .text          0x0000000008000628       0x30 /opt/st/stm32cubeide_1.7.0/plugins/com.st.stm32cube.ide.mcu.externaltools.gnu-tools-for-stm32.9-2020-q2-update.linux64_2.0.0.202105311346/tools/bin/../lib/gcc/arm-none-eabi/9.3.1/thumb/v7e-m+fp/hard/libgcc.a(_aeabi_uldivmod.o)
                0x0000000008000628                __aeabi_uldivmod
 .text          0x0000000008000658      0x2c4 /opt/st/stm32cubeide_1.7.0/plugins/com.st.stm32cube.ide.mcu.externaltools.gnu-tools-for-stm32.9-2020-q2-update.linux64_2.0.0.202105311346/tools/bin/../lib/gcc/arm-none-eabi/9.3.1/thumb/v7e-m+fp/hard/libgcc.a(_udivmoddi4.o)
                0x0000000008000658                __udivmoddi4
 .text          0x000000000800091c        0x4 /opt/st/stm32cubeide_1.7.0/plugins/com.st.stm32cube.ide.mcu.externaltools.gnu-tools-for-stm32.9-2020-q2-update.linux64_2.0.0.202105311346/tools/bin/../lib/gcc/arm-none-eabi/9.3.1/thumb/v7e-m+fp/hard/libgcc.a(_dvmd_tls.o)
                0x000000000800091c                __aeabi_ldiv0
                0x000000000800091c                __aeabi_idiv0
 *(.text*)
 .text.MX_DMA_Init
                0x0000000008000920       0x40 ./Core/Src/dma.o
                0x0000000008000920                MX_DMA_Init
 .text._Z16MX_FREERTOS_Initv
                0x0000000008000960       0x24 ./Core/Src/freertos.o
                0x0000000008000960                MX_FREERTOS_Init()
 .text._Z16StartDefaultTaskPv
                0x0000000008000984       0x80 ./Core/Src/freertos.o
                0x0000000008000984                StartDefaultTask(void*)
 .text.BSP_AUDIO_OUT_HalfTransfer_CallBack
                0x0000000008000a04        0xe ./Core/Src/freertos.o
                0x0000000008000a04                BSP_AUDIO_OUT_HalfTransfer_CallBack
 *fill*         0x0000000008000a12        0x2 
 .text.BSP_AUDIO_OUT_TransferComplete_CallBack
                0x0000000008000a14       0x1c ./Core/Src/freertos.o
                0x0000000008000a14                BSP_AUDIO_OUT_TransferComplete_CallBack
 .text._Z10fillBufferh
                0x0000000008000a30      0x1c8 ./Core/Src/freertos.o
                0x0000000008000a30                fillBuffer(unsigned char)
 .text.MX_GPIO_Init
                0x0000000008000bf8      0x258 ./Core/Src/gpio.o
                0x0000000008000bf8                MX_GPIO_Init
 .text.MX_I2C1_Init
                0x0000000008000e50       0x5c ./Core/Src/i2c.o
                0x0000000008000e50                MX_I2C1_Init
 .text.HAL_I2C_MspInit
                0x0000000008000eac       0x90 ./Core/Src/i2c.o
                0x0000000008000eac                HAL_I2C_MspInit
 .text.HAL_I2C_MspDeInit
                0x0000000008000f3c       0x44 ./Core/Src/i2c.o
                0x0000000008000f3c                HAL_I2C_MspDeInit
 .text.MX_I2S3_Init
                0x0000000008000f80       0x60 ./Core/Src/i2s.o
                0x0000000008000f80                MX_I2S3_Init
 .text.HAL_I2S_MspInit
                0x0000000008000fe0      0x168 ./Core/Src/i2s.o
                0x0000000008000fe0                HAL_I2S_MspInit
 .text.main     0x0000000008001148       0x30 ./Core/Src/main.o
                0x0000000008001148                main
 .text._Z18SystemClock_Configv
                0x0000000008001178       0xe8 ./Core/Src/main.o
                0x0000000008001178                SystemClock_Config()
 .text.HAL_TIM_PeriodElapsedCallback
                0x0000000008001260       0x24 ./Core/Src/main.o
                0x0000000008001260                HAL_TIM_PeriodElapsedCallback
 .text.Error_Handler
                0x0000000008001284        0xa ./Core/Src/main.o
                0x0000000008001284                Error_Handler
 *fill*         0x000000000800128e        0x2 
 .text.HAL_MspInit
                0x0000000008001290       0x58 ./Core/Src/stm32f4xx_hal_msp.o
                0x0000000008001290                HAL_MspInit
 .text.HAL_InitTick
                0x00000000080012e8       0xb4 ./Core/Src/stm32f4xx_hal_timebase_tim.o
                0x00000000080012e8                HAL_InitTick
 .text.NMI_Handler
                0x000000000800139c        0x6 ./Core/Src/stm32f4xx_it.o
                0x000000000800139c                NMI_Handler
 .text.HardFault_Handler
                0x00000000080013a2        0x6 ./Core/Src/stm32f4xx_it.o
                0x00000000080013a2                HardFault_Handler
 .text.MemManage_Handler
                0x00000000080013a8        0x6 ./Core/Src/stm32f4xx_it.o
                0x00000000080013a8                MemManage_Handler
 .text.BusFault_Handler
                0x00000000080013ae        0x6 ./Core/Src/stm32f4xx_it.o
                0x00000000080013ae                BusFault_Handler
 .text.UsageFault_Handler
                0x00000000080013b4        0x6 ./Core/Src/stm32f4xx_it.o
                0x00000000080013b4                UsageFault_Handler
 .text.DebugMon_Handler
                0x00000000080013ba        0xe ./Core/Src/stm32f4xx_it.o
                0x00000000080013ba                DebugMon_Handler
 .text.DMA1_Stream5_IRQHandler
                0x00000000080013c8       0x14 ./Core/Src/stm32f4xx_it.o
                0x00000000080013c8                DMA1_Stream5_IRQHandler
 .text.TIM8_TRG_COM_TIM14_IRQHandler
                0x00000000080013dc       0x14 ./Core/Src/stm32f4xx_it.o
                0x00000000080013dc                TIM8_TRG_COM_TIM14_IRQHandler
 .text._getpid  0x00000000080013f0       0x10 ./Core/Src/syscalls.o
                0x00000000080013f0                _getpid
 .text._kill    0x0000000008001400       0x20 ./Core/Src/syscalls.o
                0x0000000008001400                _kill
 .text._exit    0x0000000008001420       0x14 ./Core/Src/syscalls.o
                0x0000000008001420                _exit
 .text._read    0x0000000008001434       0x3a ./Core/Src/syscalls.o
                0x0000000008001434                _read
 .text._write   0x000000000800146e       0x38 ./Core/Src/syscalls.o
                0x000000000800146e                _write
 .text._close   0x00000000080014a6       0x18 ./Core/Src/syscalls.o
                0x00000000080014a6                _close
 .text._fstat   0x00000000080014be       0x20 ./Core/Src/syscalls.o
                0x00000000080014be                _fstat
 .text._isatty  0x00000000080014de       0x16 ./Core/Src/syscalls.o
                0x00000000080014de                _isatty
 .text._lseek   0x00000000080014f4       0x1a ./Core/Src/syscalls.o
                0x00000000080014f4                _lseek
 *fill*         0x000000000800150e        0x2 
 .text._sbrk    0x0000000008001510       0x6c ./Core/Src/sysmem.o
                0x0000000008001510                _sbrk
 .text.SystemInit
                0x000000000800157c       0x24 ./Core/Src/system_stm32f4xx.o
                0x000000000800157c                SystemInit
 .text.Reset_Handler
                0x00000000080015a0       0x50 ./Core/Startup/startup_stm32f407vgtx.o
                0x00000000080015a0                Reset_Handler
 .text.Default_Handler
                0x00000000080015f0        0x2 ./Core/Startup/startup_stm32f407vgtx.o
                0x00000000080015f0                RTC_Alarm_IRQHandler
                0x00000000080015f0                HASH_RNG_IRQHandler
                0x00000000080015f0                EXTI2_IRQHandler
                0x00000000080015f0                TIM8_CC_IRQHandler
                0x00000000080015f0                TIM1_CC_IRQHandler
                0x00000000080015f0                DMA2_Stream5_IRQHandler
                0x00000000080015f0                PVD_IRQHandler
                0x00000000080015f0                SDIO_IRQHandler
                0x00000000080015f0                TAMP_STAMP_IRQHandler
                0x00000000080015f0                CAN2_RX1_IRQHandler
                0x00000000080015f0                EXTI3_IRQHandler
                0x00000000080015f0                TIM1_UP_TIM10_IRQHandler
                0x00000000080015f0                TIM8_UP_TIM13_IRQHandler
                0x00000000080015f0                I2C3_ER_IRQHandler
                0x00000000080015f0                EXTI0_IRQHandler
                0x00000000080015f0                I2C2_EV_IRQHandler
                0x00000000080015f0                DMA1_Stream2_IRQHandler
                0x00000000080015f0                CAN1_RX0_IRQHandler
                0x00000000080015f0                FPU_IRQHandler
                0x00000000080015f0                OTG_HS_WKUP_IRQHandler
                0x00000000080015f0                CAN2_SCE_IRQHandler
                0x00000000080015f0                DMA2_Stream2_IRQHandler
                0x00000000080015f0                SPI1_IRQHandler
                0x00000000080015f0                TIM6_DAC_IRQHandler
                0x00000000080015f0                TIM1_BRK_TIM9_IRQHandler
                0x00000000080015f0                DCMI_IRQHandler
                0x00000000080015f0                CAN2_RX0_IRQHandler
                0x00000000080015f0                DMA2_Stream3_IRQHandler
                0x00000000080015f0                USART6_IRQHandler
                0x00000000080015f0                USART3_IRQHandler
                0x00000000080015f0                CAN1_RX1_IRQHandler
                0x00000000080015f0                UART5_IRQHandler
                0x00000000080015f0                DMA2_Stream0_IRQHandler
                0x00000000080015f0                TIM4_IRQHandler
                0x00000000080015f0                I2C1_EV_IRQHandler
                0x00000000080015f0                DMA1_Stream6_IRQHandler
                0x00000000080015f0                DMA1_Stream1_IRQHandler
                0x00000000080015f0                UART4_IRQHandler
                0x00000000080015f0                TIM3_IRQHandler
                0x00000000080015f0                RCC_IRQHandler
                0x00000000080015f0                TIM8_BRK_TIM12_IRQHandler
                0x00000000080015f0                Default_Handler
                0x00000000080015f0                EXTI15_10_IRQHandler
                0x00000000080015f0                ADC_IRQHandler
                0x00000000080015f0                DMA1_Stream7_IRQHandler
                0x00000000080015f0                TIM7_IRQHandler
                0x00000000080015f0                CAN2_TX_IRQHandler
                0x00000000080015f0                TIM5_IRQHandler
                0x00000000080015f0                DMA2_Stream7_IRQHandler
                0x00000000080015f0                I2C3_EV_IRQHandler
                0x00000000080015f0                EXTI9_5_IRQHandler
                0x00000000080015f0                RTC_WKUP_IRQHandler
                0x00000000080015f0                ETH_WKUP_IRQHandler
                0x00000000080015f0                SPI2_IRQHandler
                0x00000000080015f0                OTG_HS_EP1_IN_IRQHandler
                0x00000000080015f0                DMA1_Stream0_IRQHandler
                0x00000000080015f0                CAN1_TX_IRQHandler
                0x00000000080015f0                EXTI4_IRQHandler
                0x00000000080015f0                FSMC_IRQHandler
                0x00000000080015f0                ETH_IRQHandler
                0x00000000080015f0                OTG_HS_EP1_OUT_IRQHandler
                0x00000000080015f0                WWDG_IRQHandler
                0x00000000080015f0                TIM2_IRQHandler
                0x00000000080015f0                OTG_FS_WKUP_IRQHandler
                0x00000000080015f0                TIM1_TRG_COM_TIM11_IRQHandler
                0x00000000080015f0                OTG_HS_IRQHandler
                0x00000000080015f0                EXTI1_IRQHandler
                0x00000000080015f0                USART2_IRQHandler
                0x00000000080015f0                I2C2_ER_IRQHandler
                0x00000000080015f0                DMA2_Stream1_IRQHandler
                0x00000000080015f0                CAN1_SCE_IRQHandler
                0x00000000080015f0                FLASH_IRQHandler
                0x00000000080015f0                DMA2_Stream4_IRQHandler
                0x00000000080015f0                USART1_IRQHandler
                0x00000000080015f0                OTG_FS_IRQHandler
                0x00000000080015f0                SPI3_IRQHandler
                0x00000000080015f0                DMA1_Stream4_IRQHandler
                0x00000000080015f0                I2C1_ER_IRQHandler
                0x00000000080015f0                DMA2_Stream6_IRQHandler
                0x00000000080015f0                DMA1_Stream3_IRQHandler
 .text.stm32_lock_init
                0x00000000080015f2       0x42 ./Core/ThreadSafe/newlib_lock_glue.o
 .text.stm32_lock_acquire
                0x0000000008001634       0x60 ./Core/ThreadSafe/newlib_lock_glue.o
 .text.stm32_lock_release
                0x0000000008001694       0x54 ./Core/ThreadSafe/newlib_lock_glue.o
 .text.__retarget_lock_init_recursive
                0x00000000080016e8       0x4c ./Core/ThreadSafe/newlib_lock_glue.o
                0x00000000080016e8                __retarget_lock_init_recursive
 .text.__retarget_lock_acquire_recursive
                0x0000000008001734       0x28 ./Core/ThreadSafe/newlib_lock_glue.o
                0x0000000008001734                __retarget_lock_acquire_recursive
 .text.__retarget_lock_release_recursive
                0x000000000800175c       0x28 ./Core/ThreadSafe/newlib_lock_glue.o
                0x000000000800175c                __retarget_lock_release_recursive
 .text.cs43l22_Init
                0x0000000008001784      0x1c8 ./Drivers/BSP/Components/cs43l22/cs43l22.o
                0x0000000008001784                cs43l22_Init
 .text.cs43l22_DeInit
                0x000000000800194c        0xc ./Drivers/BSP/Components/cs43l22/cs43l22.o
                0x000000000800194c                cs43l22_DeInit
 .text.cs43l22_ReadID
                0x0000000008001958       0x30 ./Drivers/BSP/Components/cs43l22/cs43l22.o
                0x0000000008001958                cs43l22_ReadID
 .text.cs43l22_Play
                0x0000000008001988       0x74 ./Drivers/BSP/Components/cs43l22/cs43l22.o
                0x0000000008001988                cs43l22_Play
 .text.cs43l22_Pause
                0x00000000080019fc       0x42 ./Drivers/BSP/Components/cs43l22/cs43l22.o
                0x00000000080019fc                cs43l22_Pause
 *fill*         0x0000000008001a3e        0x2 
 .text.cs43l22_Resume
                0x0000000008001a40       0x78 ./Drivers/BSP/Components/cs43l22/cs43l22.o
                0x0000000008001a40                cs43l22_Resume
 .text.cs43l22_Stop
                0x0000000008001ab8       0x68 ./Drivers/BSP/Components/cs43l22/cs43l22.o
                0x0000000008001ab8                cs43l22_Stop
 .text.cs43l22_SetVolume
                0x0000000008001b20       0xbc ./Drivers/BSP/Components/cs43l22/cs43l22.o
                0x0000000008001b20                cs43l22_SetVolume
 .text.cs43l22_SetFrequency
                0x0000000008001bdc       0x1a ./Drivers/BSP/Components/cs43l22/cs43l22.o
                0x0000000008001bdc                cs43l22_SetFrequency
 *fill*         0x0000000008001bf6        0x2 
 .text.cs43l22_SetMute
                0x0000000008001bf8       0xbc ./Drivers/BSP/Components/cs43l22/cs43l22.o
                0x0000000008001bf8                cs43l22_SetMute
 .text.cs43l22_SetOutputMode
                0x0000000008001cb4       0xe4 ./Drivers/BSP/Components/cs43l22/cs43l22.o
                0x0000000008001cb4                cs43l22_SetOutputMode
 .text.cs43l22_Reset
                0x0000000008001d98       0x18 ./Drivers/BSP/Components/cs43l22/cs43l22.o
                0x0000000008001d98                cs43l22_Reset
 .text.CODEC_IO_Write
                0x0000000008001db0       0x2e ./Drivers/BSP/Components/cs43l22/cs43l22.o
 *fill*         0x0000000008001dde        0x2 
 .text.I2Cx_Init
                0x0000000008001de0       0x4c ./Drivers/BSP/STM32F4-Discovery/stm32f4_discovery.o
 .text.I2Cx_WriteData
                0x0000000008001e2c       0x58 ./Drivers/BSP/STM32F4-Discovery/stm32f4_discovery.o
 .text.I2Cx_ReadData
                0x0000000008001e84       0x5c ./Drivers/BSP/STM32F4-Discovery/stm32f4_discovery.o
 .text.I2Cx_Error
                0x0000000008001ee0       0x20 ./Drivers/BSP/STM32F4-Discovery/stm32f4_discovery.o
 .text.I2Cx_MspInit
                0x0000000008001f00       0xa8 ./Drivers/BSP/STM32F4-Discovery/stm32f4_discovery.o
 .text.AUDIO_IO_Init
                0x0000000008001fa8       0x70 ./Drivers/BSP/STM32F4-Discovery/stm32f4_discovery.o
                0x0000000008001fa8                AUDIO_IO_Init
 .text.AUDIO_IO_DeInit
                0x0000000008002018        0xe ./Drivers/BSP/STM32F4-Discovery/stm32f4_discovery.o
                0x0000000008002018                AUDIO_IO_DeInit
 .text.AUDIO_IO_Write
                0x0000000008002026       0x26 ./Drivers/BSP/STM32F4-Discovery/stm32f4_discovery.o
                0x0000000008002026                AUDIO_IO_Write
 .text.AUDIO_IO_Read
                0x000000000800204c       0x26 ./Drivers/BSP/STM32F4-Discovery/stm32f4_discovery.o
                0x000000000800204c                AUDIO_IO_Read
 *fill*         0x0000000008002072        0x2 
 .text.BSP_AUDIO_OUT_Init
                0x0000000008002074       0x9c ./Drivers/BSP/STM32F4-Discovery/stm32f4_discovery_audio.o
                0x0000000008002074                BSP_AUDIO_OUT_Init
 .text.BSP_AUDIO_OUT_Play
                0x0000000008002110       0x54 ./Drivers/BSP/STM32F4-Discovery/stm32f4_discovery_audio.o
                0x0000000008002110                BSP_AUDIO_OUT_Play
 .text.BSP_AUDIO_OUT_ChangeBuffer
                0x0000000008002164       0x24 ./Drivers/BSP/STM32F4-Discovery/stm32f4_discovery_audio.o
                0x0000000008002164                BSP_AUDIO_OUT_ChangeBuffer
 .text.HAL_I2S_TxCpltCallback
                0x0000000008002188       0x24 ./Drivers/BSP/STM32F4-Discovery/stm32f4_discovery_audio.o
                0x0000000008002188                HAL_I2S_TxCpltCallback
 .text.HAL_I2S_TxHalfCpltCallback
                0x00000000080021ac       0x24 ./Drivers/BSP/STM32F4-Discovery/stm32f4_discovery_audio.o
                0x00000000080021ac                HAL_I2S_TxHalfCpltCallback
 .text.BSP_AUDIO_OUT_ClockConfig
                0x00000000080021d0       0xb4 ./Drivers/BSP/STM32F4-Discovery/stm32f4_discovery_audio.o
                0x00000000080021d0                BSP_AUDIO_OUT_ClockConfig
 .text.BSP_AUDIO_OUT_MspInit
                0x0000000008002284      0x180 ./Drivers/BSP/STM32F4-Discovery/stm32f4_discovery_audio.o
                0x0000000008002284                BSP_AUDIO_OUT_MspInit
 .text.BSP_AUDIO_OUT_Error_CallBack
                0x0000000008002404        0xe ./Drivers/BSP/STM32F4-Discovery/stm32f4_discovery_audio.o
                0x0000000008002404                BSP_AUDIO_OUT_Error_CallBack
 *fill*         0x0000000008002412        0x2 
 .text.I2S3_Init
                0x0000000008002414       0x70 ./Drivers/BSP/STM32F4-Discovery/stm32f4_discovery_audio.o
 .text.HAL_I2S_RxCpltCallback
                0x0000000008002484       0x14 ./Drivers/BSP/STM32F4-Discovery/stm32f4_discovery_audio.o
                0x0000000008002484                HAL_I2S_RxCpltCallback
 .text.BSP_AUDIO_IN_TransferComplete_CallBack
                0x0000000008002498        0xe ./Drivers/BSP/STM32F4-Discovery/stm32f4_discovery_audio.o
                0x0000000008002498                BSP_AUDIO_IN_TransferComplete_CallBack
 .text.BSP_AUDIO_IN_Error_Callback
                0x00000000080024a6        0xe ./Drivers/BSP/STM32F4-Discovery/stm32f4_discovery_audio.o
                0x00000000080024a6                BSP_AUDIO_IN_Error_Callback
 .text.HAL_I2S_ErrorCallback
                0x00000000080024b4       0x34 ./Drivers/BSP/STM32F4-Discovery/stm32f4_discovery_audio.o
                0x00000000080024b4                HAL_I2S_ErrorCallback
 .text.HAL_Init
                0x00000000080024e8       0x44 ./Drivers/STM32F4xx_HAL_Driver/Src/stm32f4xx_hal.o
                0x00000000080024e8                HAL_Init
 .text.HAL_IncTick
                0x000000000800252c       0x28 ./Drivers/STM32F4xx_HAL_Driver/Src/stm32f4xx_hal.o
                0x000000000800252c                HAL_IncTick
 .text.HAL_GetTick
                0x0000000008002554       0x18 ./Drivers/STM32F4xx_HAL_Driver/Src/stm32f4xx_hal.o
                0x0000000008002554                HAL_GetTick
 .text.HAL_Delay
                0x000000000800256c       0x48 ./Drivers/STM32F4xx_HAL_Driver/Src/stm32f4xx_hal.o
                0x000000000800256c                HAL_Delay
 .text.__NVIC_SetPriorityGrouping
                0x00000000080025b4       0x48 ./Drivers/STM32F4xx_HAL_Driver/Src/stm32f4xx_hal_cortex.o
 .text.__NVIC_GetPriorityGrouping
                0x00000000080025fc       0x1c ./Drivers/STM32F4xx_HAL_Driver/Src/stm32f4xx_hal_cortex.o
 .text.__NVIC_EnableIRQ
                0x0000000008002618       0x3c ./Drivers/STM32F4xx_HAL_Driver/Src/stm32f4xx_hal_cortex.o
 .text.__NVIC_SetPriority
                0x0000000008002654       0x54 ./Drivers/STM32F4xx_HAL_Driver/Src/stm32f4xx_hal_cortex.o
 .text.NVIC_EncodePriority
                0x00000000080026a8       0x66 ./Drivers/STM32F4xx_HAL_Driver/Src/stm32f4xx_hal_cortex.o
 .text.HAL_NVIC_SetPriorityGrouping
                0x000000000800270e       0x16 ./Drivers/STM32F4xx_HAL_Driver/Src/stm32f4xx_hal_cortex.o
                0x000000000800270e                HAL_NVIC_SetPriorityGrouping
 .text.HAL_NVIC_SetPriority
                0x0000000008002724       0x38 ./Drivers/STM32F4xx_HAL_Driver/Src/stm32f4xx_hal_cortex.o
                0x0000000008002724                HAL_NVIC_SetPriority
 .text.HAL_NVIC_EnableIRQ
                0x000000000800275c       0x1c ./Drivers/STM32F4xx_HAL_Driver/Src/stm32f4xx_hal_cortex.o
                0x000000000800275c                HAL_NVIC_EnableIRQ
 .text.HAL_DMA_Init
                0x0000000008002778      0x15c ./Drivers/STM32F4xx_HAL_Driver/Src/stm32f4xx_hal_dma.o
                0x0000000008002778                HAL_DMA_Init
 .text.HAL_DMA_DeInit
                0x00000000080028d4       0xbc ./Drivers/STM32F4xx_HAL_Driver/Src/stm32f4xx_hal_dma.o
                0x00000000080028d4                HAL_DMA_DeInit
 .text.HAL_DMA_Start_IT
                0x0000000008002990       0xb0 ./Drivers/STM32F4xx_HAL_Driver/Src/stm32f4xx_hal_dma.o
                0x0000000008002990                HAL_DMA_Start_IT
 .text.HAL_DMA_IRQHandler
                0x0000000008002a40      0x314 ./Drivers/STM32F4xx_HAL_Driver/Src/stm32f4xx_hal_dma.o
                0x0000000008002a40                HAL_DMA_IRQHandler
 .text.DMA_SetConfig
                0x0000000008002d54       0x5c ./Drivers/STM32F4xx_HAL_Driver/Src/stm32f4xx_hal_dma.o
 .text.DMA_CalcBaseAndBitshift
                0x0000000008002db0       0x6c ./Drivers/STM32F4xx_HAL_Driver/Src/stm32f4xx_hal_dma.o
 .text.DMA_CheckFifoParam
                0x0000000008002e1c       0xf8 ./Drivers/STM32F4xx_HAL_Driver/Src/stm32f4xx_hal_dma.o
 .text.HAL_GPIO_Init
                0x0000000008002f14      0x338 ./Drivers/STM32F4xx_HAL_Driver/Src/stm32f4xx_hal_gpio.o
                0x0000000008002f14                HAL_GPIO_Init
 .text.HAL_GPIO_DeInit
                0x000000000800324c      0x1f8 ./Drivers/STM32F4xx_HAL_Driver/Src/stm32f4xx_hal_gpio.o
                0x000000000800324c                HAL_GPIO_DeInit
 .text.HAL_GPIO_WritePin
                0x0000000008003444       0x32 ./Drivers/STM32F4xx_HAL_Driver/Src/stm32f4xx_hal_gpio.o
                0x0000000008003444                HAL_GPIO_WritePin
 .text.HAL_GPIO_TogglePin
                0x0000000008003476       0x34 ./Drivers/STM32F4xx_HAL_Driver/Src/stm32f4xx_hal_gpio.o
                0x0000000008003476                HAL_GPIO_TogglePin
 *fill*         0x00000000080034aa        0x2 
 .text.HAL_I2C_Init
                0x00000000080034ac      0x288 ./Drivers/STM32F4xx_HAL_Driver/Src/stm32f4xx_hal_i2c.o
                0x00000000080034ac                HAL_I2C_Init
 .text.HAL_I2C_DeInit
                0x0000000008003734       0x5e ./Drivers/STM32F4xx_HAL_Driver/Src/stm32f4xx_hal_i2c.o
                0x0000000008003734                HAL_I2C_DeInit
 *fill*         0x0000000008003792        0x2 
 .text.HAL_I2C_Mem_Write
                0x0000000008003794      0x1f4 ./Drivers/STM32F4xx_HAL_Driver/Src/stm32f4xx_hal_i2c.o
                0x0000000008003794                HAL_I2C_Mem_Write
 .text.HAL_I2C_Mem_Read
                0x0000000008003988      0x44c ./Drivers/STM32F4xx_HAL_Driver/Src/stm32f4xx_hal_i2c.o
                0x0000000008003988                HAL_I2C_Mem_Read
 .text.HAL_I2C_GetState
                0x0000000008003dd4       0x1c ./Drivers/STM32F4xx_HAL_Driver/Src/stm32f4xx_hal_i2c.o
                0x0000000008003dd4                HAL_I2C_GetState
 .text.I2C_RequestMemoryWrite
                0x0000000008003df0      0x12c ./Drivers/STM32F4xx_HAL_Driver/Src/stm32f4xx_hal_i2c.o
 .text.I2C_RequestMemoryRead
                0x0000000008003f1c      0x1d0 ./Drivers/STM32F4xx_HAL_Driver/Src/stm32f4xx_hal_i2c.o
 .text.I2C_WaitOnFlagUntilTimeout
                0x00000000080040ec       0xae ./Drivers/STM32F4xx_HAL_Driver/Src/stm32f4xx_hal_i2c.o
 .text.I2C_WaitOnMasterAddressFlagUntilTimeout
                0x000000000800419a       0xfe ./Drivers/STM32F4xx_HAL_Driver/Src/stm32f4xx_hal_i2c.o
 .text.I2C_WaitOnTXEFlagUntilTimeout
                0x0000000008004298       0x82 ./Drivers/STM32F4xx_HAL_Driver/Src/stm32f4xx_hal_i2c.o
 .text.I2C_WaitOnBTFFlagUntilTimeout
                0x000000000800431a       0x82 ./Drivers/STM32F4xx_HAL_Driver/Src/stm32f4xx_hal_i2c.o
 .text.I2C_WaitOnRXNEFlagUntilTimeout
                0x000000000800439c       0xac ./Drivers/STM32F4xx_HAL_Driver/Src/stm32f4xx_hal_i2c.o
 .text.I2C_IsAcknowledgeFailed
                0x0000000008004448       0x5e ./Drivers/STM32F4xx_HAL_Driver/Src/stm32f4xx_hal_i2c.o
 *fill*         0x00000000080044a6        0x2 
 .text.HAL_I2S_Init
                0x00000000080044a8      0x280 ./Drivers/STM32F4xx_HAL_Driver/Src/stm32f4xx_hal_i2s.o
                0x00000000080044a8                HAL_I2S_Init
 .text.HAL_I2S_Transmit_DMA
                0x0000000008004728      0x150 ./Drivers/STM32F4xx_HAL_Driver/Src/stm32f4xx_hal_i2s.o
                0x0000000008004728                HAL_I2S_Transmit_DMA
 .text.HAL_I2S_GetState
                0x0000000008004878       0x1c ./Drivers/STM32F4xx_HAL_Driver/Src/stm32f4xx_hal_i2s.o
                0x0000000008004878                HAL_I2S_GetState
 .text.I2S_DMATxCplt
                0x0000000008004894       0x42 ./Drivers/STM32F4xx_HAL_Driver/Src/stm32f4xx_hal_i2s.o
 .text.I2S_DMATxHalfCplt
                0x00000000080048d6       0x1c ./Drivers/STM32F4xx_HAL_Driver/Src/stm32f4xx_hal_i2s.o
 .text.I2S_DMAError
                0x00000000080048f2       0x4c ./Drivers/STM32F4xx_HAL_Driver/Src/stm32f4xx_hal_i2s.o
 .text.I2S_Transmit_IT
                0x000000000800493e       0x5c ./Drivers/STM32F4xx_HAL_Driver/Src/stm32f4xx_hal_i2s.o
 .text.I2S_Receive_IT
                0x000000000800499a       0x5e ./Drivers/STM32F4xx_HAL_Driver/Src/stm32f4xx_hal_i2s.o
 .text.I2S_IRQHandler
                0x00000000080049f8      0x114 ./Drivers/STM32F4xx_HAL_Driver/Src/stm32f4xx_hal_i2s.o
 .text.HAL_I2SEx_FullDuplex_IRQHandler
                0x0000000008004b0c      0x2a8 ./Drivers/STM32F4xx_HAL_Driver/Src/stm32f4xx_hal_i2s_ex.o
                0x0000000008004b0c                HAL_I2SEx_FullDuplex_IRQHandler
 .text.HAL_I2SEx_TxRxCpltCallback
                0x0000000008004db4       0x14 ./Drivers/STM32F4xx_HAL_Driver/Src/stm32f4xx_hal_i2s_ex.o
                0x0000000008004db4                HAL_I2SEx_TxRxCpltCallback
 .text.I2SEx_TxISR_I2S
                0x0000000008004dc8       0x62 ./Drivers/STM32F4xx_HAL_Driver/Src/stm32f4xx_hal_i2s_ex.o
 *fill*         0x0000000008004e2a        0x2 
 .text.I2SEx_TxISR_I2SExt
                0x0000000008004e2c       0x98 ./Drivers/STM32F4xx_HAL_Driver/Src/stm32f4xx_hal_i2s_ex.o
 .text.I2SEx_RxISR_I2S
                0x0000000008004ec4       0x64 ./Drivers/STM32F4xx_HAL_Driver/Src/stm32f4xx_hal_i2s_ex.o
 .text.I2SEx_RxISR_I2SExt
                0x0000000008004f28       0x98 ./Drivers/STM32F4xx_HAL_Driver/Src/stm32f4xx_hal_i2s_ex.o
 .text.HAL_RCC_OscConfig
                0x0000000008004fc0      0x4f0 ./Drivers/STM32F4xx_HAL_Driver/Src/stm32f4xx_hal_rcc.o
                0x0000000008004fc0                HAL_RCC_OscConfig
 .text.HAL_RCC_ClockConfig
                0x00000000080054b0      0x1cc ./Drivers/STM32F4xx_HAL_Driver/Src/stm32f4xx_hal_rcc.o
                0x00000000080054b0                HAL_RCC_ClockConfig
 .text.HAL_RCC_GetSysClockFreq
                0x000000000800567c      0x1c4 ./Drivers/STM32F4xx_HAL_Driver/Src/stm32f4xx_hal_rcc.o
                0x000000000800567c                HAL_RCC_GetSysClockFreq
 .text.HAL_RCC_GetHCLKFreq
                0x0000000008005840       0x18 ./Drivers/STM32F4xx_HAL_Driver/Src/stm32f4xx_hal_rcc.o
                0x0000000008005840                HAL_RCC_GetHCLKFreq
 .text.HAL_RCC_GetPCLK1Freq
                0x0000000008005858       0x28 ./Drivers/STM32F4xx_HAL_Driver/Src/stm32f4xx_hal_rcc.o
                0x0000000008005858                HAL_RCC_GetPCLK1Freq
 .text.HAL_RCC_GetClockConfig
                0x0000000008005880       0x64 ./Drivers/STM32F4xx_HAL_Driver/Src/stm32f4xx_hal_rcc.o
                0x0000000008005880                HAL_RCC_GetClockConfig
 .text.HAL_RCCEx_PeriphCLKConfig
                0x00000000080058e4      0x1c4 ./Drivers/STM32F4xx_HAL_Driver/Src/stm32f4xx_hal_rcc_ex.o
                0x00000000080058e4                HAL_RCCEx_PeriphCLKConfig
 .text.HAL_RCCEx_GetPeriphCLKConfig
                0x0000000008005aa8       0x58 ./Drivers/STM32F4xx_HAL_Driver/Src/stm32f4xx_hal_rcc_ex.o
                0x0000000008005aa8                HAL_RCCEx_GetPeriphCLKConfig
 .text.HAL_RCCEx_GetPeriphCLKFreq
                0x0000000008005b00       0xbc ./Drivers/STM32F4xx_HAL_Driver/Src/stm32f4xx_hal_rcc_ex.o
                0x0000000008005b00                HAL_RCCEx_GetPeriphCLKFreq
 .text.HAL_TIM_Base_Init
                0x0000000008005bbc       0x9e ./Drivers/STM32F4xx_HAL_Driver/Src/stm32f4xx_hal_tim.o
                0x0000000008005bbc                HAL_TIM_Base_Init
 .text.HAL_TIM_Base_MspInit
                0x0000000008005c5a       0x14 ./Drivers/STM32F4xx_HAL_Driver/Src/stm32f4xx_hal_tim.o
                0x0000000008005c5a                HAL_TIM_Base_MspInit
 *fill*         0x0000000008005c6e        0x2 
 .text.HAL_TIM_Base_Start_IT
                0x0000000008005c70       0xe0 ./Drivers/STM32F4xx_HAL_Driver/Src/stm32f4xx_hal_tim.o
                0x0000000008005c70                HAL_TIM_Base_Start_IT
 .text.HAL_TIM_IRQHandler
                0x0000000008005d50      0x210 ./Drivers/STM32F4xx_HAL_Driver/Src/stm32f4xx_hal_tim.o
                0x0000000008005d50                HAL_TIM_IRQHandler
 .text.HAL_TIM_OC_DelayElapsedCallback
                0x0000000008005f60       0x14 ./Drivers/STM32F4xx_HAL_Driver/Src/stm32f4xx_hal_tim.o
                0x0000000008005f60                HAL_TIM_OC_DelayElapsedCallback
 .text.HAL_TIM_IC_CaptureCallback
                0x0000000008005f74       0x14 ./Drivers/STM32F4xx_HAL_Driver/Src/stm32f4xx_hal_tim.o
                0x0000000008005f74                HAL_TIM_IC_CaptureCallback
 .text.HAL_TIM_PWM_PulseFinishedCallback
                0x0000000008005f88       0x14 ./Drivers/STM32F4xx_HAL_Driver/Src/stm32f4xx_hal_tim.o
                0x0000000008005f88                HAL_TIM_PWM_PulseFinishedCallback
 .text.HAL_TIM_TriggerCallback
                0x0000000008005f9c       0x14 ./Drivers/STM32F4xx_HAL_Driver/Src/stm32f4xx_hal_tim.o
                0x0000000008005f9c                HAL_TIM_TriggerCallback
 .text.TIM_Base_SetConfig
                0x0000000008005fb0      0x140 ./Drivers/STM32F4xx_HAL_Driver/Src/stm32f4xx_hal_tim.o
                0x0000000008005fb0                TIM_Base_SetConfig
 .text.HAL_TIMEx_CommutCallback
                0x00000000080060f0       0x14 ./Drivers/STM32F4xx_HAL_Driver/Src/stm32f4xx_hal_tim_ex.o
                0x00000000080060f0                HAL_TIMEx_CommutCallback
 .text.HAL_TIMEx_BreakCallback
                0x0000000008006104       0x14 ./Drivers/STM32F4xx_HAL_Driver/Src/stm32f4xx_hal_tim_ex.o
                0x0000000008006104                HAL_TIMEx_BreakCallback
 .text._ZN4NoteC2Emm
                0x0000000008006118       0x8c ./Libraries/Src/Note.o
                0x0000000008006118                Note::Note(unsigned long, unsigned long)
                0x0000000008006118                Note::Note(unsigned long, unsigned long)
 .text._ZN4NoteD2Ev
                0x00000000080061a4       0x20 ./Libraries/Src/Note.o
                0x00000000080061a4                Note::~Note()
                0x00000000080061a4                Note::~Note()
 .text._ZN4NoteD0Ev
                0x00000000080061c4       0x20 ./Libraries/Src/Note.o
                0x00000000080061c4                Note::~Note()
 .text.__NVIC_SetPriority
                0x00000000080061e4       0x54 ./Middlewares/Third_Party/FreeRTOS/Source/CMSIS_RTOS_V2/cmsis_os2.o
 .text.SysTick_Handler
                0x0000000008006238       0x20 ./Middlewares/Third_Party/FreeRTOS/Source/CMSIS_RTOS_V2/cmsis_os2.o
                0x0000000008006238                SysTick_Handler
 .text.SVC_Setup
                0x0000000008006258       0x12 ./Middlewares/Third_Party/FreeRTOS/Source/CMSIS_RTOS_V2/cmsis_os2.o
 *fill*         0x000000000800626a        0x2 
 .text.osKernelInitialize
                0x000000000800626c       0x48 ./Middlewares/Third_Party/FreeRTOS/Source/CMSIS_RTOS_V2/cmsis_os2.o
                0x000000000800626c                osKernelInitialize
 .text.osKernelStart
                0x00000000080062b4       0x4c ./Middlewares/Third_Party/FreeRTOS/Source/CMSIS_RTOS_V2/cmsis_os2.o
                0x00000000080062b4                osKernelStart
 .text.osThreadNew
                0x0000000008006300      0x124 ./Middlewares/Third_Party/FreeRTOS/Source/CMSIS_RTOS_V2/cmsis_os2.o
                0x0000000008006300                osThreadNew
 .text.osDelay  0x0000000008006424       0x36 ./Middlewares/Third_Party/FreeRTOS/Source/CMSIS_RTOS_V2/cmsis_os2.o
                0x0000000008006424                osDelay
 *fill*         0x000000000800645a        0x2 
 .text.vApplicationGetIdleTaskMemory
                0x000000000800645c       0x34 ./Middlewares/Third_Party/FreeRTOS/Source/CMSIS_RTOS_V2/cmsis_os2.o
                0x000000000800645c                vApplicationGetIdleTaskMemory
 .text.vApplicationGetTimerTaskMemory
                0x0000000008006490       0x34 ./Middlewares/Third_Party/FreeRTOS/Source/CMSIS_RTOS_V2/cmsis_os2.o
                0x0000000008006490                vApplicationGetTimerTaskMemory
 .text.vListInitialise
                0x00000000080064c4       0x40 ./Middlewares/Third_Party/FreeRTOS/Source/list.o
                0x00000000080064c4                vListInitialise
 .text.vListInitialiseItem
                0x0000000008006504       0x1a ./Middlewares/Third_Party/FreeRTOS/Source/list.o
                0x0000000008006504                vListInitialiseItem
 .text.vListInsertEnd
                0x000000000800651e       0x48 ./Middlewares/Third_Party/FreeRTOS/Source/list.o
                0x000000000800651e                vListInsertEnd
 .text.vListInsert
                0x0000000008006566       0x72 ./Middlewares/Third_Party/FreeRTOS/Source/list.o
                0x0000000008006566                vListInsert
 .text.uxListRemove
                0x00000000080065d8       0x54 ./Middlewares/Third_Party/FreeRTOS/Source/list.o
                0x00000000080065d8                uxListRemove
 .text.xQueueGenericReset
                0x000000000800662c       0xd0 ./Middlewares/Third_Party/FreeRTOS/Source/queue.o
                0x000000000800662c                xQueueGenericReset
 .text.xQueueGenericCreateStatic
                0x00000000080066fc       0xf0 ./Middlewares/Third_Party/FreeRTOS/Source/queue.o
                0x00000000080066fc                xQueueGenericCreateStatic
 .text.prvInitialiseNewQueue
                0x00000000080067ec       0x46 ./Middlewares/Third_Party/FreeRTOS/Source/queue.o
 *fill*         0x0000000008006832        0x2 
 .text.xQueueGenericSend
                0x0000000008006834      0x1fc ./Middlewares/Third_Party/FreeRTOS/Source/queue.o
                0x0000000008006834                xQueueGenericSend
 .text.xQueueGenericSendFromISR
                0x0000000008006a30      0x136 ./Middlewares/Third_Party/FreeRTOS/Source/queue.o
                0x0000000008006a30                xQueueGenericSendFromISR
 *fill*         0x0000000008006b66        0x2 
 .text.xQueueReceive
                0x0000000008006b68      0x1c0 ./Middlewares/Third_Party/FreeRTOS/Source/queue.o
                0x0000000008006b68                xQueueReceive
 .text.prvCopyDataToQueue
                0x0000000008006d28       0xd4 ./Middlewares/Third_Party/FreeRTOS/Source/queue.o
 .text.prvCopyDataFromQueue
                0x0000000008006dfc       0x4c ./Middlewares/Third_Party/FreeRTOS/Source/queue.o
 .text.prvUnlockQueue
                0x0000000008006e48       0xa4 ./Middlewares/Third_Party/FreeRTOS/Source/queue.o
 .text.prvIsQueueEmpty
                0x0000000008006eec       0x2c ./Middlewares/Third_Party/FreeRTOS/Source/queue.o
 .text.prvIsQueueFull
                0x0000000008006f18       0x30 ./Middlewares/Third_Party/FreeRTOS/Source/queue.o
 .text.vQueueAddToRegistry
                0x0000000008006f48       0x54 ./Middlewares/Third_Party/FreeRTOS/Source/queue.o
                0x0000000008006f48                vQueueAddToRegistry
 .text.vQueueWaitForMessageRestricted
                0x0000000008006f9c       0x68 ./Middlewares/Third_Party/FreeRTOS/Source/queue.o
                0x0000000008006f9c                vQueueWaitForMessageRestricted
 .text.xTaskCreateStatic
                0x0000000008007004       0xba ./Middlewares/Third_Party/FreeRTOS/Source/tasks.o
                0x0000000008007004                xTaskCreateStatic
 .text.xTaskCreate
                0x00000000080070be       0x8a ./Middlewares/Third_Party/FreeRTOS/Source/tasks.o
                0x00000000080070be                xTaskCreate
 .text.prvInitialiseNewTask
                0x0000000008007148      0x14c ./Middlewares/Third_Party/FreeRTOS/Source/tasks.o
 .text.prvAddNewTaskToReadyList
                0x0000000008007294       0xe0 ./Middlewares/Third_Party/FreeRTOS/Source/tasks.o
 .text.vTaskDelay
                0x0000000008007374       0x68 ./Middlewares/Third_Party/FreeRTOS/Source/tasks.o
                0x0000000008007374                vTaskDelay
 .text.vTaskStartScheduler
                0x00000000080073dc       0xe0 ./Middlewares/Third_Party/FreeRTOS/Source/tasks.o
                0x00000000080073dc                vTaskStartScheduler
 .text.vTaskSuspendAll
                0x00000000080074bc       0x1c ./Middlewares/Third_Party/FreeRTOS/Source/tasks.o
                0x00000000080074bc                vTaskSuspendAll
 .text.xTaskResumeAll
                0x00000000080074d8      0x13c ./Middlewares/Third_Party/FreeRTOS/Source/tasks.o
                0x00000000080074d8                xTaskResumeAll
 .text.xTaskGetTickCount
                0x0000000008007614       0x20 ./Middlewares/Third_Party/FreeRTOS/Source/tasks.o
                0x0000000008007614                xTaskGetTickCount
 .text.xTaskIncrementTick
                0x0000000008007634      0x174 ./Middlewares/Third_Party/FreeRTOS/Source/tasks.o
                0x0000000008007634                xTaskIncrementTick
 .text.vTaskSwitchContext
                0x00000000080077a8       0xc8 ./Middlewares/Third_Party/FreeRTOS/Source/tasks.o
                0x00000000080077a8                vTaskSwitchContext
 .text.vTaskPlaceOnEventList
                0x0000000008007870       0x48 ./Middlewares/Third_Party/FreeRTOS/Source/tasks.o
                0x0000000008007870                vTaskPlaceOnEventList
 .text.vTaskPlaceOnEventListRestricted
                0x00000000080078b8       0x58 ./Middlewares/Third_Party/FreeRTOS/Source/tasks.o
                0x00000000080078b8                vTaskPlaceOnEventListRestricted
 .text.xTaskRemoveFromEventList
                0x0000000008007910       0xc8 ./Middlewares/Third_Party/FreeRTOS/Source/tasks.o
                0x0000000008007910                xTaskRemoveFromEventList
 .text.vTaskInternalSetTimeOutState
                0x00000000080079d8       0x2c ./Middlewares/Third_Party/FreeRTOS/Source/tasks.o
                0x00000000080079d8                vTaskInternalSetTimeOutState
 .text.xTaskCheckForTimeOut
                0x0000000008007a04       0xc4 ./Middlewares/Third_Party/FreeRTOS/Source/tasks.o
                0x0000000008007a04                xTaskCheckForTimeOut
 .text.vTaskMissedYield
                0x0000000008007ac8       0x18 ./Middlewares/Third_Party/FreeRTOS/Source/tasks.o
                0x0000000008007ac8                vTaskMissedYield
 .text.prvIdleTask
                0x0000000008007ae0       0x30 ./Middlewares/Third_Party/FreeRTOS/Source/tasks.o
 .text.prvInitialiseTaskLists
                0x0000000008007b10       0x80 ./Middlewares/Third_Party/FreeRTOS/Source/tasks.o
 .text.prvCheckTasksWaitingTermination
                0x0000000008007b90       0x5c ./Middlewares/Third_Party/FreeRTOS/Source/tasks.o
 .text.prvDeleteTCB
                0x0000000008007bec       0x68 ./Middlewares/Third_Party/FreeRTOS/Source/tasks.o
 .text.prvResetNextTaskUnblockTime
                0x0000000008007c54       0x40 ./Middlewares/Third_Party/FreeRTOS/Source/tasks.o
 .text.xTaskGetSchedulerState
                0x0000000008007c94       0x3c ./Middlewares/Third_Party/FreeRTOS/Source/tasks.o
                0x0000000008007c94                xTaskGetSchedulerState
 .text.xTaskPriorityDisinherit
                0x0000000008007cd0       0xdc ./Middlewares/Third_Party/FreeRTOS/Source/tasks.o
                0x0000000008007cd0                xTaskPriorityDisinherit
 .text.prvAddCurrentTaskToDelayedList
                0x0000000008007dac       0xa8 ./Middlewares/Third_Party/FreeRTOS/Source/tasks.o
 .text.xTimerCreateTimerTask
                0x0000000008007e54       0x90 ./Middlewares/Third_Party/FreeRTOS/Source/timers.o
                0x0000000008007e54                xTimerCreateTimerTask
 .text.xTimerGenericCommand
                0x0000000008007ee4       0x9c ./Middlewares/Third_Party/FreeRTOS/Source/timers.o
                0x0000000008007ee4                xTimerGenericCommand
 .text.prvProcessExpiredTimer
                0x0000000008007f80       0x98 ./Middlewares/Third_Party/FreeRTOS/Source/timers.o
 .text.prvTimerTask
                0x0000000008008018       0x24 ./Middlewares/Third_Party/FreeRTOS/Source/timers.o
 .text.prvProcessTimerOrBlockTask
                0x000000000800803c       0x9c ./Middlewares/Third_Party/FreeRTOS/Source/timers.o
 .text.prvGetNextExpireTime
                0x00000000080080d8       0x48 ./Middlewares/Third_Party/FreeRTOS/Source/timers.o
 .text.prvSampleTimeNow
                0x0000000008008120       0x40 ./Middlewares/Third_Party/FreeRTOS/Source/timers.o
 .text.prvInsertTimerInActiveList
                0x0000000008008160       0x84 ./Middlewares/Third_Party/FreeRTOS/Source/timers.o
 .text.prvProcessReceivedCommands
                0x00000000080081e4      0x1c4 ./Middlewares/Third_Party/FreeRTOS/Source/timers.o
 .text.prvSwitchTimerLists
                0x00000000080083a8       0xc8 ./Middlewares/Third_Party/FreeRTOS/Source/timers.o
 .text.prvCheckForValidListAndQueue
                0x0000000008008470       0x80 ./Middlewares/Third_Party/FreeRTOS/Source/timers.o
 .text.pxPortInitialiseStack
                0x00000000080084f0       0x68 ./Middlewares/Third_Party/FreeRTOS/Source/portable/GCC/ARM_CM4F/port.o
                0x00000000080084f0                pxPortInitialiseStack
 .text.prvTaskExitError
                0x0000000008008558       0x58 ./Middlewares/Third_Party/FreeRTOS/Source/portable/GCC/ARM_CM4F/port.o
 .text.SVC_Handler
                0x00000000080085b0       0x28 ./Middlewares/Third_Party/FreeRTOS/Source/portable/GCC/ARM_CM4F/port.o
                0x00000000080085b0                SVC_Handler
 .text.prvPortStartFirstTask
                0x00000000080085d8       0x28 ./Middlewares/Third_Party/FreeRTOS/Source/portable/GCC/ARM_CM4F/port.o
 .text.xPortStartScheduler
                0x0000000008008600      0x144 ./Middlewares/Third_Party/FreeRTOS/Source/portable/GCC/ARM_CM4F/port.o
                0x0000000008008600                xPortStartScheduler
 .text.vPortEnterCritical
                0x0000000008008744       0x60 ./Middlewares/Third_Party/FreeRTOS/Source/portable/GCC/ARM_CM4F/port.o
                0x0000000008008744                vPortEnterCritical
 .text.vPortExitCritical
                0x00000000080087a4       0x54 ./Middlewares/Third_Party/FreeRTOS/Source/portable/GCC/ARM_CM4F/port.o
                0x00000000080087a4                vPortExitCritical
 *fill*         0x00000000080087f8        0x8 
 .text.PendSV_Handler
                0x0000000008008800       0x68 ./Middlewares/Third_Party/FreeRTOS/Source/portable/GCC/ARM_CM4F/port.o
                0x0000000008008800                PendSV_Handler
 .text.xPortSysTickHandler
                0x0000000008008868       0x44 ./Middlewares/Third_Party/FreeRTOS/Source/portable/GCC/ARM_CM4F/port.o
                0x0000000008008868                xPortSysTickHandler
 .text.vPortSetupTimerInterrupt
                0x00000000080088ac       0x48 ./Middlewares/Third_Party/FreeRTOS/Source/portable/GCC/ARM_CM4F/port.o
                0x00000000080088ac                vPortSetupTimerInterrupt
 .text.vPortEnableVFP
                0x00000000080088f4       0x14 ./Middlewares/Third_Party/FreeRTOS/Source/portable/GCC/ARM_CM4F/port.o
 .text.vPortValidateInterruptPriority
                0x0000000008008908       0x80 ./Middlewares/Third_Party/FreeRTOS/Source/portable/GCC/ARM_CM4F/port.o
                0x0000000008008908                vPortValidateInterruptPriority
 .text.pvPortMalloc
                0x0000000008008988      0x198 ./Middlewares/Third_Party/FreeRTOS/Source/portable/MemMang/heap_4.o
                0x0000000008008988                pvPortMalloc
 .text.vPortFree
                0x0000000008008b20       0xc4 ./Middlewares/Third_Party/FreeRTOS/Source/portable/MemMang/heap_4.o
                0x0000000008008b20                vPortFree
 .text.prvHeapInit
                0x0000000008008be4       0xc4 ./Middlewares/Third_Party/FreeRTOS/Source/portable/MemMang/heap_4.o
 .text.prvInsertBlockIntoFreeList
                0x0000000008008ca8       0xb4 ./Middlewares/Third_Party/FreeRTOS/Source/portable/MemMang/heap_4.o
 .text._ZdlPvj  0x0000000008008d5c        0x4 /opt/st/stm32cubeide_1.7.0/plugins/com.st.stm32cube.ide.mcu.externaltools.gnu-tools-for-stm32.9-2020-q2-update.linux64_2.0.0.202105311346/tools/bin/../lib/gcc/arm-none-eabi/9.3.1/../../../../arm-none-eabi/lib/thumb/v7e-m+fp/hard/libstdc++_nano.a(del_ops.o)
                0x0000000008008d5c                operator delete(void*, unsigned int)
 .text._Znwj    0x0000000008008d60       0x22 /opt/st/stm32cubeide_1.7.0/plugins/com.st.stm32cube.ide.mcu.externaltools.gnu-tools-for-stm32.9-2020-q2-update.linux64_2.0.0.202105311346/tools/bin/../lib/gcc/arm-none-eabi/9.3.1/../../../../arm-none-eabi/lib/thumb/v7e-m+fp/hard/libstdc++_nano.a(new_op.o)
                0x0000000008008d60                operator new(unsigned int)
 .text._ZdlPv   0x0000000008008d82        0x4 /opt/st/stm32cubeide_1.7.0/plugins/com.st.stm32cube.ide.mcu.externaltools.gnu-tools-for-stm32.9-2020-q2-update.linux64_2.0.0.202105311346/tools/bin/../lib/gcc/arm-none-eabi/9.3.1/../../../../arm-none-eabi/lib/thumb/v7e-m+fp/hard/libstdc++_nano.a(del_op.o)
                0x0000000008008d82                operator delete(void*)
 *fill*         0x0000000008008d86        0x2 
 .text._ZSt15get_new_handlerv
                0x0000000008008d88       0x10 /opt/st/stm32cubeide_1.7.0/plugins/com.st.stm32cube.ide.mcu.externaltools.gnu-tools-for-stm32.9-2020-q2-update.linux64_2.0.0.202105311346/tools/bin/../lib/gcc/arm-none-eabi/9.3.1/../../../../arm-none-eabi/lib/thumb/v7e-m+fp/hard/libstdc++_nano.a(new_handler.o)
                0x0000000008008d88                std::get_new_handler()
 .text.round    0x0000000008008d98       0x8c /opt/st/stm32cubeide_1.7.0/plugins/com.st.stm32cube.ide.mcu.externaltools.gnu-tools-for-stm32.9-2020-q2-update.linux64_2.0.0.202105311346/tools/bin/../lib/gcc/arm-none-eabi/9.3.1/../../../../arm-none-eabi/lib/thumb/v7e-m+fp/hard/libm.a(lib_a-s_round.o)
                0x0000000008008d98                round
 .text.abort    0x0000000008008e24        0xe /opt/st/stm32cubeide_1.7.0/plugins/com.st.stm32cube.ide.mcu.externaltools.gnu-tools-for-stm32.9-2020-q2-update.linux64_2.0.0.202105311346/tools/bin/../lib/gcc/arm-none-eabi/9.3.1/../../../../arm-none-eabi/lib/thumb/v7e-m+fp/hard/libc_nano.a(lib_a-abort.o)
                0x0000000008008e24                abort
 *fill*         0x0000000008008e32        0x2 
 .text.__errno  0x0000000008008e34        0xc /opt/st/stm32cubeide_1.7.0/plugins/com.st.stm32cube.ide.mcu.externaltools.gnu-tools-for-stm32.9-2020-q2-update.linux64_2.0.0.202105311346/tools/bin/../lib/gcc/arm-none-eabi/9.3.1/../../../../arm-none-eabi/lib/thumb/v7e-m+fp/hard/libc_nano.a(lib_a-errno.o)
                0x0000000008008e34                __errno
 .text.std      0x0000000008008e40       0x48 /opt/st/stm32cubeide_1.7.0/plugins/com.st.stm32cube.ide.mcu.externaltools.gnu-tools-for-stm32.9-2020-q2-update.linux64_2.0.0.202105311346/tools/bin/../lib/gcc/arm-none-eabi/9.3.1/../../../../arm-none-eabi/lib/thumb/v7e-m+fp/hard/libc_nano.a(lib_a-findfp.o)
 .text._cleanup_r
                0x0000000008008e88        0xc /opt/st/stm32cubeide_1.7.0/plugins/com.st.stm32cube.ide.mcu.externaltools.gnu-tools-for-stm32.9-2020-q2-update.linux64_2.0.0.202105311346/tools/bin/../lib/gcc/arm-none-eabi/9.3.1/../../../../arm-none-eabi/lib/thumb/v7e-m+fp/hard/libc_nano.a(lib_a-findfp.o)
                0x0000000008008e88                _cleanup_r
 .text.__sfmoreglue
                0x0000000008008e94       0x2c /opt/st/stm32cubeide_1.7.0/plugins/com.st.stm32cube.ide.mcu.externaltools.gnu-tools-for-stm32.9-2020-q2-update.linux64_2.0.0.202105311346/tools/bin/../lib/gcc/arm-none-eabi/9.3.1/../../../../arm-none-eabi/lib/thumb/v7e-m+fp/hard/libc_nano.a(lib_a-findfp.o)
                0x0000000008008e94                __sfmoreglue
 .text.__sfp_lock_acquire
                0x0000000008008ec0        0xc /opt/st/stm32cubeide_1.7.0/plugins/com.st.stm32cube.ide.mcu.externaltools.gnu-tools-for-stm32.9-2020-q2-update.linux64_2.0.0.202105311346/tools/bin/../lib/gcc/arm-none-eabi/9.3.1/../../../../arm-none-eabi/lib/thumb/v7e-m+fp/hard/libc_nano.a(lib_a-findfp.o)
                0x0000000008008ec0                __sfp_lock_acquire
 .text.__sfp_lock_release
                0x0000000008008ecc        0xc /opt/st/stm32cubeide_1.7.0/plugins/com.st.stm32cube.ide.mcu.externaltools.gnu-tools-for-stm32.9-2020-q2-update.linux64_2.0.0.202105311346/tools/bin/../lib/gcc/arm-none-eabi/9.3.1/../../../../arm-none-eabi/lib/thumb/v7e-m+fp/hard/libc_nano.a(lib_a-findfp.o)
                0x0000000008008ecc                __sfp_lock_release
 .text.__sinit_lock_acquire
                0x0000000008008ed8        0xc /opt/st/stm32cubeide_1.7.0/plugins/com.st.stm32cube.ide.mcu.externaltools.gnu-tools-for-stm32.9-2020-q2-update.linux64_2.0.0.202105311346/tools/bin/../lib/gcc/arm-none-eabi/9.3.1/../../../../arm-none-eabi/lib/thumb/v7e-m+fp/hard/libc_nano.a(lib_a-findfp.o)
                0x0000000008008ed8                __sinit_lock_acquire
 .text.__sinit_lock_release
                0x0000000008008ee4        0xc /opt/st/stm32cubeide_1.7.0/plugins/com.st.stm32cube.ide.mcu.externaltools.gnu-tools-for-stm32.9-2020-q2-update.linux64_2.0.0.202105311346/tools/bin/../lib/gcc/arm-none-eabi/9.3.1/../../../../arm-none-eabi/lib/thumb/v7e-m+fp/hard/libc_nano.a(lib_a-findfp.o)
                0x0000000008008ee4                __sinit_lock_release
 .text.__sinit  0x0000000008008ef0       0x70 /opt/st/stm32cubeide_1.7.0/plugins/com.st.stm32cube.ide.mcu.externaltools.gnu-tools-for-stm32.9-2020-q2-update.linux64_2.0.0.202105311346/tools/bin/../lib/gcc/arm-none-eabi/9.3.1/../../../../arm-none-eabi/lib/thumb/v7e-m+fp/hard/libc_nano.a(lib_a-findfp.o)
                0x0000000008008ef0                __sinit
 .text.__sfp    0x0000000008008f60       0x8c /opt/st/stm32cubeide_1.7.0/plugins/com.st.stm32cube.ide.mcu.externaltools.gnu-tools-for-stm32.9-2020-q2-update.linux64_2.0.0.202105311346/tools/bin/../lib/gcc/arm-none-eabi/9.3.1/../../../../arm-none-eabi/lib/thumb/v7e-m+fp/hard/libc_nano.a(lib_a-findfp.o)
                0x0000000008008f60                __sfp
 .text._fwalk_reent
                0x0000000008008fec       0x3e /opt/st/stm32cubeide_1.7.0/plugins/com.st.stm32cube.ide.mcu.externaltools.gnu-tools-for-stm32.9-2020-q2-update.linux64_2.0.0.202105311346/tools/bin/../lib/gcc/arm-none-eabi/9.3.1/../../../../arm-none-eabi/lib/thumb/v7e-m+fp/hard/libc_nano.a(lib_a-fwalk.o)
                0x0000000008008fec                _fwalk_reent
 *fill*         0x000000000800902a        0x2 
 .text.__libc_init_array
                0x000000000800902c       0x48 /opt/st/stm32cubeide_1.7.0/plugins/com.st.stm32cube.ide.mcu.externaltools.gnu-tools-for-stm32.9-2020-q2-update.linux64_2.0.0.202105311346/tools/bin/../lib/gcc/arm-none-eabi/9.3.1/../../../../arm-none-eabi/lib/thumb/v7e-m+fp/hard/libc_nano.a(lib_a-init.o)
                0x000000000800902c                __libc_init_array
 .text.malloc   0x0000000008009074       0x10 /opt/st/stm32cubeide_1.7.0/plugins/com.st.stm32cube.ide.mcu.externaltools.gnu-tools-for-stm32.9-2020-q2-update.linux64_2.0.0.202105311346/tools/bin/../lib/gcc/arm-none-eabi/9.3.1/../../../../arm-none-eabi/lib/thumb/v7e-m+fp/hard/libc_nano.a(lib_a-malloc.o)
                0x0000000008009074                malloc
 .text.free     0x0000000008009084       0x10 /opt/st/stm32cubeide_1.7.0/plugins/com.st.stm32cube.ide.mcu.externaltools.gnu-tools-for-stm32.9-2020-q2-update.linux64_2.0.0.202105311346/tools/bin/../lib/gcc/arm-none-eabi/9.3.1/../../../../arm-none-eabi/lib/thumb/v7e-m+fp/hard/libc_nano.a(lib_a-malloc.o)
                0x0000000008009084                free
 .text.memcpy   0x0000000008009094       0x1c /opt/st/stm32cubeide_1.7.0/plugins/com.st.stm32cube.ide.mcu.externaltools.gnu-tools-for-stm32.9-2020-q2-update.linux64_2.0.0.202105311346/tools/bin/../lib/gcc/arm-none-eabi/9.3.1/../../../../arm-none-eabi/lib/thumb/v7e-m+fp/hard/libc_nano.a(lib_a-memcpy-stub.o)
                0x0000000008009094                memcpy
 .text.memset   0x00000000080090b0       0x10 /opt/st/stm32cubeide_1.7.0/plugins/com.st.stm32cube.ide.mcu.externaltools.gnu-tools-for-stm32.9-2020-q2-update.linux64_2.0.0.202105311346/tools/bin/../lib/gcc/arm-none-eabi/9.3.1/../../../../arm-none-eabi/lib/thumb/v7e-m+fp/hard/libc_nano.a(lib_a-memset.o)
                0x00000000080090b0                memset
 .text._free_r  0x00000000080090c0       0xa0 /opt/st/stm32cubeide_1.7.0/plugins/com.st.stm32cube.ide.mcu.externaltools.gnu-tools-for-stm32.9-2020-q2-update.linux64_2.0.0.202105311346/tools/bin/../lib/gcc/arm-none-eabi/9.3.1/../../../../arm-none-eabi/lib/thumb/v7e-m+fp/hard/libc_nano.a(lib_a-nano-freer.o)
                0x00000000080090c0                _free_r
 .text._malloc_r
                0x0000000008009160       0xb4 /opt/st/stm32cubeide_1.7.0/plugins/com.st.stm32cube.ide.mcu.externaltools.gnu-tools-for-stm32.9-2020-q2-update.linux64_2.0.0.202105311346/tools/bin/../lib/gcc/arm-none-eabi/9.3.1/../../../../arm-none-eabi/lib/thumb/v7e-m+fp/hard/libc_nano.a(lib_a-nano-mallocr.o)
                0x0000000008009160                _malloc_r
 .text.srand    0x0000000008009214       0x5c /opt/st/stm32cubeide_1.7.0/plugins/com.st.stm32cube.ide.mcu.externaltools.gnu-tools-for-stm32.9-2020-q2-update.linux64_2.0.0.202105311346/tools/bin/../lib/gcc/arm-none-eabi/9.3.1/../../../../arm-none-eabi/lib/thumb/v7e-m+fp/hard/libc_nano.a(lib_a-rand.o)
                0x0000000008009214                srand
 .text.rand     0x0000000008009270       0x80 /opt/st/stm32cubeide_1.7.0/plugins/com.st.stm32cube.ide.mcu.externaltools.gnu-tools-for-stm32.9-2020-q2-update.linux64_2.0.0.202105311346/tools/bin/../lib/gcc/arm-none-eabi/9.3.1/../../../../arm-none-eabi/lib/thumb/v7e-m+fp/hard/libc_nano.a(lib_a-rand.o)
                0x0000000008009270                rand
 .text.cleanup_glue
                0x00000000080092f0       0x1a /opt/st/stm32cubeide_1.7.0/plugins/com.st.stm32cube.ide.mcu.externaltools.gnu-tools-for-stm32.9-2020-q2-update.linux64_2.0.0.202105311346/tools/bin/../lib/gcc/arm-none-eabi/9.3.1/../../../../arm-none-eabi/lib/thumb/v7e-m+fp/hard/libc_nano.a(lib_a-reent.o)
                0x00000000080092f0                cleanup_glue
 *fill*         0x000000000800930a        0x2 
 .text._reclaim_reent
                0x000000000800930c       0xb8 /opt/st/stm32cubeide_1.7.0/plugins/com.st.stm32cube.ide.mcu.externaltools.gnu-tools-for-stm32.9-2020-q2-update.linux64_2.0.0.202105311346/tools/bin/../lib/gcc/arm-none-eabi/9.3.1/../../../../arm-none-eabi/lib/thumb/v7e-m+fp/hard/libc_nano.a(lib_a-reent.o)
                0x000000000800930c                _reclaim_reent
 .text._sbrk_r  0x00000000080093c4       0x20 /opt/st/stm32cubeide_1.7.0/plugins/com.st.stm32cube.ide.mcu.externaltools.gnu-tools-for-stm32.9-2020-q2-update.linux64_2.0.0.202105311346/tools/bin/../lib/gcc/arm-none-eabi/9.3.1/../../../../arm-none-eabi/lib/thumb/v7e-m+fp/hard/libc_nano.a(lib_a-sbrkr.o)
                0x00000000080093c4                _sbrk_r
 .text._raise_r
                0x00000000080093e4       0x50 /opt/st/stm32cubeide_1.7.0/plugins/com.st.stm32cube.ide.mcu.externaltools.gnu-tools-for-stm32.9-2020-q2-update.linux64_2.0.0.202105311346/tools/bin/../lib/gcc/arm-none-eabi/9.3.1/../../../../arm-none-eabi/lib/thumb/v7e-m+fp/hard/libc_nano.a(lib_a-signal.o)
                0x00000000080093e4                _raise_r
 .text.raise    0x0000000008009434       0x10 /opt/st/stm32cubeide_1.7.0/plugins/com.st.stm32cube.ide.mcu.externaltools.gnu-tools-for-stm32.9-2020-q2-update.linux64_2.0.0.202105311346/tools/bin/../lib/gcc/arm-none-eabi/9.3.1/../../../../arm-none-eabi/lib/thumb/v7e-m+fp/hard/libc_nano.a(lib_a-signal.o)
                0x0000000008009434                raise
 .text._kill_r  0x0000000008009444       0x24 /opt/st/stm32cubeide_1.7.0/plugins/com.st.stm32cube.ide.mcu.externaltools.gnu-tools-for-stm32.9-2020-q2-update.linux64_2.0.0.202105311346/tools/bin/../lib/gcc/arm-none-eabi/9.3.1/../../../../arm-none-eabi/lib/thumb/v7e-m+fp/hard/libc_nano.a(lib_a-signalr.o)
                0x0000000008009444                _kill_r
 .text._getpid_r
                0x0000000008009468        0x4 /opt/st/stm32cubeide_1.7.0/plugins/com.st.stm32cube.ide.mcu.externaltools.gnu-tools-for-stm32.9-2020-q2-update.linux64_2.0.0.202105311346/tools/bin/../lib/gcc/arm-none-eabi/9.3.1/../../../../arm-none-eabi/lib/thumb/v7e-m+fp/hard/libc_nano.a(lib_a-signalr.o)
                0x0000000008009468                _getpid_r
 .text.__sread  0x000000000800946c       0x22 /opt/st/stm32cubeide_1.7.0/plugins/com.st.stm32cube.ide.mcu.externaltools.gnu-tools-for-stm32.9-2020-q2-update.linux64_2.0.0.202105311346/tools/bin/../lib/gcc/arm-none-eabi/9.3.1/../../../../arm-none-eabi/lib/thumb/v7e-m+fp/hard/libc_nano.a(lib_a-stdio.o)
                0x000000000800946c                __sread
 .text.__swrite
                0x000000000800948e       0x38 /opt/st/stm32cubeide_1.7.0/plugins/com.st.stm32cube.ide.mcu.externaltools.gnu-tools-for-stm32.9-2020-q2-update.linux64_2.0.0.202105311346/tools/bin/../lib/gcc/arm-none-eabi/9.3.1/../../../../arm-none-eabi/lib/thumb/v7e-m+fp/hard/libc_nano.a(lib_a-stdio.o)
                0x000000000800948e                __swrite
 .text.__sseek  0x00000000080094c6       0x24 /opt/st/stm32cubeide_1.7.0/plugins/com.st.stm32cube.ide.mcu.externaltools.gnu-tools-for-stm32.9-2020-q2-update.linux64_2.0.0.202105311346/tools/bin/../lib/gcc/arm-none-eabi/9.3.1/../../../../arm-none-eabi/lib/thumb/v7e-m+fp/hard/libc_nano.a(lib_a-stdio.o)
                0x00000000080094c6                __sseek
 .text.__sclose
                0x00000000080094ea        0x8 /opt/st/stm32cubeide_1.7.0/plugins/com.st.stm32cube.ide.mcu.externaltools.gnu-tools-for-stm32.9-2020-q2-update.linux64_2.0.0.202105311346/tools/bin/../lib/gcc/arm-none-eabi/9.3.1/../../../../arm-none-eabi/lib/thumb/v7e-m+fp/hard/libc_nano.a(lib_a-stdio.o)
                0x00000000080094ea                __sclose
 *fill*         0x00000000080094f2        0x2 
 .text._write_r
                0x00000000080094f4       0x24 /opt/st/stm32cubeide_1.7.0/plugins/com.st.stm32cube.ide.mcu.externaltools.gnu-tools-for-stm32.9-2020-q2-update.linux64_2.0.0.202105311346/tools/bin/../lib/gcc/arm-none-eabi/9.3.1/../../../../arm-none-eabi/lib/thumb/v7e-m+fp/hard/libc_nano.a(lib_a-writer.o)
                0x00000000080094f4                _write_r
 .text.__assert_func
                0x0000000008009518       0x3c /opt/st/stm32cubeide_1.7.0/plugins/com.st.stm32cube.ide.mcu.externaltools.gnu-tools-for-stm32.9-2020-q2-update.linux64_2.0.0.202105311346/tools/bin/../lib/gcc/arm-none-eabi/9.3.1/../../../../arm-none-eabi/lib/thumb/v7e-m+fp/hard/libc_nano.a(lib_a-assert.o)
                0x0000000008009518                __assert_func
 .text._close_r
                0x0000000008009554       0x20 /opt/st/stm32cubeide_1.7.0/plugins/com.st.stm32cube.ide.mcu.externaltools.gnu-tools-for-stm32.9-2020-q2-update.linux64_2.0.0.202105311346/tools/bin/../lib/gcc/arm-none-eabi/9.3.1/../../../../arm-none-eabi/lib/thumb/v7e-m+fp/hard/libc_nano.a(lib_a-closer.o)
                0x0000000008009554                _close_r
 .text.__sflush_r
                0x0000000008009574      0x10c /opt/st/stm32cubeide_1.7.0/plugins/com.st.stm32cube.ide.mcu.externaltools.gnu-tools-for-stm32.9-2020-q2-update.linux64_2.0.0.202105311346/tools/bin/../lib/gcc/arm-none-eabi/9.3.1/../../../../arm-none-eabi/lib/thumb/v7e-m+fp/hard/libc_nano.a(lib_a-fflush.o)
                0x0000000008009574                __sflush_r
 .text._fflush_r
                0x0000000008009680       0x78 /opt/st/stm32cubeide_1.7.0/plugins/com.st.stm32cube.ide.mcu.externaltools.gnu-tools-for-stm32.9-2020-q2-update.linux64_2.0.0.202105311346/tools/bin/../lib/gcc/arm-none-eabi/9.3.1/../../../../arm-none-eabi/lib/thumb/v7e-m+fp/hard/libc_nano.a(lib_a-fflush.o)
                0x0000000008009680                _fflush_r
 .text.fprintf  0x00000000080096f8       0x24 /opt/st/stm32cubeide_1.7.0/plugins/com.st.stm32cube.ide.mcu.externaltools.gnu-tools-for-stm32.9-2020-q2-update.linux64_2.0.0.202105311346/tools/bin/../lib/gcc/arm-none-eabi/9.3.1/../../../../arm-none-eabi/lib/thumb/v7e-m+fp/hard/libc_nano.a(lib_a-fprintf.o)
                0x00000000080096f8                fprintf
                0x00000000080096f8                fiprintf
 .text._lseek_r
                0x000000000800971c       0x24 /opt/st/stm32cubeide_1.7.0/plugins/com.st.stm32cube.ide.mcu.externaltools.gnu-tools-for-stm32.9-2020-q2-update.linux64_2.0.0.202105311346/tools/bin/../lib/gcc/arm-none-eabi/9.3.1/../../../../arm-none-eabi/lib/thumb/v7e-m+fp/hard/libc_nano.a(lib_a-lseekr.o)
                0x000000000800971c                _lseek_r
 .text.__malloc_lock
                0x0000000008009740        0xc /opt/st/stm32cubeide_1.7.0/plugins/com.st.stm32cube.ide.mcu.externaltools.gnu-tools-for-stm32.9-2020-q2-update.linux64_2.0.0.202105311346/tools/bin/../lib/gcc/arm-none-eabi/9.3.1/../../../../arm-none-eabi/lib/thumb/v7e-m+fp/hard/libc_nano.a(lib_a-mlock.o)
                0x0000000008009740                __malloc_lock
 .text.__malloc_unlock
                0x000000000800974c        0xc /opt/st/stm32cubeide_1.7.0/plugins/com.st.stm32cube.ide.mcu.externaltools.gnu-tools-for-stm32.9-2020-q2-update.linux64_2.0.0.202105311346/tools/bin/../lib/gcc/arm-none-eabi/9.3.1/../../../../arm-none-eabi/lib/thumb/v7e-m+fp/hard/libc_nano.a(lib_a-mlock.o)
                0x000000000800974c                __malloc_unlock
 .text.__sfputc_r
                0x0000000008009758       0x2e /opt/st/stm32cubeide_1.7.0/plugins/com.st.stm32cube.ide.mcu.externaltools.gnu-tools-for-stm32.9-2020-q2-update.linux64_2.0.0.202105311346/tools/bin/../lib/gcc/arm-none-eabi/9.3.1/../../../../arm-none-eabi/lib/thumb/v7e-m+fp/hard/libc_nano.a(lib_a-nano-vfprintf.o)
 .text.__sfputs_r
                0x0000000008009786       0x24 /opt/st/stm32cubeide_1.7.0/plugins/com.st.stm32cube.ide.mcu.externaltools.gnu-tools-for-stm32.9-2020-q2-update.linux64_2.0.0.202105311346/tools/bin/../lib/gcc/arm-none-eabi/9.3.1/../../../../arm-none-eabi/lib/thumb/v7e-m+fp/hard/libc_nano.a(lib_a-nano-vfprintf.o)
                0x0000000008009786                __sfputs_r
 *fill*         0x00000000080097aa        0x2 
 .text._vfprintf_r
                0x00000000080097ac      0x260 /opt/st/stm32cubeide_1.7.0/plugins/com.st.stm32cube.ide.mcu.externaltools.gnu-tools-for-stm32.9-2020-q2-update.linux64_2.0.0.202105311346/tools/bin/../lib/gcc/arm-none-eabi/9.3.1/../../../../arm-none-eabi/lib/thumb/v7e-m+fp/hard/libc_nano.a(lib_a-nano-vfprintf.o)
                0x00000000080097ac                _vfiprintf_r
                0x00000000080097ac                _vfprintf_r
 .text._printf_common
                0x0000000008009a0c       0xda /opt/st/stm32cubeide_1.7.0/plugins/com.st.stm32cube.ide.mcu.externaltools.gnu-tools-for-stm32.9-2020-q2-update.linux64_2.0.0.202105311346/tools/bin/../lib/gcc/arm-none-eabi/9.3.1/../../../../arm-none-eabi/lib/thumb/v7e-m+fp/hard/libc_nano.a(lib_a-nano-vfprintf_i.o)
                0x0000000008009a0c                _printf_common
 *fill*         0x0000000008009ae6        0x2 
 .text._printf_i
                0x0000000008009ae8      0x24c /opt/st/stm32cubeide_1.7.0/plugins/com.st.stm32cube.ide.mcu.externaltools.gnu-tools-for-stm32.9-2020-q2-update.linux64_2.0.0.202105311346/tools/bin/../lib/gcc/arm-none-eabi/9.3.1/../../../../arm-none-eabi/lib/thumb/v7e-m+fp/hard/libc_nano.a(lib_a-nano-vfprintf_i.o)
                0x0000000008009ae8                _printf_i
 .text._read_r  0x0000000008009d34       0x24 /opt/st/stm32cubeide_1.7.0/plugins/com.st.stm32cube.ide.mcu.externaltools.gnu-tools-for-stm32.9-2020-q2-update.linux64_2.0.0.202105311346/tools/bin/../lib/gcc/arm-none-eabi/9.3.1/../../../../arm-none-eabi/lib/thumb/v7e-m+fp/hard/libc_nano.a(lib_a-readr.o)
                0x0000000008009d34                _read_r
 .text.__swbuf_r
                0x0000000008009d58       0xa4 /opt/st/stm32cubeide_1.7.0/plugins/com.st.stm32cube.ide.mcu.externaltools.gnu-tools-for-stm32.9-2020-q2-update.linux64_2.0.0.202105311346/tools/bin/../lib/gcc/arm-none-eabi/9.3.1/../../../../arm-none-eabi/lib/thumb/v7e-m+fp/hard/libc_nano.a(lib_a-wbuf.o)
                0x0000000008009d58                __swbuf_r
 .text.__swsetup_r
                0x0000000008009dfc       0xdc /opt/st/stm32cubeide_1.7.0/plugins/com.st.stm32cube.ide.mcu.externaltools.gnu-tools-for-stm32.9-2020-q2-update.linux64_2.0.0.202105311346/tools/bin/../lib/gcc/arm-none-eabi/9.3.1/../../../../arm-none-eabi/lib/thumb/v7e-m+fp/hard/libc_nano.a(lib_a-wsetup.o)
                0x0000000008009dfc                __swsetup_r
 .text.__swhatbuf_r
                0x0000000008009ed8       0x48 /opt/st/stm32cubeide_1.7.0/plugins/com.st.stm32cube.ide.mcu.externaltools.gnu-tools-for-stm32.9-2020-q2-update.linux64_2.0.0.202105311346/tools/bin/../lib/gcc/arm-none-eabi/9.3.1/../../../../arm-none-eabi/lib/thumb/v7e-m+fp/hard/libc_nano.a(lib_a-makebuf.o)
                0x0000000008009ed8                __swhatbuf_r
 .text.__smakebuf_r
                0x0000000008009f20       0x80 /opt/st/stm32cubeide_1.7.0/plugins/com.st.stm32cube.ide.mcu.externaltools.gnu-tools-for-stm32.9-2020-q2-update.linux64_2.0.0.202105311346/tools/bin/../lib/gcc/arm-none-eabi/9.3.1/../../../../arm-none-eabi/lib/thumb/v7e-m+fp/hard/libc_nano.a(lib_a-makebuf.o)
                0x0000000008009f20                __smakebuf_r
 .text._fstat_r
                0x0000000008009fa0       0x24 /opt/st/stm32cubeide_1.7.0/plugins/com.st.stm32cube.ide.mcu.externaltools.gnu-tools-for-stm32.9-2020-q2-update.linux64_2.0.0.202105311346/tools/bin/../lib/gcc/arm-none-eabi/9.3.1/../../../../arm-none-eabi/lib/thumb/v7e-m+fp/hard/libc_nano.a(lib_a-fstatr.o)
                0x0000000008009fa0                _fstat_r
 .text._isatty_r
                0x0000000008009fc4       0x20 /opt/st/stm32cubeide_1.7.0/plugins/com.st.stm32cube.ide.mcu.externaltools.gnu-tools-for-stm32.9-2020-q2-update.linux64_2.0.0.202105311346/tools/bin/../lib/gcc/arm-none-eabi/9.3.1/../../../../arm-none-eabi/lib/thumb/v7e-m+fp/hard/libc_nano.a(lib_a-isattyr.o)
                0x0000000008009fc4                _isatty_r
 *(.glue_7)
 .glue_7        0x0000000008009fe4        0x0 linker stubs
 *(.glue_7t)
 .glue_7t       0x0000000008009fe4        0x0 linker stubs
 *(.eh_frame)
 .eh_frame      0x0000000008009fe4        0x0 /opt/st/stm32cubeide_1.7.0/plugins/com.st.stm32cube.ide.mcu.externaltools.gnu-tools-for-stm32.9-2020-q2-update.linux64_2.0.0.202105311346/tools/bin/../lib/gcc/arm-none-eabi/9.3.1/thumb/v7e-m+fp/hard/crtbegin.o
 *(.init)
 .init          0x0000000008009fe4        0x4 /opt/st/stm32cubeide_1.7.0/plugins/com.st.stm32cube.ide.mcu.externaltools.gnu-tools-for-stm32.9-2020-q2-update.linux64_2.0.0.202105311346/tools/bin/../lib/gcc/arm-none-eabi/9.3.1/thumb/v7e-m+fp/hard/crti.o
                0x0000000008009fe4                _init
 .init          0x0000000008009fe8        0x8 /opt/st/stm32cubeide_1.7.0/plugins/com.st.stm32cube.ide.mcu.externaltools.gnu-tools-for-stm32.9-2020-q2-update.linux64_2.0.0.202105311346/tools/bin/../lib/gcc/arm-none-eabi/9.3.1/thumb/v7e-m+fp/hard/crtn.o
 *(.fini)
 .fini          0x0000000008009ff0        0x4 /opt/st/stm32cubeide_1.7.0/plugins/com.st.stm32cube.ide.mcu.externaltools.gnu-tools-for-stm32.9-2020-q2-update.linux64_2.0.0.202105311346/tools/bin/../lib/gcc/arm-none-eabi/9.3.1/thumb/v7e-m+fp/hard/crti.o
                0x0000000008009ff0                _fini
 .fini          0x0000000008009ff4        0x8 /opt/st/stm32cubeide_1.7.0/plugins/com.st.stm32cube.ide.mcu.externaltools.gnu-tools-for-stm32.9-2020-q2-update.linux64_2.0.0.202105311346/tools/bin/../lib/gcc/arm-none-eabi/9.3.1/thumb/v7e-m+fp/hard/crtn.o
                0x0000000008009ffc                . = ALIGN (0x4)
                0x0000000008009ffc                _etext = .

.vfp11_veneer   0x0000000008009ffc        0x0
 .vfp11_veneer  0x0000000008009ffc        0x0 linker stubs

.v4_bx          0x0000000008009ffc        0x0
 .v4_bx         0x0000000008009ffc        0x0 linker stubs

.iplt           0x0000000008009ffc        0x0
 .iplt          0x0000000008009ffc        0x0 /opt/st/stm32cubeide_1.7.0/plugins/com.st.stm32cube.ide.mcu.externaltools.gnu-tools-for-stm32.9-2020-q2-update.linux64_2.0.0.202105311346/tools/bin/../lib/gcc/arm-none-eabi/9.3.1/thumb/v7e-m+fp/hard/crtbegin.o

.rodata         0x0000000008009ffc      0x224
                0x0000000008009ffc                . = ALIGN (0x4)
 *(.rodata)
 .rodata        0x0000000008009ffc        0xc ./Core/Src/freertos.o
 .rodata        0x000000000800a008        0x5 ./Middlewares/Third_Party/FreeRTOS/Source/tasks.o
 *fill*         0x000000000800a00d        0x3 
 .rodata        0x000000000800a010        0xd ./Middlewares/Third_Party/FreeRTOS/Source/timers.o
 *(.rodata*)
 *fill*         0x000000000800a01d        0x3 
 .rodata._ZL22defaultTask_attributes
                0x000000000800a020       0x24 ./Core/Src/freertos.o
 .rodata.AHBPrescTable
                0x000000000800a044       0x10 ./Core/Src/system_stm32f4xx.o
                0x000000000800a044                AHBPrescTable
 .rodata.APBPrescTable
                0x000000000800a054        0x8 ./Core/Src/system_stm32f4xx.o
                0x000000000800a054                APBPrescTable
 .rodata.I2SFreq
                0x000000000800a05c       0x20 ./Drivers/BSP/STM32F4-Discovery/stm32f4_discovery_audio.o
                0x000000000800a05c                I2SFreq
 .rodata.I2SPLLN
                0x000000000800a07c       0x20 ./Drivers/BSP/STM32F4-Discovery/stm32f4_discovery_audio.o
                0x000000000800a07c                I2SPLLN
 .rodata.I2SPLLR
                0x000000000800a09c       0x20 ./Drivers/BSP/STM32F4-Discovery/stm32f4_discovery_audio.o
                0x000000000800a09c                I2SPLLR
 .rodata.flagBitshiftOffset.8517
                0x000000000800a0bc        0x8 ./Drivers/STM32F4xx_HAL_Driver/Src/stm32f4xx_hal_dma.o
 .rodata._ZTV4Note
                0x000000000800a0c4       0x10 ./Libraries/Src/Note.o
                0x000000000800a0c4                vtable for Note
 .rodata.__sf_fake_stderr
                0x000000000800a0d4       0x20 /opt/st/stm32cubeide_1.7.0/plugins/com.st.stm32cube.ide.mcu.externaltools.gnu-tools-for-stm32.9-2020-q2-update.linux64_2.0.0.202105311346/tools/bin/../lib/gcc/arm-none-eabi/9.3.1/../../../../arm-none-eabi/lib/thumb/v7e-m+fp/hard/libc_nano.a(lib_a-findfp.o)
                0x000000000800a0d4                __sf_fake_stderr
 .rodata.__sf_fake_stdin
                0x000000000800a0f4       0x20 /opt/st/stm32cubeide_1.7.0/plugins/com.st.stm32cube.ide.mcu.externaltools.gnu-tools-for-stm32.9-2020-q2-update.linux64_2.0.0.202105311346/tools/bin/../lib/gcc/arm-none-eabi/9.3.1/../../../../arm-none-eabi/lib/thumb/v7e-m+fp/hard/libc_nano.a(lib_a-findfp.o)
                0x000000000800a0f4                __sf_fake_stdin
 .rodata.__sf_fake_stdout
                0x000000000800a114       0x20 /opt/st/stm32cubeide_1.7.0/plugins/com.st.stm32cube.ide.mcu.externaltools.gnu-tools-for-stm32.9-2020-q2-update.linux64_2.0.0.202105311346/tools/bin/../lib/gcc/arm-none-eabi/9.3.1/../../../../arm-none-eabi/lib/thumb/v7e-m+fp/hard/libc_nano.a(lib_a-findfp.o)
                0x000000000800a114                __sf_fake_stdout
 .rodata._global_impure_ptr
                0x000000000800a134        0x4 /opt/st/stm32cubeide_1.7.0/plugins/com.st.stm32cube.ide.mcu.externaltools.gnu-tools-for-stm32.9-2020-q2-update.linux64_2.0.0.202105311346/tools/bin/../lib/gcc/arm-none-eabi/9.3.1/../../../../arm-none-eabi/lib/thumb/v7e-m+fp/hard/libc_nano.a(lib_a-impure.o)
                0x000000000800a134                _global_impure_ptr
 .rodata.srand.str1.1
                0x000000000800a138       0x76 /opt/st/stm32cubeide_1.7.0/plugins/com.st.stm32cube.ide.mcu.externaltools.gnu-tools-for-stm32.9-2020-q2-update.linux64_2.0.0.202105311346/tools/bin/../lib/gcc/arm-none-eabi/9.3.1/../../../../arm-none-eabi/lib/thumb/v7e-m+fp/hard/libc_nano.a(lib_a-rand.o)
 .rodata.__assert_func.str1.1
                0x000000000800a1ae       0x3c /opt/st/stm32cubeide_1.7.0/plugins/com.st.stm32cube.ide.mcu.externaltools.gnu-tools-for-stm32.9-2020-q2-update.linux64_2.0.0.202105311346/tools/bin/../lib/gcc/arm-none-eabi/9.3.1/../../../../arm-none-eabi/lib/thumb/v7e-m+fp/hard/libc_nano.a(lib_a-assert.o)
                                         0x3d (size before relaxing)
 .rodata._vfprintf_r.str1.1
                0x000000000800a1ea       0x11 /opt/st/stm32cubeide_1.7.0/plugins/com.st.stm32cube.ide.mcu.externaltools.gnu-tools-for-stm32.9-2020-q2-update.linux64_2.0.0.202105311346/tools/bin/../lib/gcc/arm-none-eabi/9.3.1/../../../../arm-none-eabi/lib/thumb/v7e-m+fp/hard/libc_nano.a(lib_a-nano-vfprintf.o)
 .rodata._printf_i.str1.1
                0x000000000800a1fb       0x22 /opt/st/stm32cubeide_1.7.0/plugins/com.st.stm32cube.ide.mcu.externaltools.gnu-tools-for-stm32.9-2020-q2-update.linux64_2.0.0.202105311346/tools/bin/../lib/gcc/arm-none-eabi/9.3.1/../../../../arm-none-eabi/lib/thumb/v7e-m+fp/hard/libc_nano.a(lib_a-nano-vfprintf_i.o)
                0x000000000800a220                . = ALIGN (0x4)
 *fill*         0x000000000800a21d        0x3 

.ARM.extab      0x000000000800a220        0x0
                0x000000000800a220                . = ALIGN (0x4)
 *(.ARM.extab* .gnu.linkonce.armextab.*)
                0x000000000800a220                . = ALIGN (0x4)

.ARM            0x000000000800a220        0x8
                0x000000000800a220                . = ALIGN (0x4)
                0x000000000800a220                __exidx_start = .
 *(.ARM.exidx*)
 .ARM.exidx     0x000000000800a220        0x8 /opt/st/stm32cubeide_1.7.0/plugins/com.st.stm32cube.ide.mcu.externaltools.gnu-tools-for-stm32.9-2020-q2-update.linux64_2.0.0.202105311346/tools/bin/../lib/gcc/arm-none-eabi/9.3.1/thumb/v7e-m+fp/hard/libgcc.a(_udivmoddi4.o)
                0x000000000800a228                __exidx_end = .
                0x000000000800a228                . = ALIGN (0x4)

.rel.dyn        0x000000000800a228        0x0
 .rel.iplt      0x000000000800a228        0x0 /opt/st/stm32cubeide_1.7.0/plugins/com.st.stm32cube.ide.mcu.externaltools.gnu-tools-for-stm32.9-2020-q2-update.linux64_2.0.0.202105311346/tools/bin/../lib/gcc/arm-none-eabi/9.3.1/thumb/v7e-m+fp/hard/crtbegin.o

.preinit_array  0x000000000800a228        0x0
                0x000000000800a228                . = ALIGN (0x4)
                0x000000000800a228                PROVIDE (__preinit_array_start = .)
 *(.preinit_array*)
                0x000000000800a228                PROVIDE (__preinit_array_end = .)
                0x000000000800a228                . = ALIGN (0x4)

.init_array     0x000000000800a228        0x4
                0x000000000800a228                . = ALIGN (0x4)
                0x000000000800a228                PROVIDE (__init_array_start = .)
 *(SORT_BY_NAME(.init_array.*))
 *(.init_array*)
 .init_array    0x000000000800a228        0x4 /opt/st/stm32cubeide_1.7.0/plugins/com.st.stm32cube.ide.mcu.externaltools.gnu-tools-for-stm32.9-2020-q2-update.linux64_2.0.0.202105311346/tools/bin/../lib/gcc/arm-none-eabi/9.3.1/thumb/v7e-m+fp/hard/crtbegin.o
                0x000000000800a22c                PROVIDE (__init_array_end = .)
                0x000000000800a22c                . = ALIGN (0x4)

.fini_array     0x000000000800a22c        0x4
                0x000000000800a22c                . = ALIGN (0x4)
                [!provide]                        PROVIDE (__fini_array_start = .)
 *(SORT_BY_NAME(.fini_array.*))
 *(.fini_array*)
 .fini_array    0x000000000800a22c        0x4 /opt/st/stm32cubeide_1.7.0/plugins/com.st.stm32cube.ide.mcu.externaltools.gnu-tools-for-stm32.9-2020-q2-update.linux64_2.0.0.202105311346/tools/bin/../lib/gcc/arm-none-eabi/9.3.1/thumb/v7e-m+fp/hard/crtbegin.o
                [!provide]                        PROVIDE (__fini_array_end = .)
                0x000000000800a230                . = ALIGN (0x4)
                0x000000000800a230                _sidata = LOADADDR (.data)

.data           0x0000000020000000       0xac load address 0x000000000800a230
                0x0000000020000000                . = ALIGN (0x4)
                0x0000000020000000                _sdata = .
 *(.data)
 *(.data*)
 .data.SystemCoreClock
                0x0000000020000000        0x4 ./Core/Src/system_stm32f4xx.o
                0x0000000020000000                SystemCoreClock
 .data.cs43l22_drv
                0x0000000020000004       0x30 ./Drivers/BSP/Components/cs43l22/cs43l22.o
                0x0000000020000004                cs43l22_drv
 .data.Is_cs43l22_Stop
                0x0000000020000034        0x1 ./Drivers/BSP/Components/cs43l22/cs43l22.o
 *fill*         0x0000000020000035        0x3 
 .data.I2cxTimeout
                0x0000000020000038        0x4 ./Drivers/BSP/STM32F4-Discovery/stm32f4_discovery.o
                0x0000000020000038                I2cxTimeout
 .data.uwTickPrio
                0x000000002000003c        0x4 ./Drivers/STM32F4xx_HAL_Driver/Src/stm32f4xx_hal.o
                0x000000002000003c                uwTickPrio
 .data.uwTickFreq
                0x0000000020000040        0x1 ./Drivers/STM32F4xx_HAL_Driver/Src/stm32f4xx_hal.o
                0x0000000020000040                uwTickFreq
 *fill*         0x0000000020000041        0x3 
 .data.uxCriticalNesting
                0x0000000020000044        0x4 ./Middlewares/Third_Party/FreeRTOS/Source/portable/GCC/ARM_CM4F/port.o
 .data._impure_ptr
                0x0000000020000048        0x4 /opt/st/stm32cubeide_1.7.0/plugins/com.st.stm32cube.ide.mcu.externaltools.gnu-tools-for-stm32.9-2020-q2-update.linux64_2.0.0.202105311346/tools/bin/../lib/gcc/arm-none-eabi/9.3.1/../../../../arm-none-eabi/lib/thumb/v7e-m+fp/hard/libc_nano.a(lib_a-impure.o)
                0x0000000020000048                _impure_ptr
 .data.impure_data
                0x000000002000004c       0x60 /opt/st/stm32cubeide_1.7.0/plugins/com.st.stm32cube.ide.mcu.externaltools.gnu-tools-for-stm32.9-2020-q2-update.linux64_2.0.0.202105311346/tools/bin/../lib/gcc/arm-none-eabi/9.3.1/../../../../arm-none-eabi/lib/thumb/v7e-m+fp/hard/libc_nano.a(lib_a-impure.o)
 *(.RamFunc)
 *(.RamFunc*)
                0x00000000200000ac                . = ALIGN (0x4)
                0x00000000200000ac                _edata = .
                0x000000000800a2dc                _siccmram = LOADADDR (.ccmram)

.igot.plt       0x00000000200000ac        0x0 load address 0x000000000800a2dc
 .igot.plt      0x00000000200000ac        0x0 /opt/st/stm32cubeide_1.7.0/plugins/com.st.stm32cube.ide.mcu.externaltools.gnu-tools-for-stm32.9-2020-q2-update.linux64_2.0.0.202105311346/tools/bin/../lib/gcc/arm-none-eabi/9.3.1/thumb/v7e-m+fp/hard/crtbegin.o

.ccmram         0x0000000010000000        0x0 load address 0x000000000800a2dc
                0x0000000010000000                . = ALIGN (0x4)
                0x0000000010000000                _sccmram = .
 *(.ccmram)
 *(.ccmram*)
                0x0000000010000000                . = ALIGN (0x4)
                0x0000000010000000                _eccmram = .
                0x0000000010000000                . = ALIGN (0x4)

.bss            0x00000000200000ac     0x5e30
                0x00000000200000ac                _sbss = .
                0x00000000200000ac                __bss_start__ = _sbss
 *(.bss)
 .bss           0x00000000200000ac       0x1c /opt/st/stm32cubeide_1.7.0/plugins/com.st.stm32cube.ide.mcu.externaltools.gnu-tools-for-stm32.9-2020-q2-update.linux64_2.0.0.202105311346/tools/bin/../lib/gcc/arm-none-eabi/9.3.1/thumb/v7e-m+fp/hard/crtbegin.o
 *(.bss*)
 .bss.gCN       0x00000000200000c8        0x4 ./Core/Src/freertos.o
                0x00000000200000c8                gCN
 .bss._ZL12OutputBuffer
                0x00000000200000cc      0x200 ./Core/Src/freertos.o
 .bss._ZL13gOutputBuffer
                0x00000000200002cc      0x200 ./Core/Src/freertos.o
 .bss.defaultTaskHandle
                0x00000000200004cc        0x4 ./Core/Src/freertos.o
                0x00000000200004cc                defaultTaskHandle
 .bss.defaultTaskBuffer
                0x00000000200004d0      0x400 ./Core/Src/freertos.o
                0x00000000200004d0                defaultTaskBuffer
 .bss.defaultTaskControlBlock
                0x00000000200008d0       0xbc ./Core/Src/freertos.o
                0x00000000200008d0                defaultTaskControlBlock
 .bss.wavetable
                0x000000002000098c      0x7d0 ./Core/Src/freertos.o
                0x000000002000098c                wavetable