Archive member included to satisfy reference by file (symbol)

/opt/st/stm32cubeide_1.7.0/plugins/com.st.stm32cube.ide.mcu.externaltools.gnu-tools-for-stm32.9-2020-q2-update.linux64_2.0.0.202105311346/tools/bin/../lib/gcc/arm-none-eabi/9.3.1/../../../../arm-none-eabi/lib/thumb/v7e-m+fp/hard/libc_nano.a(lib_a-errno.o)
                              ./Core/Src/syscalls.o (__errno)
/opt/st/stm32cubeide_1.7.0/plugins/com.st.stm32cube.ide.mcu.externaltools.gnu-tools-for-stm32.9-2020-q2-update.linux64_2.0.0.202105311346/tools/bin/../lib/gcc/arm-none-eabi/9.3.1/../../../../arm-none-eabi/lib/thumb/v7e-m+fp/hard/libc_nano.a(lib_a-exit.o)
                              /opt/st/stm32cubeide_1.7.0/plugins/com.st.stm32cube.ide.mcu.externaltools.gnu-tools-for-stm32.9-2020-q2-update.linux64_2.0.0.202105311346/tools/bin/../lib/gcc/arm-none-eabi/9.3.1/../../../../arm-none-eabi/lib/thumb/v7e-m+fp/hard/crt0.o (exit)
/opt/st/stm32cubeide_1.7.0/plugins/com.st.stm32cube.ide.mcu.externaltools.gnu-tools-for-stm32.9-2020-q2-update.linux64_2.0.0.202105311346/tools/bin/../lib/gcc/arm-none-eabi/9.3.1/../../../../arm-none-eabi/lib/thumb/v7e-m+fp/hard/libc_nano.a(lib_a-findfp.o)
                              ./Middlewares/Third_Party/FreeRTOS/Source/tasks.o (__sf_fake_stderr)
/opt/st/stm32cubeide_1.7.0/plugins/com.st.stm32cube.ide.mcu.externaltools.gnu-tools-for-stm32.9-2020-q2-update.linux64_2.0.0.202105311346/tools/bin/../lib/gcc/arm-none-eabi/9.3.1/../../../../arm-none-eabi/lib/thumb/v7e-m+fp/hard/libc_nano.a(lib_a-fwalk.o)
                              /opt/st/stm32cubeide_1.7.0/plugins/com.st.stm32cube.ide.mcu.externaltools.gnu-tools-for-stm32.9-2020-q2-update.linux64_2.0.0.202105311346/tools/bin/../lib/gcc/arm-none-eabi/9.3.1/../../../../arm-none-eabi/lib/thumb/v7e-m+fp/hard/libc_nano.a(lib_a-findfp.o) (_fwalk)
/opt/st/stm32cubeide_1.7.0/plugins/com.st.stm32cube.ide.mcu.externaltools.gnu-tools-for-stm32.9-2020-q2-update.linux64_2.0.0.202105311346/tools/bin/../lib/gcc/arm-none-eabi/9.3.1/../../../../arm-none-eabi/lib/thumb/v7e-m+fp/hard/libc_nano.a(lib_a-impure.o)
                              /opt/st/stm32cubeide_1.7.0/plugins/com.st.stm32cube.ide.mcu.externaltools.gnu-tools-for-stm32.9-2020-q2-update.linux64_2.0.0.202105311346/tools/bin/../lib/gcc/arm-none-eabi/9.3.1/../../../../arm-none-eabi/lib/thumb/v7e-m+fp/hard/libc_nano.a(lib_a-exit.o) (_global_impure_ptr)
/opt/st/stm32cubeide_1.7.0/plugins/com.st.stm32cube.ide.mcu.externaltools.gnu-tools-for-stm32.9-2020-q2-update.linux64_2.0.0.202105311346/tools/bin/../lib/gcc/arm-none-eabi/9.3.1/../../../../arm-none-eabi/lib/thumb/v7e-m+fp/hard/libc_nano.a(lib_a-init.o)
                              /opt/st/stm32cubeide_1.7.0/plugins/com.st.stm32cube.ide.mcu.externaltools.gnu-tools-for-stm32.9-2020-q2-update.linux64_2.0.0.202105311346/tools/bin/../lib/gcc/arm-none-eabi/9.3.1/../../../../arm-none-eabi/lib/thumb/v7e-m+fp/hard/crt0.o (__libc_init_array)
/opt/st/stm32cubeide_1.7.0/plugins/com.st.stm32cube.ide.mcu.externaltools.gnu-tools-for-stm32.9-2020-q2-update.linux64_2.0.0.202105311346/tools/bin/../lib/gcc/arm-none-eabi/9.3.1/../../../../arm-none-eabi/lib/thumb/v7e-m+fp/hard/libc_nano.a(lib_a-malloc.o)
                              ./Core/ThreadSafe/newlib_lock_glue.o (malloc)
/opt/st/stm32cubeide_1.7.0/plugins/com.st.stm32cube.ide.mcu.externaltools.gnu-tools-for-stm32.9-2020-q2-update.linux64_2.0.0.202105311346/tools/bin/../lib/gcc/arm-none-eabi/9.3.1/../../../../arm-none-eabi/lib/thumb/v7e-m+fp/hard/libc_nano.a(lib_a-memcpy-stub.o)
                              ./Middlewares/Third_Party/FreeRTOS/Source/CMSIS_RTOS_V2/cmsis_os2.o (memcpy)
/opt/st/stm32cubeide_1.7.0/plugins/com.st.stm32cube.ide.mcu.externaltools.gnu-tools-for-stm32.9-2020-q2-update.linux64_2.0.0.202105311346/tools/bin/../lib/gcc/arm-none-eabi/9.3.1/../../../../arm-none-eabi/lib/thumb/v7e-m+fp/hard/libc_nano.a(lib_a-memset.o)
                              /opt/st/stm32cubeide_1.7.0/plugins/com.st.stm32cube.ide.mcu.externaltools.gnu-tools-for-stm32.9-2020-q2-update.linux64_2.0.0.202105311346/tools/bin/../lib/gcc/arm-none-eabi/9.3.1/../../../../arm-none-eabi/lib/thumb/v7e-m+fp/hard/crt0.o (memset)
/opt/st/stm32cubeide_1.7.0/plugins/com.st.stm32cube.ide.mcu.externaltools.gnu-tools-for-stm32.9-2020-q2-update.linux64_2.0.0.202105311346/tools/bin/../lib/gcc/arm-none-eabi/9.3.1/../../../../arm-none-eabi/lib/thumb/v7e-m+fp/hard/libc_nano.a(lib_a-nano-freer.o)
                              /opt/st/stm32cubeide_1.7.0/plugins/com.st.stm32cube.ide.mcu.externaltools.gnu-tools-for-stm32.9-2020-q2-update.linux64_2.0.0.202105311346/tools/bin/../lib/gcc/arm-none-eabi/9.3.1/../../../../arm-none-eabi/lib/thumb/v7e-m+fp/hard/libc_nano.a(lib_a-malloc.o) (_free_r)
/opt/st/stm32cubeide_1.7.0/plugins/com.st.stm32cube.ide.mcu.externaltools.gnu-tools-for-stm32.9-2020-q2-update.linux64_2.0.0.202105311346/tools/bin/../lib/gcc/arm-none-eabi/9.3.1/../../../../arm-none-eabi/lib/thumb/v7e-m+fp/hard/libc_nano.a(lib_a-nano-mallocr.o)
[...]
Memory Configuration

Name             Origin             Length             Attributes
CCMRAM           0x0000000010000000 0x0000000000010000 xrw
RAM              0x0000000020000000 0x0000000000020000 xrw
FLASH            0x0000000008000000 0x0000000000100000 xr
*default*        0x0000000000000000 0xffffffffffffffff

Linker script and memory map

LOAD /opt/st/stm32cubeide_1.7.0/plugins/com.st.stm32cube.ide.mcu.externaltools.gnu-tools-for-stm32.9-2020-q2-update.linux64_2.0.0.202105311346/tools/bin/../lib/gcc/arm-none-eabi/9.3.1/thumb/v7e-m+fp/hard/crti.o
LOAD /opt/st/stm32cubeide_1.7.0/plugins/com.st.stm32cube.ide.mcu.externaltools.gnu-tools-for-stm32.9-2020-q2-update.linux64_2.0.0.202105311346/tools/bin/../lib/gcc/arm-none-eabi/9.3.1/thumb/v7e-m+fp/hard/crtbegin.o
LOAD /opt/st/stm32cubeide_1.7.0/plugins/com.st.stm32cube.ide.mcu.externaltools.gnu-tools-for-stm32.9-2020-q2-update.linux64_2.0.0.202105311346/tools/bin/../lib/gcc/arm-none-eabi/9.3.1/../../../../arm-none-eabi/lib/thumb/v7e-m+fp/hard/crt0.o
LOAD ./Core/Src/dma.o
LOAD ./Core/Src/freertos.o
LOAD ./Core/Src/gpio.o
LOAD ./Core/Src/i2c.o
LOAD ./Core/Src/i2s.o
LOAD ./Core/Src/main.o
LOAD ./Core/Src/stm32f4xx_hal_msp.o
LOAD ./Core/Src/stm32f4xx_hal_timebase_tim.o
LOAD ./Core/Src/stm32f4xx_it.o
LOAD ./Core/Src/syscalls.o
LOAD ./Core/Src/sysmem.o
LOAD ./Core/Src/system_stm32f4xx.o
LOAD ./Core/Startup/startup_stm32f407vgtx.o
LOAD ./Core/ThreadSafe/newlib_lock_glue.o
LOAD ./Drivers/BSP/Components/cs43l22/cs43l22.o
LOAD ./Drivers/BSP/Components/exc7200/exc7200.o
LOAD ./Drivers/BSP/Components/ft6x06/ft6x06.o
LOAD ./Drivers/BSP/Components/i3g4250d/i3g4250d.o
LOAD ./Drivers/BSP/Components/ili9325/ili9325.o
LOAD ./Drivers/BSP/Components/ili9341/ili9341.o
LOAD ./Drivers/BSP/Components/l3gd20/l3gd20.o
LOAD ./Drivers/BSP/Components/lis302dl/lis302dl.o
LOAD ./Drivers/BSP/Components/lis3dsh/lis3dsh.o
LOAD ./Drivers/BSP/Components/ls016b8uy/ls016b8uy.o
LOAD ./Drivers/BSP/Components/lsm303agr/lsm303agr.o
LOAD ./Drivers/BSP/Components/lsm303dlhc/lsm303dlhc.o
LOAD ./Drivers/BSP/Components/mfxstm32l152/mfxstm32l152.o
LOAD ./Drivers/BSP/Components/nt35510/nt35510.o
LOAD ./Drivers/BSP/Components/otm8009a/otm8009a.o
LOAD ./Drivers/BSP/Components/ov2640/ov2640.o
LOAD ./Drivers/BSP/Components/ov5640/ov5640.o
LOAD ./Drivers/BSP/Components/s5k5cag/s5k5cag.o
LOAD ./Drivers/BSP/Components/st7735/st7735.o
LOAD ./Drivers/BSP/Components/st7789h2/st7789h2.o
LOAD ./Drivers/BSP/Components/stmpe1600/stmpe1600.o
LOAD ./Drivers/BSP/Components/stmpe811/stmpe811.o
LOAD ./Drivers/BSP/Components/ts3510/ts3510.o
LOAD ./Drivers/BSP/Components/wm8994/wm8994.o
LOAD ./Drivers/BSP/STM32F4-Discovery/stm32f4_discovery.o
LOAD ./Drivers/BSP/STM32F4-Discovery/stm32f4_discovery_accelerometer.o
LOAD ./Drivers/BSP/STM32F4-Discovery/stm32f4_discovery_audio.o
LOAD ./Drivers/STM32F4xx_HAL_Driver/Src/stm32f4xx_hal.o
LOAD ./Drivers/STM32F4xx_HAL_Driver/Src/stm32f4xx_hal_cortex.o
LOAD ./Drivers/STM32F4xx_HAL_Driver/Src/stm32f4xx_hal_dma.o
LOAD ./Drivers/STM32F4xx_HAL_Driver/Src/stm32f4xx_hal_dma_ex.o
LOAD ./Drivers/STM32F4xx_HAL_Driver/Src/stm32f4xx_hal_exti.o
LOAD ./Drivers/STM32F4xx_HAL_Driver/Src/stm32f4xx_hal_flash.o
LOAD ./Drivers/STM32F4xx_HAL_Driver/Src/stm32f4xx_hal_flash_ex.o
LOAD ./Drivers/STM32F4xx_HAL_Driver/Src/stm32f4xx_hal_flash_ramfunc.o
LOAD ./Drivers/STM32F4xx_HAL_Driver/Src/stm32f4xx_hal_gpio.o
LOAD ./Drivers/STM32F4xx_HAL_Driver/Src/stm32f4xx_hal_i2c.o
LOAD ./Drivers/STM32F4xx_HAL_Driver/Src/stm32f4xx_hal_i2c_ex.o
LOAD ./Drivers/STM32F4xx_HAL_Driver/Src/stm32f4xx_hal_i2s.o
LOAD ./Drivers/STM32F4xx_HAL_Driver/Src/stm32f4xx_hal_i2s_ex.o
LOAD ./Drivers/STM32F4xx_HAL_Driver/Src/stm32f4xx_hal_pwr.o
LOAD ./Drivers/STM32F4xx_HAL_Driver/Src/stm32f4xx_hal_pwr_ex.o
LOAD ./Drivers/STM32F4xx_HAL_Driver/Src/stm32f4xx_hal_rcc.o
LOAD ./Drivers/STM32F4xx_HAL_Driver/Src/stm32f4xx_hal_rcc_ex.o
LOAD ./Drivers/STM32F4xx_HAL_Driver/Src/stm32f4xx_hal_tim.o
LOAD ./Drivers/STM32F4xx_HAL_Driver/Src/stm32f4xx_hal_tim_ex.o
LOAD ./Middlewares/Third_Party/FreeRTOS/Source/CMSIS_RTOS_V2/cmsis_os2.o
LOAD ./Middlewares/Third_Party/FreeRTOS/Source/croutine.o
LOAD ./Middlewares/Third_Party/FreeRTOS/Source/event_groups.o
LOAD ./Middlewares/Third_Party/FreeRTOS/Source/list.o
LOAD ./Middlewares/Third_Party/FreeRTOS/Source/queue.o
LOAD ./Middlewares/Third_Party/FreeRTOS/Source/stream_buffer.o
LOAD ./Middlewares/Third_Party/FreeRTOS/Source/tasks.o
LOAD ./Middlewares/Third_Party/FreeRTOS/Source/timers.o
LOAD ./Middlewares/Third_Party/FreeRTOS/Source/portable/GCC/ARM_CM4F/port.o
LOAD ./Middlewares/Third_Party/FreeRTOS/Source/portable/MemMang/heap_4.o
START GROUP
LOAD /opt/st/stm32cubeide_1.7.0/plugins/com.st.stm32cube.ide.mcu.externaltools.gnu-tools-for-stm32.9-2020-q2-update.linux64_2.0.0.202105311346/tools/bin/../lib/gcc/arm-none-eabi/9.3.1/../../../../arm-none-eabi/lib/thumb/v7e-m+fp/hard/libstdc++_nano.a
LOAD /opt/st/stm32cubeide_1.7.0/plugins/com.st.stm32cube.ide.mcu.externaltools.gnu-tools-for-stm32.9-2020-q2-update.linux64_2.0.0.202105311346/tools/bin/../lib/gcc/arm-none-eabi/9.3.1/../../../../arm-none-eabi/lib/thumb/v7e-m+fp/hard/libsupc++_nano.a
END GROUP
LOAD /opt/st/stm32cubeide_1.7.0/plugins/com.st.stm32cube.ide.mcu.externaltools.gnu-tools-for-stm32.9-2020-q2-update.linux64_2.0.0.202105311346/tools/bin/../lib/gcc/arm-none-eabi/9.3.1/../../../../arm-none-eabi/lib/thumb/v7e-m+fp/hard/libstdc++_nano.a
LOAD /opt/st/stm32cubeide_1.7.0/plugins/com.st.stm32cube.ide.mcu.externaltools.gnu-tools-for-stm32.9-2020-q2-update.linux64_2.0.0.202105311346/tools/bin/../lib/gcc/arm-none-eabi/9.3.1/../../../../arm-none-eabi/lib/thumb/v7e-m+fp/hard/libm.a
LOAD /opt/st/stm32cubeide_1.7.0/plugins/com.st.stm32cube.ide.mcu.externaltools.gnu-tools-for-stm32.9-2020-q2-update.linux64_2.0.0.202105311346/tools/bin/../lib/gcc/arm-none-eabi/9.3.1/../../../../arm-none-eabi/lib/thumb/v7e-m+fp/hard/libc_nano.a
START GROUP
LOAD /opt/st/stm32cubeide_1.7.0/plugins/com.st.stm32cube.ide.mcu.externaltools.gnu-tools-for-stm32.9-2020-q2-update.linux64_2.0.0.202105311346/tools/bin/../lib/gcc/arm-none-eabi/9.3.1/thumb/v7e-m+fp/hard/libgcc.a
LOAD /opt/st/stm32cubeide_1.7.0/plugins/com.st.stm32cube.ide.mcu.externaltools.gnu-tools-for-stm32.9-2020-q2-update.linux64_2.0.0.202105311346/tools/bin/../lib/gcc/arm-none-eabi/9.3.1/../../../../arm-none-eabi/lib/thumb/v7e-m+fp/hard/libc_nano.a
END GROUP
START GROUP
LOAD /opt/st/stm32cubeide_1.7.0/plugins/com.st.stm32cube.ide.mcu.externaltools.gnu-tools-for-stm32.9-2020-q2-update.linux64_2.0.0.202105311346/tools/bin/../lib/gcc/arm-none-eabi/9.3.1/thumb/v7e-m+fp/hard/libgcc.a
LOAD /opt/st/stm32cubeide_1.7.0/plugins/com.st.stm32cube.ide.mcu.externaltools.gnu-tools-for-stm32.9-2020-q2-update.linux64_2.0.0.202105311346/tools/bin/../lib/gcc/arm-none-eabi/9.3.1/../../../../arm-none-eabi/lib/thumb/v7e-m+fp/hard/libc_nano.a
LOAD /opt/st/stm32cubeide_1.7.0/plugins/com.st.stm32cube.ide.mcu.externaltools.gnu-tools-for-stm32.9-2020-q2-update.linux64_2.0.0.202105311346/tools/bin/../lib/gcc/arm-none-eabi/9.3.1/../../../../arm-none-eabi/lib/thumb/v7e-m+fp/hard/libnosys.a
END GROUP
START GROUP
LOAD /opt/st/stm32cubeide_1.7.0/plugins/com.st.stm32cube.ide.mcu.externaltools.gnu-tools-for-stm32.9-2020-q2-update.linux64_2.0.0.202105311346/tools/bin/../lib/gcc/arm-none-eabi/9.3.1/thumb/v7e-m+fp/hard/libgcc.a
LOAD /opt/st/stm32cubeide_1.7.0/plugins/com.st.stm32cube.ide.mcu.externaltools.gnu-tools-for-stm32.9-2020-q2-update.linux64_2.0.0.202105311346/tools/bin/../lib/gcc/arm-none-eabi/9.3.1/../../../../arm-none-eabi/lib/thumb/v7e-m+fp/hard/libc_nano.a
LOAD /opt/st/stm32cubeide_1.7.0/plugins/com.st.stm32cube.ide.mcu.externaltools.gnu-tools-for-stm32.9-2020-q2-update.linux64_2.0.0.202105311346/tools/bin/../lib/gcc/arm-none-eabi/9.3.1/../../../../arm-none-eabi/lib/thumb/v7e-m+fp/hard/libnosys.a
END GROUP
LOAD /opt/st/stm32cubeide_1.7.0/plugins/com.st.stm32cube.ide.mcu.externaltools.gnu-tools-for-stm32.9-2020-q2-update.linux64_2.0.0.202105311346/tools/bin/../lib/gcc/arm-none-eabi/9.3.1/thumb/v7e-m+fp/hard/crtend.o
LOAD /opt/st/stm32cubeide_1.7.0/plugins/com.st.stm32cube.ide.mcu.externaltools.gnu-tools-for-stm32.9-2020-q2-update.linux64_2.0.0.202105311346/tools/bin/../lib/gcc/arm-none-eabi/9.3.1/thumb/v7e-m+fp/hard/crtn.o
                0x0000000020020000                _estack = (ORIGIN (RAM) + LENGTH (RAM))
                0x0000000000000200                _Min_Heap_Size = 0x200
                0x0000000000000400                _Min_Stack_Size = 0x400

.isr_vector     0x0000000008000000      0x188
                0x0000000008000000                . = ALIGN (0x4)
 *(.isr_vector)
 .isr_vector    0x0000000008000000      0x188 ./Core/Startup/startup_stm32f407vgtx.o
                0x0000000008000000                g_pfnVectors
                0x0000000008000188                . = ALIGN (0x4)

.text           0x0000000008000190     0x995c
                0x0000000008000190                . = ALIGN (0x4)
 *(.text)
 .text          0x0000000008000190       0x40 /opt/st/stm32cubeide_1.7.0/plugins/com.st.stm32cube.ide.mcu.externaltools.gnu-tools-for-stm32.9-2020-q2-update.linux64_2.0.0.202105311346/tools/bin/../lib/gcc/arm-none-eabi/9.3.1/thumb/v7e-m+fp/hard/crtbegin.o
 .text          0x00000000080001d0       0xa0 /opt/st/stm32cubeide_1.7.0/plugins/com.st.stm32cube.ide.mcu.externaltools.gnu-tools-for-stm32.9-2020-q2-update.linux64_2.0.0.202105311346/tools/bin/../lib/gcc/arm-none-eabi/9.3.1/../../../../arm-none-eabi/lib/thumb/v7e-m+fp/hard/libc_nano.a(lib_a-memchr.o)
                0x00000000080001d0                memchr
 .text          0x0000000008000270       0x30 /opt/st/stm32cubeide_1.7.0/plugins/com.st.stm32cube.ide.mcu.externaltools.gnu-tools-for-stm32.9-2020-q2-update.linux64_2.0.0.202105311346/tools/bin/../lib/gcc/arm-none-eabi/9.3.1/thumb/v7e-m+fp/hard/libgcc.a(_aeabi_uldivmod.o)
                0x0000000008000270                __aeabi_uldivmod
 .text          0x00000000080002a0      0x2c4 /opt/st/stm32cubeide_1.7.0/plugins/com.st.stm32cube.ide.mcu.externaltools.gnu-tools-for-stm32.9-2020-q2-update.linux64_2.0.0.202105311346/tools/bin/../lib/gcc/arm-none-eabi/9.3.1/thumb/v7e-m+fp/hard/libgcc.a(_udivmoddi4.o)
                0x00000000080002a0                __udivmoddi4
 .text          0x0000000008000564        0x4 /opt/st/stm32cubeide_1.7.0/plugins/com.st.stm32cube.ide.mcu.externaltools.gnu-tools-for-stm32.9-2020-q2-update.linux64_2.0.0.202105311346/tools/bin/../lib/gcc/arm-none-eabi/9.3.1/thumb/v7e-m+fp/hard/libgcc.a(_dvmd_tls.o)
                0x0000000008000564                __aeabi_ldiv0
                0x0000000008000564                __aeabi_idiv0
 *(.text*)
 .text.MX_DMA_Init
                0x0000000008000568       0x40 ./Core/Src/dma.o
                0x0000000008000568                MX_DMA_Init
 .text._Z16MX_FREERTOS_Initv
                0x00000000080005a8       0x24 ./Core/Src/freertos.o
                0x00000000080005a8                MX_FREERTOS_Init()
 .text._Z16StartDefaultTaskPv
                0x00000000080005cc       0x90 ./Core/Src/freertos.o
                0x00000000080005cc                StartDefaultTask(void*)
 .text.BSP_AUDIO_OUT_HalfTransfer_CallBack
                0x000000000800065c        0xe ./Core/Src/freertos.o
                0x000000000800065c                BSP_AUDIO_OUT_HalfTransfer_CallBack
 *fill*         0x000000000800066a        0x2 
 .text.BSP_AUDIO_OUT_TransferComplete_CallBack
                0x000000000800066c       0x1c ./Core/Src/freertos.o
                0x000000000800066c                BSP_AUDIO_OUT_TransferComplete_CallBack
 .text._Z10fillBufferh
                0x0000000008000688      0x1a0 ./Core/Src/freertos.o
                0x0000000008000688                fillBuffer(unsigned char)
 .text.MX_GPIO_Init
                0x0000000008000828      0x258 ./Core/Src/gpio.o
                0x0000000008000828                MX_GPIO_Init
 .text.MX_I2C1_Init
                0x0000000008000a80       0x5c ./Core/Src/i2c.o
                0x0000000008000a80                MX_I2C1_Init
 .text.HAL_I2C_MspInit
                0x0000000008000adc       0x90 ./Core/Src/i2c.o
                0x0000000008000adc                HAL_I2C_MspInit
 .text.HAL_I2C_MspDeInit
                0x0000000008000b6c       0x44 ./Core/Src/i2c.o
                0x0000000008000b6c                HAL_I2C_MspDeInit
 .text.MX_I2S3_Init
                0x0000000008000bb0       0x60 ./Core/Src/i2s.o
                0x0000000008000bb0                MX_I2S3_Init
 .text.HAL_I2S_MspInit
                0x0000000008000c10      0x168 ./Core/Src/i2s.o
                0x0000000008000c10                HAL_I2S_MspInit
 .text.main     0x0000000008000d78       0x2a ./Core/Src/main.o
                0x0000000008000d78                main
 *fill*         0x0000000008000da2        0x2 
 .text._Z18SystemClock_Configv
                0x0000000008000da4       0xe8 ./Core/Src/main.o
                0x0000000008000da4                SystemClock_Config()
 .text.HAL_TIM_PeriodElapsedCallback
                0x0000000008000e8c       0x24 ./Core/Src/main.o
                0x0000000008000e8c                HAL_TIM_PeriodElapsedCallback
 .text.Error_Handler
                0x0000000008000eb0        0xa ./Core/Src/main.o
                0x0000000008000eb0                Error_Handler
 *fill*         0x0000000008000eba        0x2 
 .text.HAL_MspInit
                0x0000000008000ebc       0x58 ./Core/Src/stm32f4xx_hal_msp.o
                0x0000000008000ebc                HAL_MspInit
 .text.HAL_InitTick
                0x0000000008000f14       0xb4 ./Core/Src/stm32f4xx_hal_timebase_tim.o
                0x0000000008000f14                HAL_InitTick
 .text.NMI_Handler
                0x0000000008000fc8        0x6 ./Core/Src/stm32f4xx_it.o
                0x0000000008000fc8                NMI_Handler
 .text.HardFault_Handler
                0x0000000008000fce        0x6 ./Core/Src/stm32f4xx_it.o
                0x0000000008000fce                HardFault_Handler
 .text.MemManage_Handler
                0x0000000008000fd4        0x6 ./Core/Src/stm32f4xx_it.o
                0x0000000008000fd4                MemManage_Handler
 .text.BusFault_Handler
                0x0000000008000fda        0x6 ./Core/Src/stm32f4xx_it.o
                0x0000000008000fda                BusFault_Handler
 .text.UsageFault_Handler
                0x0000000008000fe0        0x6 ./Core/Src/stm32f4xx_it.o
                0x0000000008000fe0                UsageFault_Handler
 .text.DebugMon_Handler
                0x0000000008000fe6        0xe ./Core/Src/stm32f4xx_it.o
                0x0000000008000fe6                DebugMon_Handler
 .text.DMA1_Stream5_IRQHandler
                0x0000000008000ff4       0x14 ./Core/Src/stm32f4xx_it.o
                0x0000000008000ff4                DMA1_Stream5_IRQHandler
 .text.TIM8_TRG_COM_TIM14_IRQHandler
                0x0000000008001008       0x14 ./Core/Src/stm32f4xx_it.o
                0x0000000008001008                TIM8_TRG_COM_TIM14_IRQHandler
 .text._getpid  0x000000000800101c       0x10 ./Core/Src/syscalls.o
                0x000000000800101c                _getpid
 .text._kill    0x000000000800102c       0x20 ./Core/Src/syscalls.o
                0x000000000800102c                _kill
 .text._exit    0x000000000800104c       0x14 ./Core/Src/syscalls.o
                0x000000000800104c                _exit
 .text._read    0x0000000008001060       0x3a ./Core/Src/syscalls.o
                0x0000000008001060                _read
 .text._write   0x000000000800109a       0x38 ./Core/Src/syscalls.o
                0x000000000800109a                _write
 .text._close   0x00000000080010d2       0x18 ./Core/Src/syscalls.o
                0x00000000080010d2                _close
 .text._fstat   0x00000000080010ea       0x20 ./Core/Src/syscalls.o
                0x00000000080010ea                _fstat
 .text._isatty  0x000000000800110a       0x16 ./Core/Src/syscalls.o
                0x000000000800110a                _isatty
 .text._lseek   0x0000000008001120       0x1a ./Core/Src/syscalls.o
                0x0000000008001120                _lseek
 *fill*         0x000000000800113a        0x2 
 .text._sbrk    0x000000000800113c       0x6c ./Core/Src/sysmem.o
                0x000000000800113c                _sbrk
 .text.SystemInit
                0x00000000080011a8       0x24 ./Core/Src/system_stm32f4xx.o
                0x00000000080011a8                SystemInit
 .text.Reset_Handler
                0x00000000080011cc       0x50 ./Core/Startup/startup_stm32f407vgtx.o
                0x00000000080011cc                Reset_Handler
 .text.Default_Handler
                0x000000000800121c        0x2 ./Core/Startup/startup_stm32f407vgtx.o
                0x000000000800121c                RTC_Alarm_IRQHandler
                0x000000000800121c                HASH_RNG_IRQHandler
                0x000000000800121c                EXTI2_IRQHandler
                0x000000000800121c                TIM8_CC_IRQHandler
                0x000000000800121c                TIM1_CC_IRQHandler
                0x000000000800121c                DMA2_Stream5_IRQHandler
                0x000000000800121c                PVD_IRQHandler
                0x000000000800121c                SDIO_IRQHandler
                0x000000000800121c                TAMP_STAMP_IRQHandler
                0x000000000800121c                CAN2_RX1_IRQHandler
                0x000000000800121c                EXTI3_IRQHandler
                0x000000000800121c                TIM1_UP_TIM10_IRQHandler
                0x000000000800121c                TIM8_UP_TIM13_IRQHandler
                0x000000000800121c                I2C3_ER_IRQHandler
                0x000000000800121c                EXTI0_IRQHandler
                0x000000000800121c                I2C2_EV_IRQHandler
                0x000000000800121c                DMA1_Stream2_IRQHandler
                0x000000000800121c                CAN1_RX0_IRQHandler
                0x000000000800121c                FPU_IRQHandler
                0x000000000800121c                OTG_HS_WKUP_IRQHandler
                0x000000000800121c                CAN2_SCE_IRQHandler
                0x000000000800121c                DMA2_Stream2_IRQHandler
                0x000000000800121c                SPI1_IRQHandler
                0x000000000800121c                TIM6_DAC_IRQHandler
                0x000000000800121c                TIM1_BRK_TIM9_IRQHandler
                0x000000000800121c                DCMI_IRQHandler
                0x000000000800121c                CAN2_RX0_IRQHandler
                0x000000000800121c                DMA2_Stream3_IRQHandler
                0x000000000800121c                USART6_IRQHandler
                0x000000000800121c                USART3_IRQHandler
                0x000000000800121c                CAN1_RX1_IRQHandler
                0x000000000800121c                UART5_IRQHandler
                0x000000000800121c                DMA2_Stream0_IRQHandler
                0x000000000800121c                TIM4_IRQHandler
                0x000000000800121c                I2C1_EV_IRQHandler
                0x000000000800121c                DMA1_Stream6_IRQHandler
                0x000000000800121c                DMA1_Stream1_IRQHandler
                0x000000000800121c                UART4_IRQHandler
                0x000000000800121c                TIM3_IRQHandler
                0x000000000800121c                RCC_IRQHandler
                0x000000000800121c                TIM8_BRK_TIM12_IRQHandler
                0x000000000800121c                Default_Handler
                0x000000000800121c                EXTI15_10_IRQHandler
                0x000000000800121c                ADC_IRQHandler
                0x000000000800121c                DMA1_Stream7_IRQHandler
                0x000000000800121c                TIM7_IRQHandler
                0x000000000800121c                CAN2_TX_IRQHandler
                0x000000000800121c                TIM5_IRQHandler
                0x000000000800121c                DMA2_Stream7_IRQHandler
                0x000000000800121c                I2C3_EV_IRQHandler
                0x000000000800121c                EXTI9_5_IRQHandler
                0x000000000800121c                RTC_WKUP_IRQHandler
                0x000000000800121c                ETH_WKUP_IRQHandler
                0x000000000800121c                SPI2_IRQHandler
                0x000000000800121c                OTG_HS_EP1_IN_IRQHandler
                0x000000000800121c                DMA1_Stream0_IRQHandler
                0x000000000800121c                CAN1_TX_IRQHandler
                0x000000000800121c                EXTI4_IRQHandler
                0x000000000800121c                FSMC_IRQHandler
                0x000000000800121c                ETH_IRQHandler
                0x000000000800121c                OTG_HS_EP1_OUT_IRQHandler
                0x000000000800121c                WWDG_IRQHandler
                0x000000000800121c                TIM2_IRQHandler
                0x000000000800121c                OTG_FS_WKUP_IRQHandler
                0x000000000800121c                TIM1_TRG_COM_TIM11_IRQHandler
                0x000000000800121c                OTG_HS_IRQHandler
                0x000000000800121c                EXTI1_IRQHandler
                0x000000000800121c                USART2_IRQHandler
                0x000000000800121c                I2C2_ER_IRQHandler
                0x000000000800121c                DMA2_Stream1_IRQHandler
                0x000000000800121c                CAN1_SCE_IRQHandler
                0x000000000800121c                FLASH_IRQHandler
                0x000000000800121c                DMA2_Stream4_IRQHandler
                0x000000000800121c                USART1_IRQHandler
                0x000000000800121c                OTG_FS_IRQHandler
                0x000000000800121c                SPI3_IRQHandler
                0x000000000800121c                DMA1_Stream4_IRQHandler
                0x000000000800121c                I2C1_ER_IRQHandler
                0x000000000800121c                DMA2_Stream6_IRQHandler
                0x000000000800121c                DMA1_Stream3_IRQHandler
 .text.stm32_lock_init
                0x000000000800121e       0x42 ./Core/ThreadSafe/newlib_lock_glue.o
 .text.stm32_lock_acquire
                0x0000000008001260       0x60 ./Core/ThreadSafe/newlib_lock_glue.o
 .text.stm32_lock_release
                0x00000000080012c0       0x54 ./Core/ThreadSafe/newlib_lock_glue.o
 .text.__retarget_lock_init_recursive
                0x0000000008001314       0x4c ./Core/ThreadSafe/newlib_lock_glue.o
                0x0000000008001314                __retarget_lock_init_recursive
 .text.__retarget_lock_acquire_recursive
                0x0000000008001360       0x28 ./Core/ThreadSafe/newlib_lock_glue.o
                0x0000000008001360                __retarget_lock_acquire_recursive
 .text.__retarget_lock_release_recursive
                0x0000000008001388       0x28 ./Core/ThreadSafe/newlib_lock_glue.o
                0x0000000008001388                __retarget_lock_release_recursive
 .text.cs43l22_Init
                0x00000000080013b0      0x1c8 ./Drivers/BSP/Components/cs43l22/cs43l22.o
                0x00000000080013b0                cs43l22_Init
 .text.cs43l22_DeInit
                0x0000000008001578        0xc ./Drivers/BSP/Components/cs43l22/cs43l22.o
                0x0000000008001578                cs43l22_DeInit
 .text.cs43l22_ReadID
                0x0000000008001584       0x30 ./Drivers/BSP/Components/cs43l22/cs43l22.o
                0x0000000008001584                cs43l22_ReadID
 .text.cs43l22_Play
                0x00000000080015b4       0x74 ./Drivers/BSP/Components/cs43l22/cs43l22.o
                0x00000000080015b4                cs43l22_Play
 .text.cs43l22_Pause
                0x0000000008001628       0x42 ./Drivers/BSP/Components/cs43l22/cs43l22.o
                0x0000000008001628                cs43l22_Pause
 *fill*         0x000000000800166a        0x2 
 .text.cs43l22_Resume
                0x000000000800166c       0x78 ./Drivers/BSP/Components/cs43l22/cs43l22.o
                0x000000000800166c                cs43l22_Resume
 .text.cs43l22_Stop
                0x00000000080016e4       0x68 ./Drivers/BSP/Components/cs43l22/cs43l22.o
                0x00000000080016e4                cs43l22_Stop
 .text.cs43l22_SetVolume
                0x000000000800174c       0xbc ./Drivers/BSP/Components/cs43l22/cs43l22.o
                0x000000000800174c                cs43l22_SetVolume
 .text.cs43l22_SetFrequency
                0x0000000008001808       0x1a ./Drivers/BSP/Components/cs43l22/cs43l22.o
                0x0000000008001808                cs43l22_SetFrequency
 *fill*         0x0000000008001822        0x2 
 .text.cs43l22_SetMute
                0x0000000008001824       0xbc ./Drivers/BSP/Components/cs43l22/cs43l22.o
                0x0000000008001824                cs43l22_SetMute
 .text.cs43l22_SetOutputMode
                0x00000000080018e0       0xe4 ./Drivers/BSP/Components/cs43l22/cs43l22.o
                0x00000000080018e0                cs43l22_SetOutputMode
 .text.cs43l22_Reset
                0x00000000080019c4       0x18 ./Drivers/BSP/Components/cs43l22/cs43l22.o
                0x00000000080019c4                cs43l22_Reset
 .text.CODEC_IO_Write
                0x00000000080019dc       0x2e ./Drivers/BSP/Components/cs43l22/cs43l22.o
 *fill*         0x0000000008001a0a        0x2 
 .text.I2Cx_Init
                0x0000000008001a0c       0x4c ./Drivers/BSP/STM32F4-Discovery/stm32f4_discovery.o
 .text.I2Cx_WriteData
                0x0000000008001a58       0x58 ./Drivers/BSP/STM32F4-Discovery/stm32f4_discovery.o
 .text.I2Cx_ReadData
                0x0000000008001ab0       0x5c ./Drivers/BSP/STM32F4-Discovery/stm32f4_discovery.o
 .text.I2Cx_Error
                0x0000000008001b0c       0x20 ./Drivers/BSP/STM32F4-Discovery/stm32f4_discovery.o
 .text.I2Cx_MspInit
                0x0000000008001b2c       0xa8 ./Drivers/BSP/STM32F4-Discovery/stm32f4_discovery.o
 .text.AUDIO_IO_Init
                0x0000000008001bd4       0x70 ./Drivers/BSP/STM32F4-Discovery/stm32f4_discovery.o
                0x0000000008001bd4                AUDIO_IO_Init
 .text.AUDIO_IO_DeInit
                0x0000000008001c44        0xe ./Drivers/BSP/STM32F4-Discovery/stm32f4_discovery.o
                0x0000000008001c44                AUDIO_IO_DeInit
 .text.AUDIO_IO_Write
                0x0000000008001c52       0x26 ./Drivers/BSP/STM32F4-Discovery/stm32f4_discovery.o
                0x0000000008001c52                AUDIO_IO_Write
 .text.AUDIO_IO_Read
                0x0000000008001c78       0x26 ./Drivers/BSP/STM32F4-Discovery/stm32f4_discovery.o
                0x0000000008001c78                AUDIO_IO_Read
 *fill*         0x0000000008001c9e        0x2 
 .text.BSP_AUDIO_OUT_Init
                0x0000000008001ca0       0x9c ./Drivers/BSP/STM32F4-Discovery/stm32f4_discovery_audio.o
                0x0000000008001ca0                BSP_AUDIO_OUT_Init
 .text.BSP_AUDIO_OUT_Play
                0x0000000008001d3c       0x54 ./Drivers/BSP/STM32F4-Discovery/stm32f4_discovery_audio.o
                0x0000000008001d3c                BSP_AUDIO_OUT_Play
 .text.BSP_AUDIO_OUT_ChangeBuffer
                0x0000000008001d90       0x24 ./Drivers/BSP/STM32F4-Discovery/stm32f4_discovery_audio.o
                0x0000000008001d90                BSP_AUDIO_OUT_ChangeBuffer
 .text.HAL_I2S_TxCpltCallback
                0x0000000008001db4       0x24 ./Drivers/BSP/STM32F4-Discovery/stm32f4_discovery_audio.o
                0x0000000008001db4                HAL_I2S_TxCpltCallback
 .text.HAL_I2S_TxHalfCpltCallback
                0x0000000008001dd8       0x24 ./Drivers/BSP/STM32F4-Discovery/stm32f4_discovery_audio.o
                0x0000000008001dd8                HAL_I2S_TxHalfCpltCallback
 .text.BSP_AUDIO_OUT_ClockConfig
                0x0000000008001dfc       0xb4 ./Drivers/BSP/STM32F4-Discovery/stm32f4_discovery_audio.o
                0x0000000008001dfc                BSP_AUDIO_OUT_ClockConfig
 .text.BSP_AUDIO_OUT_MspInit
                0x0000000008001eb0      0x180 ./Drivers/BSP/STM32F4-Discovery/stm32f4_discovery_audio.o
                0x0000000008001eb0                BSP_AUDIO_OUT_MspInit
 .text.BSP_AUDIO_OUT_Error_CallBack
                0x0000000008002030        0xe ./Drivers/BSP/STM32F4-Discovery/stm32f4_discovery_audio.o
                0x0000000008002030                BSP_AUDIO_OUT_Error_CallBack
 *fill*         0x000000000800203e        0x2 
 .text.I2S3_Init
                0x0000000008002040       0x70 ./Drivers/BSP/STM32F4-Discovery/stm32f4_discovery_audio.o
 .text.HAL_I2S_RxCpltCallback
                0x00000000080020b0       0x14 ./Drivers/BSP/STM32F4-Discovery/stm32f4_discovery_audio.o
                0x00000000080020b0                HAL_I2S_RxCpltCallback
 .text.BSP_AUDIO_IN_TransferComplete_CallBack
                0x00000000080020c4        0xe ./Drivers/BSP/STM32F4-Discovery/stm32f4_discovery_audio.o
                0x00000000080020c4                BSP_AUDIO_IN_TransferComplete_CallBack
 .text.BSP_AUDIO_IN_Error_Callback
                0x00000000080020d2        0xe ./Drivers/BSP/STM32F4-Discovery/stm32f4_discovery_audio.o
                0x00000000080020d2                BSP_AUDIO_IN_Error_Callback
 .text.HAL_I2S_ErrorCallback
                0x00000000080020e0       0x34 ./Drivers/BSP/STM32F4-Discovery/stm32f4_discovery_audio.o
                0x00000000080020e0                HAL_I2S_ErrorCallback
 .text.HAL_Init
                0x0000000008002114       0x44 ./Drivers/STM32F4xx_HAL_Driver/Src/stm32f4xx_hal.o
                0x0000000008002114                HAL_Init
 .text.HAL_IncTick
                0x0000000008002158       0x28 ./Drivers/STM32F4xx_HAL_Driver/Src/stm32f4xx_hal.o
                0x0000000008002158                HAL_IncTick
 .text.HAL_GetTick
                0x0000000008002180       0x18 ./Drivers/STM32F4xx_HAL_Driver/Src/stm32f4xx_hal.o
                0x0000000008002180                HAL_GetTick
 .text.HAL_Delay
                0x0000000008002198       0x48 ./Drivers/STM32F4xx_HAL_Driver/Src/stm32f4xx_hal.o
                0x0000000008002198                HAL_Delay
 .text.__NVIC_SetPriorityGrouping
                0x00000000080021e0       0x48 ./Drivers/STM32F4xx_HAL_Driver/Src/stm32f4xx_hal_cortex.o
 .text.__NVIC_GetPriorityGrouping
                0x0000000008002228       0x1c ./Drivers/STM32F4xx_HAL_Driver/Src/stm32f4xx_hal_cortex.o
 .text.__NVIC_EnableIRQ
                0x0000000008002244       0x3c ./Drivers/STM32F4xx_HAL_Driver/Src/stm32f4xx_hal_cortex.o
 .text.__NVIC_SetPriority
                0x0000000008002280       0x54 ./Drivers/STM32F4xx_HAL_Driver/Src/stm32f4xx_hal_cortex.o
 .text.NVIC_EncodePriority
                0x00000000080022d4       0x66 ./Drivers/STM32F4xx_HAL_Driver/Src/stm32f4xx_hal_cortex.o
 .text.HAL_NVIC_SetPriorityGrouping
                0x000000000800233a       0x16 ./Drivers/STM32F4xx_HAL_Driver/Src/stm32f4xx_hal_cortex.o
                0x000000000800233a                HAL_NVIC_SetPriorityGrouping
 .text.HAL_NVIC_SetPriority
                0x0000000008002350       0x38 ./Drivers/STM32F4xx_HAL_Driver/Src/stm32f4xx_hal_cortex.o
                0x0000000008002350                HAL_NVIC_SetPriority
 .text.HAL_NVIC_EnableIRQ
                0x0000000008002388       0x1c ./Drivers/STM32F4xx_HAL_Driver/Src/stm32f4xx_hal_cortex.o
                0x0000000008002388                HAL_NVIC_EnableIRQ
 .text.HAL_DMA_Init
                0x00000000080023a4      0x15c ./Drivers/STM32F4xx_HAL_Driver/Src/stm32f4xx_hal_dma.o
                0x00000000080023a4                HAL_DMA_Init
 .text.HAL_DMA_DeInit
                0x0000000008002500       0xbc ./Drivers/STM32F4xx_HAL_Driver/Src/stm32f4xx_hal_dma.o
                0x0000000008002500                HAL_DMA_DeInit
 .text.HAL_DMA_Start_IT
                0x00000000080025bc       0xb0 ./Drivers/STM32F4xx_HAL_Driver/Src/stm32f4xx_hal_dma.o
                0x00000000080025bc                HAL_DMA_Start_IT
 .text.HAL_DMA_IRQHandler
                0x000000000800266c      0x314 ./Drivers/STM32F4xx_HAL_Driver/Src/stm32f4xx_hal_dma.o
                0x000000000800266c                HAL_DMA_IRQHandler
 .text.DMA_SetConfig
                0x0000000008002980       0x5c ./Drivers/STM32F4xx_HAL_Driver/Src/stm32f4xx_hal_dma.o
 .text.DMA_CalcBaseAndBitshift
                0x00000000080029dc       0x6c ./Drivers/STM32F4xx_HAL_Driver/Src/stm32f4xx_hal_dma.o
 .text.DMA_CheckFifoParam
                0x0000000008002a48       0xf8 ./Drivers/STM32F4xx_HAL_Driver/Src/stm32f4xx_hal_dma.o
 .text.HAL_GPIO_Init
                0x0000000008002b40      0x338 ./Drivers/STM32F4xx_HAL_Driver/Src/stm32f4xx_hal_gpio.o
                0x0000000008002b40                HAL_GPIO_Init
 .text.HAL_GPIO_DeInit
                0x0000000008002e78      0x1f8 ./Drivers/STM32F4xx_HAL_Driver/Src/stm32f4xx_hal_gpio.o
                0x0000000008002e78                HAL_GPIO_DeInit
 .text.HAL_GPIO_WritePin
                0x0000000008003070       0x32 ./Drivers/STM32F4xx_HAL_Driver/Src/stm32f4xx_hal_gpio.o
                0x0000000008003070                HAL_GPIO_WritePin
 .text.HAL_GPIO_TogglePin
                0x00000000080030a2       0x34 ./Drivers/STM32F4xx_HAL_Driver/Src/stm32f4xx_hal_gpio.o
                0x00000000080030a2                HAL_GPIO_TogglePin
 *fill*         0x00000000080030d6        0x2 
 .text.HAL_I2C_Init
                0x00000000080030d8      0x288 ./Drivers/STM32F4xx_HAL_Driver/Src/stm32f4xx_hal_i2c.o
                0x00000000080030d8                HAL_I2C_Init
 .text.HAL_I2C_DeInit
                0x0000000008003360       0x5e ./Drivers/STM32F4xx_HAL_Driver/Src/stm32f4xx_hal_i2c.o
                0x0000000008003360                HAL_I2C_DeInit
 *fill*         0x00000000080033be        0x2 
 .text.HAL_I2C_Mem_Write
                0x00000000080033c0      0x1f4 ./Drivers/STM32F4xx_HAL_Driver/Src/stm32f4xx_hal_i2c.o
                0x00000000080033c0                HAL_I2C_Mem_Write
 .text.HAL_I2C_Mem_Read
                0x00000000080035b4      0x44c ./Drivers/STM32F4xx_HAL_Driver/Src/stm32f4xx_hal_i2c.o
                0x00000000080035b4                HAL_I2C_Mem_Read
 .text.HAL_I2C_GetState
                0x0000000008003a00       0x1c ./Drivers/STM32F4xx_HAL_Driver/Src/stm32f4xx_hal_i2c.o
                0x0000000008003a00                HAL_I2C_GetState
 .text.I2C_RequestMemoryWrite
                0x0000000008003a1c      0x12c ./Drivers/STM32F4xx_HAL_Driver/Src/stm32f4xx_hal_i2c.o
 .text.I2C_RequestMemoryRead
                0x0000000008003b48      0x1d0 ./Drivers/STM32F4xx_HAL_Driver/Src/stm32f4xx_hal_i2c.o
 .text.I2C_WaitOnFlagUntilTimeout
                0x0000000008003d18       0xae ./Drivers/STM32F4xx_HAL_Driver/Src/stm32f4xx_hal_i2c.o
 .text.I2C_WaitOnMasterAddressFlagUntilTimeout
                0x0000000008003dc6       0xfe ./Drivers/STM32F4xx_HAL_Driver/Src/stm32f4xx_hal_i2c.o
 .text.I2C_WaitOnTXEFlagUntilTimeout
                0x0000000008003ec4       0x82 ./Drivers/STM32F4xx_HAL_Driver/Src/stm32f4xx_hal_i2c.o
 .text.I2C_WaitOnBTFFlagUntilTimeout
                0x0000000008003f46       0x82 ./Drivers/STM32F4xx_HAL_Driver/Src/stm32f4xx_hal_i2c.o
 .text.I2C_WaitOnRXNEFlagUntilTimeout
                0x0000000008003fc8       0xac ./Drivers/STM32F4xx_HAL_Driver/Src/stm32f4xx_hal_i2c.o
 .text.I2C_IsAcknowledgeFailed
                0x0000000008004074       0x5e ./Drivers/STM32F4xx_HAL_Driver/Src/stm32f4xx_hal_i2c.o
 *fill*         0x00000000080040d2        0x2 
 .text.HAL_I2S_Init
                0x00000000080040d4      0x280 ./Drivers/STM32F4xx_HAL_Driver/Src/stm32f4xx_hal_i2s.o
                0x00000000080040d4                HAL_I2S_Init
 .text.HAL_I2S_Transmit_DMA
                0x0000000008004354      0x150 ./Drivers/STM32F4xx_HAL_Driver/Src/stm32f4xx_hal_i2s.o
                0x0000000008004354                HAL_I2S_Transmit_DMA
 .text.HAL_I2S_GetState
                0x00000000080044a4       0x1c ./Drivers/STM32F4xx_HAL_Driver/Src/stm32f4xx_hal_i2s.o
                0x00000000080044a4                HAL_I2S_GetState
 .text.I2S_DMATxCplt
                0x00000000080044c0       0x42 ./Drivers/STM32F4xx_HAL_Driver/Src/stm32f4xx_hal_i2s.o
 .text.I2S_DMATxHalfCplt
                0x0000000008004502       0x1c ./Drivers/STM32F4xx_HAL_Driver/Src/stm32f4xx_hal_i2s.o
 .text.I2S_DMAError
                0x000000000800451e       0x4c ./Drivers/STM32F4xx_HAL_Driver/Src/stm32f4xx_hal_i2s.o
 .text.I2S_Transmit_IT
                0x000000000800456a       0x5c ./Drivers/STM32F4xx_HAL_Driver/Src/stm32f4xx_hal_i2s.o
 .text.I2S_Receive_IT
                0x00000000080045c6       0x5e ./Drivers/STM32F4xx_HAL_Driver/Src/stm32f4xx_hal_i2s.o
 .text.I2S_IRQHandler
                0x0000000008004624      0x114 ./Drivers/STM32F4xx_HAL_Driver/Src/stm32f4xx_hal_i2s.o
 .text.HAL_I2SEx_FullDuplex_IRQHandler
                0x0000000008004738      0x2a8 ./Drivers/STM32F4xx_HAL_Driver/Src/stm32f4xx_hal_i2s_ex.o
                0x0000000008004738                HAL_I2SEx_FullDuplex_IRQHandler
 .text.HAL_I2SEx_TxRxCpltCallback
                0x00000000080049e0       0x14 ./Drivers/STM32F4xx_HAL_Driver/Src/stm32f4xx_hal_i2s_ex.o
                0x00000000080049e0                HAL_I2SEx_TxRxCpltCallback
 .text.I2SEx_TxISR_I2S
                0x00000000080049f4       0x62 ./Drivers/STM32F4xx_HAL_Driver/Src/stm32f4xx_hal_i2s_ex.o
 *fill*         0x0000000008004a56        0x2 
 .text.I2SEx_TxISR_I2SExt
                0x0000000008004a58       0x98 ./Drivers/STM32F4xx_HAL_Driver/Src/stm32f4xx_hal_i2s_ex.o
 .text.I2SEx_RxISR_I2S
                0x0000000008004af0       0x64 ./Drivers/STM32F4xx_HAL_Driver/Src/stm32f4xx_hal_i2s_ex.o
 .text.I2SEx_RxISR_I2SExt
                0x0000000008004b54       0x98 ./Drivers/STM32F4xx_HAL_Driver/Src/stm32f4xx_hal_i2s_ex.o
 .text.HAL_RCC_OscConfig
                0x0000000008004bec      0x4f0 ./Drivers/STM32F4xx_HAL_Driver/Src/stm32f4xx_hal_rcc.o
                0x0000000008004bec                HAL_RCC_OscConfig
 .text.HAL_RCC_ClockConfig
                0x00000000080050dc      0x1cc ./Drivers/STM32F4xx_HAL_Driver/Src/stm32f4xx_hal_rcc.o
                0x00000000080050dc                HAL_RCC_ClockConfig
 .text.HAL_RCC_GetSysClockFreq
                0x00000000080052a8      0x1c4 ./Drivers/STM32F4xx_HAL_Driver/Src/stm32f4xx_hal_rcc.o
                0x00000000080052a8                HAL_RCC_GetSysClockFreq
 .text.HAL_RCC_GetHCLKFreq
                0x000000000800546c       0x18 ./Drivers/STM32F4xx_HAL_Driver/Src/stm32f4xx_hal_rcc.o
                0x000000000800546c                HAL_RCC_GetHCLKFreq
 .text.HAL_RCC_GetPCLK1Freq
                0x0000000008005484       0x28 ./Drivers/STM32F4xx_HAL_Driver/Src/stm32f4xx_hal_rcc.o
                0x0000000008005484                HAL_RCC_GetPCLK1Freq
 .text.HAL_RCC_GetClockConfig
                0x00000000080054ac       0x64 ./Drivers/STM32F4xx_HAL_Driver/Src/stm32f4xx_hal_rcc.o
                0x00000000080054ac                HAL_RCC_GetClockConfig
 .text.HAL_RCCEx_PeriphCLKConfig
                0x0000000008005510      0x1c4 ./Drivers/STM32F4xx_HAL_Driver/Src/stm32f4xx_hal_rcc_ex.o
                0x0000000008005510                HAL_RCCEx_PeriphCLKConfig
 .text.HAL_RCCEx_GetPeriphCLKConfig
                0x00000000080056d4       0x58 ./Drivers/STM32F4xx_HAL_Driver/Src/stm32f4xx_hal_rcc_ex.o
                0x00000000080056d4                HAL_RCCEx_GetPeriphCLKConfig
 .text.HAL_RCCEx_GetPeriphCLKFreq
                0x000000000800572c       0xbc ./Drivers/STM32F4xx_HAL_Driver/Src/stm32f4xx_hal_rcc_ex.o
                0x000000000800572c                HAL_RCCEx_GetPeriphCLKFreq
 .text.HAL_TIM_Base_Init
                0x00000000080057e8       0x9e ./Drivers/STM32F4xx_HAL_Driver/Src/stm32f4xx_hal_tim.o
                0x00000000080057e8                HAL_TIM_Base_Init
 .text.HAL_TIM_Base_MspInit
                0x0000000008005886       0x14 ./Drivers/STM32F4xx_HAL_Driver/Src/stm32f4xx_hal_tim.o
                0x0000000008005886                HAL_TIM_Base_MspInit
 *fill*         0x000000000800589a        0x2 
 .text.HAL_TIM_Base_Start_IT
                0x000000000800589c       0xe0 ./Drivers/STM32F4xx_HAL_Driver/Src/stm32f4xx_hal_tim.o
                0x000000000800589c                HAL_TIM_Base_Start_IT
 .text.HAL_TIM_IRQHandler
                0x000000000800597c      0x210 ./Drivers/STM32F4xx_HAL_Driver/Src/stm32f4xx_hal_tim.o
                0x000000000800597c                HAL_TIM_IRQHandler
 .text.HAL_TIM_OC_DelayElapsedCallback
                0x0000000008005b8c       0x14 ./Drivers/STM32F4xx_HAL_Driver/Src/stm32f4xx_hal_tim.o
                0x0000000008005b8c                HAL_TIM_OC_DelayElapsedCallback
 .text.HAL_TIM_IC_CaptureCallback
                0x0000000008005ba0       0x14 ./Drivers/STM32F4xx_HAL_Driver/Src/stm32f4xx_hal_tim.o
                0x0000000008005ba0                HAL_TIM_IC_CaptureCallback
 .text.HAL_TIM_PWM_PulseFinishedCallback
                0x0000000008005bb4       0x14 ./Drivers/STM32F4xx_HAL_Driver/Src/stm32f4xx_hal_tim.o
                0x0000000008005bb4                HAL_TIM_PWM_PulseFinishedCallback
 .text.HAL_TIM_TriggerCallback
                0x0000000008005bc8       0x14 ./Drivers/STM32F4xx_HAL_Driver/Src/stm32f4xx_hal_tim.o
                0x0000000008005bc8                HAL_TIM_TriggerCallback
 .text.TIM_Base_SetConfig
                0x0000000008005bdc      0x140 ./Drivers/STM32F4xx_HAL_Driver/Src/stm32f4xx_hal_tim.o
                0x0000000008005bdc                TIM_Base_SetConfig
 .text.HAL_TIMEx_CommutCallback
                0x0000000008005d1c       0x14 ./Drivers/STM32F4xx_HAL_Driver/Src/stm32f4xx_hal_tim_ex.o
                0x0000000008005d1c                HAL_TIMEx_CommutCallback
 .text.HAL_TIMEx_BreakCallback
                0x0000000008005d30       0x14 ./Drivers/STM32F4xx_HAL_Driver/Src/stm32f4xx_hal_tim_ex.o
                0x0000000008005d30                HAL_TIMEx_BreakCallback
 .text.__NVIC_SetPriority
                0x0000000008005d44       0x54 ./Middlewares/Third_Party/FreeRTOS/Source/CMSIS_RTOS_V2/cmsis_os2.o
 .text.SysTick_Handler
                0x0000000008005d98       0x20 ./Middlewares/Third_Party/FreeRTOS/Source/CMSIS_RTOS_V2/cmsis_os2.o
                0x0000000008005d98                SysTick_Handler
 .text.SVC_Setup
                0x0000000008005db8       0x12 ./Middlewares/Third_Party/FreeRTOS/Source/CMSIS_RTOS_V2/cmsis_os2.o
 *fill*         0x0000000008005dca        0x2 
 .text.osKernelInitialize
                0x0000000008005dcc       0x48 ./Middlewares/Third_Party/FreeRTOS/Source/CMSIS_RTOS_V2/cmsis_os2.o
                0x0000000008005dcc                osKernelInitialize
 .text.osKernelStart
                0x0000000008005e14       0x4c ./Middlewares/Third_Party/FreeRTOS/Source/CMSIS_RTOS_V2/cmsis_os2.o
                0x0000000008005e14                osKernelStart
 .text.osThreadNew
                0x0000000008005e60      0x124 ./Middlewares/Third_Party/FreeRTOS/Source/CMSIS_RTOS_V2/cmsis_os2.o
                0x0000000008005e60                osThreadNew
 .text.osDelay  0x0000000008005f84       0x36 ./Middlewares/Third_Party/FreeRTOS/Source/CMSIS_RTOS_V2/cmsis_os2.o
                0x0000000008005f84                osDelay
 *fill*         0x0000000008005fba        0x2 
 .text.vApplicationGetIdleTaskMemory
                0x0000000008005fbc       0x34 ./Middlewares/Third_Party/FreeRTOS/Source/CMSIS_RTOS_V2/cmsis_os2.o
                0x0000000008005fbc                vApplicationGetIdleTaskMemory
 .text.vApplicationGetTimerTaskMemory
                0x0000000008005ff0       0x34 ./Middlewares/Third_Party/FreeRTOS/Source/CMSIS_RTOS_V2/cmsis_os2.o
                0x0000000008005ff0                vApplicationGetTimerTaskMemory
 .text.vListInitialise
                0x0000000008006024       0x40 ./Middlewares/Third_Party/FreeRTOS/Source/list.o
                0x0000000008006024                vListInitialise
 .text.vListInitialiseItem
                0x0000000008006064       0x1a ./Middlewares/Third_Party/FreeRTOS/Source/list.o
                0x0000000008006064                vListInitialiseItem
 .text.vListInsertEnd
                0x000000000800607e       0x48 ./Middlewares/Third_Party/FreeRTOS/Source/list.o
                0x000000000800607e                vListInsertEnd
 .text.vListInsert
                0x00000000080060c6       0x72 ./Middlewares/Third_Party/FreeRTOS/Source/list.o
                0x00000000080060c6                vListInsert
 .text.uxListRemove
                0x0000000008006138       0x54 ./Middlewares/Third_Party/FreeRTOS/Source/list.o
                0x0000000008006138                uxListRemove
 .text.xQueueGenericReset
                0x000000000800618c       0xd0 ./Middlewares/Third_Party/FreeRTOS/Source/queue.o
                0x000000000800618c                xQueueGenericReset
 .text.xQueueGenericCreateStatic
                0x000000000800625c       0xf0 ./Middlewares/Third_Party/FreeRTOS/Source/queue.o
                0x000000000800625c                xQueueGenericCreateStatic
 .text.prvInitialiseNewQueue
                0x000000000800634c       0x46 ./Middlewares/Third_Party/FreeRTOS/Source/queue.o
 *fill*         0x0000000008006392        0x2 
 .text.xQueueGenericSend
                0x0000000008006394      0x1fc ./Middlewares/Third_Party/FreeRTOS/Source/queue.o
                0x0000000008006394                xQueueGenericSend
 .text.xQueueGenericSendFromISR
                0x0000000008006590      0x136 ./Middlewares/Third_Party/FreeRTOS/Source/queue.o
                0x0000000008006590                xQueueGenericSendFromISR
 *fill*         0x00000000080066c6        0x2 
 .text.xQueueReceive
                0x00000000080066c8      0x1c0 ./Middlewares/Third_Party/FreeRTOS/Source/queue.o
                0x00000000080066c8                xQueueReceive
 .text.prvCopyDataToQueue
                0x0000000008006888       0xd4 ./Middlewares/Third_Party/FreeRTOS/Source/queue.o
 .text.prvCopyDataFromQueue
                0x000000000800695c       0x4c ./Middlewares/Third_Party/FreeRTOS/Source/queue.o
 .text.prvUnlockQueue
                0x00000000080069a8       0xa4 ./Middlewares/Third_Party/FreeRTOS/Source/queue.o
 .text.prvIsQueueEmpty
                0x0000000008006a4c       0x2c ./Middlewares/Third_Party/FreeRTOS/Source/queue.o
 .text.prvIsQueueFull
                0x0000000008006a78       0x30 ./Middlewares/Third_Party/FreeRTOS/Source/queue.o
 .text.vQueueAddToRegistry
                0x0000000008006aa8       0x54 ./Middlewares/Third_Party/FreeRTOS/Source/queue.o
                0x0000000008006aa8                vQueueAddToRegistry
 .text.vQueueWaitForMessageRestricted
                0x0000000008006afc       0x68 ./Middlewares/Third_Party/FreeRTOS/Source/queue.o
                0x0000000008006afc                vQueueWaitForMessageRestricted
 .text.xTaskCreateStatic
                0x0000000008006b64       0xba ./Middlewares/Third_Party/FreeRTOS/Source/tasks.o
                0x0000000008006b64                xTaskCreateStatic
 .text.xTaskCreate
                0x0000000008006c1e       0x8a ./Middlewares/Third_Party/FreeRTOS/Source/tasks.o
                0x0000000008006c1e                xTaskCreate
 .text.prvInitialiseNewTask
                0x0000000008006ca8      0x14c ./Middlewares/Third_Party/FreeRTOS/Source/tasks.o
 .text.prvAddNewTaskToReadyList
                0x0000000008006df4       0xe0 ./Middlewares/Third_Party/FreeRTOS/Source/tasks.o
 .text.vTaskDelay
                0x0000000008006ed4       0x68 ./Middlewares/Third_Party/FreeRTOS/Source/tasks.o
                0x0000000008006ed4                vTaskDelay
 .text.vTaskStartScheduler
                0x0000000008006f3c       0xe0 ./Middlewares/Third_Party/FreeRTOS/Source/tasks.o
                0x0000000008006f3c                vTaskStartScheduler
 .text.vTaskSuspendAll
                0x000000000800701c       0x1c ./Middlewares/Third_Party/FreeRTOS/Source/tasks.o
                0x000000000800701c                vTaskSuspendAll
 .text.xTaskResumeAll
                0x0000000008007038      0x13c ./Middlewares/Third_Party/FreeRTOS/Source/tasks.o
                0x0000000008007038                xTaskResumeAll
 .text.xTaskGetTickCount
                0x0000000008007174       0x20 ./Middlewares/Third_Party/FreeRTOS/Source/tasks.o
                0x0000000008007174                xTaskGetTickCount
 .text.xTaskIncrementTick
                0x0000000008007194      0x174 ./Middlewares/Third_Party/FreeRTOS/Source/tasks.o
                0x0000000008007194                xTaskIncrementTick
 .text.vTaskSwitchContext
                0x0000000008007308       0xc8 ./Middlewares/Third_Party/FreeRTOS/Source/tasks.o
                0x0000000008007308                vTaskSwitchContext
 .text.vTaskPlaceOnEventList
                0x00000000080073d0       0x48 ./Middlewares/Third_Party/FreeRTOS/Source/tasks.o
                0x00000000080073d0                vTaskPlaceOnEventList
 .text.vTaskPlaceOnEventListRestricted
                0x0000000008007418       0x58 ./Middlewares/Third_Party/FreeRTOS/Source/tasks.o
                0x0000000008007418                vTaskPlaceOnEventListRestricted
 .text.xTaskRemoveFromEventList
                0x0000000008007470       0xc8 ./Middlewares/Third_Party/FreeRTOS/Source/tasks.o
                0x0000000008007470                xTaskRemoveFromEventList
 .text.vTaskInternalSetTimeOutState
                0x0000000008007538       0x2c ./Middlewares/Third_Party/FreeRTOS/Source/tasks.o
                0x0000000008007538                vTaskInternalSetTimeOutState
 .text.xTaskCheckForTimeOut
                0x0000000008007564       0xc4 ./Middlewares/Third_Party/FreeRTOS/Source/tasks.o
                0x0000000008007564                xTaskCheckForTimeOut
 .text.vTaskMissedYield
                0x0000000008007628       0x18 ./Middlewares/Third_Party/FreeRTOS/Source/tasks.o
                0x0000000008007628                vTaskMissedYield
 .text.prvIdleTask
                0x0000000008007640       0x30 ./Middlewares/Third_Party/FreeRTOS/Source/tasks.o
 .text.prvInitialiseTaskLists
                0x0000000008007670       0x80 ./Middlewares/Third_Party/FreeRTOS/Source/tasks.o
 .text.prvCheckTasksWaitingTermination
                0x00000000080076f0       0x5c ./Middlewares/Third_Party/FreeRTOS/Source/tasks.o
 .text.prvDeleteTCB
                0x000000000800774c       0x68 ./Middlewares/Third_Party/FreeRTOS/Source/tasks.o
 .text.prvResetNextTaskUnblockTime
                0x00000000080077b4       0x40 ./Middlewares/Third_Party/FreeRTOS/Source/tasks.o
 .text.xTaskGetSchedulerState
                0x00000000080077f4       0x3c ./Middlewares/Third_Party/FreeRTOS/Source/tasks.o
                0x00000000080077f4                xTaskGetSchedulerState
 .text.xTaskPriorityDisinherit
                0x0000000008007830       0xdc ./Middlewares/Third_Party/FreeRTOS/Source/tasks.o
                0x0000000008007830                xTaskPriorityDisinherit
 .text.prvAddCurrentTaskToDelayedList
                0x000000000800790c       0xa8 ./Middlewares/Third_Party/FreeRTOS/Source/tasks.o
 .text.xTimerCreateTimerTask
                0x00000000080079b4       0x90 ./Middlewares/Third_Party/FreeRTOS/Source/timers.o
                0x00000000080079b4                xTimerCreateTimerTask
 .text.xTimerGenericCommand
                0x0000000008007a44       0x9c ./Middlewares/Third_Party/FreeRTOS/Source/timers.o
                0x0000000008007a44                xTimerGenericCommand
 .text.prvProcessExpiredTimer
                0x0000000008007ae0       0x98 ./Middlewares/Third_Party/FreeRTOS/Source/timers.o
 .text.prvTimerTask
                0x0000000008007b78       0x24 ./Middlewares/Third_Party/FreeRTOS/Source/timers.o
 .text.prvProcessTimerOrBlockTask
                0x0000000008007b9c       0x9c ./Middlewares/Third_Party/FreeRTOS/Source/timers.o
 .text.prvGetNextExpireTime
                0x0000000008007c38       0x48 ./Middlewares/Third_Party/FreeRTOS/Source/timers.o
 .text.prvSampleTimeNow
                0x0000000008007c80       0x40 ./Middlewares/Third_Party/FreeRTOS/Source/timers.o
 .text.prvInsertTimerInActiveList
                0x0000000008007cc0       0x84 ./Middlewares/Third_Party/FreeRTOS/Source/timers.o
 .text.prvProcessReceivedCommands
                0x0000000008007d44      0x1c4 ./Middlewares/Third_Party/FreeRTOS/Source/timers.o
 .text.prvSwitchTimerLists
                0x0000000008007f08       0xc8 ./Middlewares/Third_Party/FreeRTOS/Source/timers.o
 .text.prvCheckForValidListAndQueue
                0x0000000008007fd0       0x80 ./Middlewares/Third_Party/FreeRTOS/Source/timers.o
 .text.pxPortInitialiseStack
                0x0000000008008050       0x68 ./Middlewares/Third_Party/FreeRTOS/Source/portable/GCC/ARM_CM4F/port.o
                0x0000000008008050                pxPortInitialiseStack
 .text.prvTaskExitError
                0x00000000080080b8       0x58 ./Middlewares/Third_Party/FreeRTOS/Source/portable/GCC/ARM_CM4F/port.o
 .text.SVC_Handler
                0x0000000008008110       0x28 ./Middlewares/Third_Party/FreeRTOS/Source/portable/GCC/ARM_CM4F/port.o
                0x0000000008008110                SVC_Handler
 .text.prvPortStartFirstTask
                0x0000000008008138       0x28 ./Middlewares/Third_Party/FreeRTOS/Source/portable/GCC/ARM_CM4F/port.o
 .text.xPortStartScheduler
                0x0000000008008160      0x144 ./Middlewares/Third_Party/FreeRTOS/Source/portable/GCC/ARM_CM4F/port.o
                0x0000000008008160                xPortStartScheduler
 .text.vPortEnterCritical
                0x00000000080082a4       0x60 ./Middlewares/Third_Party/FreeRTOS/Source/portable/GCC/ARM_CM4F/port.o
                0x00000000080082a4                vPortEnterCritical
 .text.vPortExitCritical
                0x0000000008008304       0x54 ./Middlewares/Third_Party/FreeRTOS/Source/portable/GCC/ARM_CM4F/port.o
                0x0000000008008304                vPortExitCritical
 *fill*         0x0000000008008358        0x8 
 .text.PendSV_Handler
                0x0000000008008360       0x68 ./Middlewares/Third_Party/FreeRTOS/Source/portable/GCC/ARM_CM4F/port.o
                0x0000000008008360                PendSV_Handler
 .text.xPortSysTickHandler
                0x00000000080083c8       0x44 ./Middlewares/Third_Party/FreeRTOS/Source/portable/GCC/ARM_CM4F/port.o
                0x00000000080083c8                xPortSysTickHandler
 .text.vPortSetupTimerInterrupt
                0x000000000800840c       0x48 ./Middlewares/Third_Party/FreeRTOS/Source/portable/GCC/ARM_CM4F/port.o
                0x000000000800840c                vPortSetupTimerInterrupt
 .text.vPortEnableVFP
                0x0000000008008454       0x14 ./Middlewares/Third_Party/FreeRTOS/Source/portable/GCC/ARM_CM4F/port.o
 .text.vPortValidateInterruptPriority
                0x0000000008008468       0x80 ./Middlewares/Third_Party/FreeRTOS/Source/portable/GCC/ARM_CM4F/port.o
                0x0000000008008468                vPortValidateInterruptPriority
 .text.pvPortMalloc
                0x00000000080084e8      0x198 ./Middlewares/Third_Party/FreeRTOS/Source/portable/MemMang/heap_4.o
                0x00000000080084e8                pvPortMalloc
 .text.vPortFree
                0x0000000008008680       0xc4 ./Middlewares/Third_Party/FreeRTOS/Source/portable/MemMang/heap_4.o
                0x0000000008008680                vPortFree
 .text.prvHeapInit
                0x0000000008008744       0xc4 ./Middlewares/Third_Party/FreeRTOS/Source/portable/MemMang/heap_4.o
 .text.prvInsertBlockIntoFreeList
                0x0000000008008808       0xb4 ./Middlewares/Third_Party/FreeRTOS/Source/portable/MemMang/heap_4.o
 .text.__errno  0x00000000080088bc        0xc /opt/st/stm32cubeide_1.7.0/plugins/com.st.stm32cube.ide.mcu.externaltools.gnu-tools-for-stm32.9-2020-q2-update.linux64_2.0.0.202105311346/tools/bin/../lib/gcc/arm-none-eabi/9.3.1/../../../../arm-none-eabi/lib/thumb/v7e-m+fp/hard/libc_nano.a(lib_a-errno.o)
                0x00000000080088bc                __errno
 .text.std      0x00000000080088c8       0x48 /opt/st/stm32cubeide_1.7.0/plugins/com.st.stm32cube.ide.mcu.externaltools.gnu-tools-for-stm32.9-2020-q2-update.linux64_2.0.0.202105311346/tools/bin/../lib/gcc/arm-none-eabi/9.3.1/../../../../arm-none-eabi/lib/thumb/v7e-m+fp/hard/libc_nano.a(lib_a-findfp.o)
 .text._cleanup_r
                0x0000000008008910        0xc /opt/st/stm32cubeide_1.7.0/plugins/com.st.stm32cube.ide.mcu.externaltools.gnu-tools-for-stm32.9-2020-q2-update.linux64_2.0.0.202105311346/tools/bin/../lib/gcc/arm-none-eabi/9.3.1/../../../../arm-none-eabi/lib/thumb/v7e-m+fp/hard/libc_nano.a(lib_a-findfp.o)
                0x0000000008008910                _cleanup_r
 .text.__sfmoreglue
                0x000000000800891c       0x2c /opt/st/stm32cubeide_1.7.0/plugins/com.st.stm32cube.ide.mcu.externaltools.gnu-tools-for-stm32.9-2020-q2-update.linux64_2.0.0.202105311346/tools/bin/../lib/gcc/arm-none-eabi/9.3.1/../../../../arm-none-eabi/lib/thumb/v7e-m+fp/hard/libc_nano.a(lib_a-findfp.o)
                0x000000000800891c                __sfmoreglue
 .text.__sfp_lock_acquire
                0x0000000008008948        0xc /opt/st/stm32cubeide_1.7.0/plugins/com.st.stm32cube.ide.mcu.externaltools.gnu-tools-for-stm32.9-2020-q2-update.linux64_2.0.0.202105311346/tools/bin/../lib/gcc/arm-none-eabi/9.3.1/../../../../arm-none-eabi/lib/thumb/v7e-m+fp/hard/libc_nano.a(lib_a-findfp.o)
                0x0000000008008948                __sfp_lock_acquire
 .text.__sfp_lock_release
                0x0000000008008954        0xc /opt/st/stm32cubeide_1.7.0/plugins/com.st.stm32cube.ide.mcu.externaltools.gnu-tools-for-stm32.9-2020-q2-update.linux64_2.0.0.202105311346/tools/bin/../lib/gcc/arm-none-eabi/9.3.1/../../../../arm-none-eabi/lib/thumb/v7e-m+fp/hard/libc_nano.a(lib_a-findfp.o)
                0x0000000008008954                __sfp_lock_release
 .text.__sinit_lock_acquire
                0x0000000008008960        0xc /opt/st/stm32cubeide_1.7.0/plugins/com.st.stm32cube.ide.mcu.externaltools.gnu-tools-for-stm32.9-2020-q2-update.linux64_2.0.0.202105311346/tools/bin/../lib/gcc/arm-none-eabi/9.3.1/../../../../arm-none-eabi/lib/thumb/v7e-m+fp/hard/libc_nano.a(lib_a-findfp.o)
                0x0000000008008960                __sinit_lock_acquire
 .text.__sinit_lock_release
                0x000000000800896c        0xc /opt/st/stm32cubeide_1.7.0/plugins/com.st.stm32cube.ide.mcu.externaltools.gnu-tools-for-stm32.9-2020-q2-update.linux64_2.0.0.202105311346/tools/bin/../lib/gcc/arm-none-eabi/9.3.1/../../../../arm-none-eabi/lib/thumb/v7e-m+fp/hard/libc_nano.a(lib_a-findfp.o)
                0x000000000800896c                __sinit_lock_release
 .text.__sinit  0x0000000008008978       0x70 /opt/st/stm32cubeide_1.7.0/plugins/com.st.stm32cube.ide.mcu.externaltools.gnu-tools-for-stm32.9-2020-q2-update.linux64_2.0.0.202105311346/tools/bin/../lib/gcc/arm-none-eabi/9.3.1/../../../../arm-none-eabi/lib/thumb/v7e-m+fp/hard/libc_nano.a(lib_a-findfp.o)
                0x0000000008008978                __sinit
 .text.__sfp    0x00000000080089e8       0x8c /opt/st/stm32cubeide_1.7.0/plugins/com.st.stm32cube.ide.mcu.externaltools.gnu-tools-for-stm32.9-2020-q2-update.linux64_2.0.0.202105311346/tools/bin/../lib/gcc/arm-none-eabi/9.3.1/../../../../arm-none-eabi/lib/thumb/v7e-m+fp/hard/libc_nano.a(lib_a-findfp.o)
                0x00000000080089e8                __sfp
 .text._fwalk_reent
                0x0000000008008a74       0x3e /opt/st/stm32cubeide_1.7.0/plugins/com.st.stm32cube.ide.mcu.externaltools.gnu-tools-for-stm32.9-2020-q2-update.linux64_2.0.0.202105311346/tools/bin/../lib/gcc/arm-none-eabi/9.3.1/../../../../arm-none-eabi/lib/thumb/v7e-m+fp/hard/libc_nano.a(lib_a-fwalk.o)
                0x0000000008008a74                _fwalk_reent
 *fill*         0x0000000008008ab2        0x2 
 .text.__libc_init_array
                0x0000000008008ab4       0x48 /opt/st/stm32cubeide_1.7.0/plugins/com.st.stm32cube.ide.mcu.externaltools.gnu-tools-for-stm32.9-2020-q2-update.linux64_2.0.0.202105311346/tools/bin/../lib/gcc/arm-none-eabi/9.3.1/../../../../arm-none-eabi/lib/thumb/v7e-m+fp/hard/libc_nano.a(lib_a-init.o)
                0x0000000008008ab4                __libc_init_array
 .text.malloc   0x0000000008008afc       0x10 /opt/st/stm32cubeide_1.7.0/plugins/com.st.stm32cube.ide.mcu.externaltools.gnu-tools-for-stm32.9-2020-q2-update.linux64_2.0.0.202105311346/tools/bin/../lib/gcc/arm-none-eabi/9.3.1/../../../../arm-none-eabi/lib/thumb/v7e-m+fp/hard/libc_nano.a(lib_a-malloc.o)
                0x0000000008008afc                malloc
 .text.memcpy   0x0000000008008b0c       0x1c /opt/st/stm32cubeide_1.7.0/plugins/com.st.stm32cube.ide.mcu.externaltools.gnu-tools-for-stm32.9-2020-q2-update.linux64_2.0.0.202105311346/tools/bin/../lib/gcc/arm-none-eabi/9.3.1/../../../../arm-none-eabi/lib/thumb/v7e-m+fp/hard/libc_nano.a(lib_a-memcpy-stub.o)
                0x0000000008008b0c                memcpy
 .text.memset   0x0000000008008b28       0x10 /opt/st/stm32cubeide_1.7.0/plugins/com.st.stm32cube.ide.mcu.externaltools.gnu-tools-for-stm32.9-2020-q2-update.linux64_2.0.0.202105311346/tools/bin/../lib/gcc/arm-none-eabi/9.3.1/../../../../arm-none-eabi/lib/thumb/v7e-m+fp/hard/libc_nano.a(lib_a-memset.o)
                0x0000000008008b28                memset
 .text._free_r  0x0000000008008b38       0xa0 /opt/st/stm32cubeide_1.7.0/plugins/com.st.stm32cube.ide.mcu.externaltools.gnu-tools-for-stm32.9-2020-q2-update.linux64_2.0.0.202105311346/tools/bin/../lib/gcc/arm-none-eabi/9.3.1/../../../../arm-none-eabi/lib/thumb/v7e-m+fp/hard/libc_nano.a(lib_a-nano-freer.o)
                0x0000000008008b38                _free_r
 .text._malloc_r
                0x0000000008008bd8       0xb4 /opt/st/stm32cubeide_1.7.0/plugins/com.st.stm32cube.ide.mcu.externaltools.gnu-tools-for-stm32.9-2020-q2-update.linux64_2.0.0.202105311346/tools/bin/../lib/gcc/arm-none-eabi/9.3.1/../../../../arm-none-eabi/lib/thumb/v7e-m+fp/hard/libc_nano.a(lib_a-nano-mallocr.o)
                0x0000000008008bd8                _malloc_r
 .text.srand    0x0000000008008c8c       0x5c /opt/st/stm32cubeide_1.7.0/plugins/com.st.stm32cube.ide.mcu.externaltools.gnu-tools-for-stm32.9-2020-q2-update.linux64_2.0.0.202105311346/tools/bin/../lib/gcc/arm-none-eabi/9.3.1/../../../../arm-none-eabi/lib/thumb/v7e-m+fp/hard/libc_nano.a(lib_a-rand.o)
                0x0000000008008c8c                srand
 .text.rand     0x0000000008008ce8       0x80 /opt/st/stm32cubeide_1.7.0/plugins/com.st.stm32cube.ide.mcu.externaltools.gnu-tools-for-stm32.9-2020-q2-update.linux64_2.0.0.202105311346/tools/bin/../lib/gcc/arm-none-eabi/9.3.1/../../../../arm-none-eabi/lib/thumb/v7e-m+fp/hard/libc_nano.a(lib_a-rand.o)
                0x0000000008008ce8                rand
 .text.cleanup_glue
                0x0000000008008d68       0x1a /opt/st/stm32cubeide_1.7.0/plugins/com.st.stm32cube.ide.mcu.externaltools.gnu-tools-for-stm32.9-2020-q2-update.linux64_2.0.0.202105311346/tools/bin/../lib/gcc/arm-none-eabi/9.3.1/../../../../arm-none-eabi/lib/thumb/v7e-m+fp/hard/libc_nano.a(lib_a-reent.o)
                0x0000000008008d68                cleanup_glue
 *fill*         0x0000000008008d82        0x2 
 .text._reclaim_reent
                0x0000000008008d84       0xb8 /opt/st/stm32cubeide_1.7.0/plugins/com.st.stm32cube.ide.mcu.externaltools.gnu-tools-for-stm32.9-2020-q2-update.linux64_2.0.0.202105311346/tools/bin/../lib/gcc/arm-none-eabi/9.3.1/../../../../arm-none-eabi/lib/thumb/v7e-m+fp/hard/libc_nano.a(lib_a-reent.o)
                0x0000000008008d84                _reclaim_reent
 .text._sbrk_r  0x0000000008008e3c       0x20 /opt/st/stm32cubeide_1.7.0/plugins/com.st.stm32cube.ide.mcu.externaltools.gnu-tools-for-stm32.9-2020-q2-update.linux64_2.0.0.202105311346/tools/bin/../lib/gcc/arm-none-eabi/9.3.1/../../../../arm-none-eabi/lib/thumb/v7e-m+fp/hard/libc_nano.a(lib_a-sbrkr.o)
                0x0000000008008e3c                _sbrk_r
 .text.__sread  0x0000000008008e5c       0x22 /opt/st/stm32cubeide_1.7.0/plugins/com.st.stm32cube.ide.mcu.externaltools.gnu-tools-for-stm32.9-2020-q2-update.linux64_2.0.0.202105311346/tools/bin/../lib/gcc/arm-none-eabi/9.3.1/../../../../arm-none-eabi/lib/thumb/v7e-m+fp/hard/libc_nano.a(lib_a-stdio.o)
                0x0000000008008e5c                __sread
 .text.__swrite
                0x0000000008008e7e       0x38 /opt/st/stm32cubeide_1.7.0/plugins/com.st.stm32cube.ide.mcu.externaltools.gnu-tools-for-stm32.9-2020-q2-update.linux64_2.0.0.202105311346/tools/bin/../lib/gcc/arm-none-eabi/9.3.1/../../../../arm-none-eabi/lib/thumb/v7e-m+fp/hard/libc_nano.a(lib_a-stdio.o)
                0x0000000008008e7e                __swrite
 .text.__sseek  0x0000000008008eb6       0x24 /opt/st/stm32cubeide_1.7.0/plugins/com.st.stm32cube.ide.mcu.externaltools.gnu-tools-for-stm32.9-2020-q2-update.linux64_2.0.0.202105311346/tools/bin/../lib/gcc/arm-none-eabi/9.3.1/../../../../arm-none-eabi/lib/thumb/v7e-m+fp/hard/libc_nano.a(lib_a-stdio.o)
                0x0000000008008eb6                __sseek
 .text.__sclose
                0x0000000008008eda        0x8 /opt/st/stm32cubeide_1.7.0/plugins/com.st.stm32cube.ide.mcu.externaltools.gnu-tools-for-stm32.9-2020-q2-update.linux64_2.0.0.202105311346/tools/bin/../lib/gcc/arm-none-eabi/9.3.1/../../../../arm-none-eabi/lib/thumb/v7e-m+fp/hard/libc_nano.a(lib_a-stdio.o)
                0x0000000008008eda                __sclose
 *fill*         0x0000000008008ee2        0x2 
 .text.time     0x0000000008008ee4       0x34 /opt/st/stm32cubeide_1.7.0/plugins/com.st.stm32cube.ide.mcu.externaltools.gnu-tools-for-stm32.9-2020-q2-update.linux64_2.0.0.202105311346/tools/bin/../lib/gcc/arm-none-eabi/9.3.1/../../../../arm-none-eabi/lib/thumb/v7e-m+fp/hard/libc_nano.a(lib_a-time.o)
                0x0000000008008ee4                time
 .text._write_r
                0x0000000008008f18       0x24 /opt/st/stm32cubeide_1.7.0/plugins/com.st.stm32cube.ide.mcu.externaltools.gnu-tools-for-stm32.9-2020-q2-update.linux64_2.0.0.202105311346/tools/bin/../lib/gcc/arm-none-eabi/9.3.1/../../../../arm-none-eabi/lib/thumb/v7e-m+fp/hard/libc_nano.a(lib_a-writer.o)
                0x0000000008008f18                _write_r
 .text.__assert_func
                0x0000000008008f3c       0x3c /opt/st/stm32cubeide_1.7.0/plugins/com.st.stm32cube.ide.mcu.externaltools.gnu-tools-for-stm32.9-2020-q2-update.linux64_2.0.0.202105311346/tools/bin/../lib/gcc/arm-none-eabi/9.3.1/../../../../arm-none-eabi/lib/thumb/v7e-m+fp/hard/libc_nano.a(lib_a-assert.o)
                0x0000000008008f3c                __assert_func
 .text._close_r
                0x0000000008008f78       0x20 /opt/st/stm32cubeide_1.7.0/plugins/com.st.stm32cube.ide.mcu.externaltools.gnu-tools-for-stm32.9-2020-q2-update.linux64_2.0.0.202105311346/tools/bin/../lib/gcc/arm-none-eabi/9.3.1/../../../../arm-none-eabi/lib/thumb/v7e-m+fp/hard/libc_nano.a(lib_a-closer.o)
                0x0000000008008f78                _close_r
 .text.__sflush_r
                0x0000000008008f98      0x10c /opt/st/stm32cubeide_1.7.0/plugins/com.st.stm32cube.ide.mcu.externaltools.gnu-tools-for-stm32.9-2020-q2-update.linux64_2.0.0.202105311346/tools/bin/../lib/gcc/arm-none-eabi/9.3.1/../../../../arm-none-eabi/lib/thumb/v7e-m+fp/hard/libc_nano.a(lib_a-fflush.o)
                0x0000000008008f98                __sflush_r
 .text._fflush_r
                0x00000000080090a4       0x78 /opt/st/stm32cubeide_1.7.0/plugins/com.st.stm32cube.ide.mcu.externaltools.gnu-tools-for-stm32.9-2020-q2-update.linux64_2.0.0.202105311346/tools/bin/../lib/gcc/arm-none-eabi/9.3.1/../../../../arm-none-eabi/lib/thumb/v7e-m+fp/hard/libc_nano.a(lib_a-fflush.o)
                0x00000000080090a4                _fflush_r
 .text.fprintf  0x000000000800911c       0x24 /opt/st/stm32cubeide_1.7.0/plugins/com.st.stm32cube.ide.mcu.externaltools.gnu-tools-for-stm32.9-2020-q2-update.linux64_2.0.0.202105311346/tools/bin/../lib/gcc/arm-none-eabi/9.3.1/../../../../arm-none-eabi/lib/thumb/v7e-m+fp/hard/libc_nano.a(lib_a-fprintf.o)
                0x000000000800911c                fprintf
                0x000000000800911c                fiprintf
 .text._gettimeofday_r
                0x0000000008009140       0x24 /opt/st/stm32cubeide_1.7.0/plugins/com.st.stm32cube.ide.mcu.externaltools.gnu-tools-for-stm32.9-2020-q2-update.linux64_2.0.0.202105311346/tools/bin/../lib/gcc/arm-none-eabi/9.3.1/../../../../arm-none-eabi/lib/thumb/v7e-m+fp/hard/libc_nano.a(lib_a-gettimeofdayr.o)
                0x0000000008009140                _gettimeofday_r
 .text._lseek_r
                0x0000000008009164       0x24 /opt/st/stm32cubeide_1.7.0/plugins/com.st.stm32cube.ide.mcu.externaltools.gnu-tools-for-stm32.9-2020-q2-update.linux64_2.0.0.202105311346/tools/bin/../lib/gcc/arm-none-eabi/9.3.1/../../../../arm-none-eabi/lib/thumb/v7e-m+fp/hard/libc_nano.a(lib_a-lseekr.o)
                0x0000000008009164                _lseek_r
 .text.__malloc_lock
                0x0000000008009188        0xc /opt/st/stm32cubeide_1.7.0/plugins/com.st.stm32cube.ide.mcu.externaltools.gnu-tools-for-stm32.9-2020-q2-update.linux64_2.0.0.202105311346/tools/bin/../lib/gcc/arm-none-eabi/9.3.1/../../../../arm-none-eabi/lib/thumb/v7e-m+fp/hard/libc_nano.a(lib_a-mlock.o)
                0x0000000008009188                __malloc_lock
 .text.__malloc_unlock
                0x0000000008009194        0xc /opt/st/stm32cubeide_1.7.0/plugins/com.st.stm32cube.ide.mcu.externaltools.gnu-tools-for-stm32.9-2020-q2-update.linux64_2.0.0.202105311346/tools/bin/../lib/gcc/arm-none-eabi/9.3.1/../../../../arm-none-eabi/lib/thumb/v7e-m+fp/hard/libc_nano.a(lib_a-mlock.o)
                0x0000000008009194                __malloc_unlock
 .text.__sfputc_r
                0x00000000080091a0       0x2e /opt/st/stm32cubeide_1.7.0/plugins/com.st.stm32cube.ide.mcu.externaltools.gnu-tools-for-stm32.9-2020-q2-update.linux64_2.0.0.202105311346/tools/bin/../lib/gcc/arm-none-eabi/9.3.1/../../../../arm-none-eabi/lib/thumb/v7e-m+fp/hard/libc_nano.a(lib_a-nano-vfprintf.o)
 .text.__sfputs_r
                0x00000000080091ce       0x24 /opt/st/stm32cubeide_1.7.0/plugins/com.st.stm32cube.ide.mcu.externaltools.gnu-tools-for-stm32.9-2020-q2-update.linux64_2.0.0.202105311346/tools/bin/../lib/gcc/arm-none-eabi/9.3.1/../../../../arm-none-eabi/lib/thumb/v7e-m+fp/hard/libc_nano.a(lib_a-nano-vfprintf.o)
                0x00000000080091ce                __sfputs_r
 *fill*         0x00000000080091f2        0x2 
 .text._vfprintf_r
                0x00000000080091f4      0x260 /opt/st/stm32cubeide_1.7.0/plugins/com.st.stm32cube.ide.mcu.externaltools.gnu-tools-for-stm32.9-2020-q2-update.linux64_2.0.0.202105311346/tools/bin/../lib/gcc/arm-none-eabi/9.3.1/../../../../arm-none-eabi/lib/thumb/v7e-m+fp/hard/libc_nano.a(lib_a-nano-vfprintf.o)
                0x00000000080091f4                _vfiprintf_r
                0x00000000080091f4                _vfprintf_r
 .text._printf_common
                0x0000000008009454       0xda /opt/st/stm32cubeide_1.7.0/plugins/com.st.stm32cube.ide.mcu.externaltools.gnu-tools-for-stm32.9-2020-q2-update.linux64_2.0.0.202105311346/tools/bin/../lib/gcc/arm-none-eabi/9.3.1/../../../../arm-none-eabi/lib/thumb/v7e-m+fp/hard/libc_nano.a(lib_a-nano-vfprintf_i.o)
                0x0000000008009454                _printf_common
 *fill*         0x000000000800952e        0x2 
 .text._printf_i
                0x0000000008009530      0x24c /opt/st/stm32cubeide_1.7.0/plugins/com.st.stm32cube.ide.mcu.externaltools.gnu-tools-for-stm32.9-2020-q2-update.linux64_2.0.0.202105311346/tools/bin/../lib/gcc/arm-none-eabi/9.3.1/../../../../arm-none-eabi/lib/thumb/v7e-m+fp/hard/libc_nano.a(lib_a-nano-vfprintf_i.o)
                0x0000000008009530                _printf_i
 .text._read_r  0x000000000800977c       0x24 /opt/st/stm32cubeide_1.7.0/plugins/com.st.stm32cube.ide.mcu.externaltools.gnu-tools-for-stm32.9-2020-q2-update.linux64_2.0.0.202105311346/tools/bin/../lib/gcc/arm-none-eabi/9.3.1/../../../../arm-none-eabi/lib/thumb/v7e-m+fp/hard/libc_nano.a(lib_a-readr.o)
                0x000000000800977c                _read_r
 .text.__swbuf_r
                0x00000000080097a0       0xa4 /opt/st/stm32cubeide_1.7.0/plugins/com.st.stm32cube.ide.mcu.externaltools.gnu-tools-for-stm32.9-2020-q2-update.linux64_2.0.0.202105311346/tools/bin/../lib/gcc/arm-none-eabi/9.3.1/../../../../arm-none-eabi/lib/thumb/v7e-m+fp/hard/libc_nano.a(lib_a-wbuf.o)
                0x00000000080097a0                __swbuf_r
 .text.__swsetup_r
                0x0000000008009844       0xdc /opt/st/stm32cubeide_1.7.0/plugins/com.st.stm32cube.ide.mcu.externaltools.gnu-tools-for-stm32.9-2020-q2-update.linux64_2.0.0.202105311346/tools/bin/../lib/gcc/arm-none-eabi/9.3.1/../../../../arm-none-eabi/lib/thumb/v7e-m+fp/hard/libc_nano.a(lib_a-wsetup.o)
                0x0000000008009844                __swsetup_r
 .text.abort    0x0000000008009920        0xe /opt/st/stm32cubeide_1.7.0/plugins/com.st.stm32cube.ide.mcu.externaltools.gnu-tools-for-stm32.9-2020-q2-update.linux64_2.0.0.202105311346/tools/bin/../lib/gcc/arm-none-eabi/9.3.1/../../../../arm-none-eabi/lib/thumb/v7e-m+fp/hard/libc_nano.a(lib_a-abort.o)
                0x0000000008009920                abort
 .text.__swhatbuf_r
                0x000000000800992e       0x48 /opt/st/stm32cubeide_1.7.0/plugins/com.st.stm32cube.ide.mcu.externaltools.gnu-tools-for-stm32.9-2020-q2-update.linux64_2.0.0.202105311346/tools/bin/../lib/gcc/arm-none-eabi/9.3.1/../../../../arm-none-eabi/lib/thumb/v7e-m+fp/hard/libc_nano.a(lib_a-makebuf.o)
                0x000000000800992e                __swhatbuf_r
 *fill*         0x0000000008009976        0x2 
 .text.__smakebuf_r
                0x0000000008009978       0x80 /opt/st/stm32cubeide_1.7.0/plugins/com.st.stm32cube.ide.mcu.externaltools.gnu-tools-for-stm32.9-2020-q2-update.linux64_2.0.0.202105311346/tools/bin/../lib/gcc/arm-none-eabi/9.3.1/../../../../arm-none-eabi/lib/thumb/v7e-m+fp/hard/libc_nano.a(lib_a-makebuf.o)
                0x0000000008009978                __smakebuf_r
 .text._raise_r
                0x00000000080099f8       0x50 /opt/st/stm32cubeide_1.7.0/plugins/com.st.stm32cube.ide.mcu.externaltools.gnu-tools-for-stm32.9-2020-q2-update.linux64_2.0.0.202105311346/tools/bin/../lib/gcc/arm-none-eabi/9.3.1/../../../../arm-none-eabi/lib/thumb/v7e-m+fp/hard/libc_nano.a(lib_a-signal.o)
                0x00000000080099f8                _raise_r
 .text.raise    0x0000000008009a48       0x10 /opt/st/stm32cubeide_1.7.0/plugins/com.st.stm32cube.ide.mcu.externaltools.gnu-tools-for-stm32.9-2020-q2-update.linux64_2.0.0.202105311346/tools/bin/../lib/gcc/arm-none-eabi/9.3.1/../../../../arm-none-eabi/lib/thumb/v7e-m+fp/hard/libc_nano.a(lib_a-signal.o)
                0x0000000008009a48                raise
 .text._kill_r  0x0000000008009a58       0x24 /opt/st/stm32cubeide_1.7.0/plugins/com.st.stm32cube.ide.mcu.externaltools.gnu-tools-for-stm32.9-2020-q2-update.linux64_2.0.0.202105311346/tools/bin/../lib/gcc/arm-none-eabi/9.3.1/../../../../arm-none-eabi/lib/thumb/v7e-m+fp/hard/libc_nano.a(lib_a-signalr.o)
                0x0000000008009a58                _kill_r
 .text._getpid_r
                0x0000000008009a7c        0x4 /opt/st/stm32cubeide_1.7.0/plugins/com.st.stm32cube.ide.mcu.externaltools.gnu-tools-for-stm32.9-2020-q2-update.linux64_2.0.0.202105311346/tools/bin/../lib/gcc/arm-none-eabi/9.3.1/../../../../arm-none-eabi/lib/thumb/v7e-m+fp/hard/libc_nano.a(lib_a-signalr.o)
                0x0000000008009a7c                _getpid_r
 .text._fstat_r
                0x0000000008009a80       0x24 /opt/st/stm32cubeide_1.7.0/plugins/com.st.stm32cube.ide.mcu.externaltools.gnu-tools-for-stm32.9-2020-q2-update.linux64_2.0.0.202105311346/tools/bin/../lib/gcc/arm-none-eabi/9.3.1/../../../../arm-none-eabi/lib/thumb/v7e-m+fp/hard/libc_nano.a(lib_a-fstatr.o)
                0x0000000008009a80                _fstat_r
 .text._isatty_r
                0x0000000008009aa4       0x20 /opt/st/stm32cubeide_1.7.0/plugins/com.st.stm32cube.ide.mcu.externaltools.gnu-tools-for-stm32.9-2020-q2-update.linux64_2.0.0.202105311346/tools/bin/../lib/gcc/arm-none-eabi/9.3.1/../../../../arm-none-eabi/lib/thumb/v7e-m+fp/hard/libc_nano.a(lib_a-isattyr.o)
                0x0000000008009aa4                _isatty_r
 .text._gettimeofday
                0x0000000008009ac4       0x10 /opt/st/stm32cubeide_1.7.0/plugins/com.st.stm32cube.ide.mcu.externaltools.gnu-tools-for-stm32.9-2020-q2-update.linux64_2.0.0.202105311346/tools/bin/../lib/gcc/arm-none-eabi/9.3.1/../../../../arm-none-eabi/lib/thumb/v7e-m+fp/hard/libnosys.a(gettod.o)
                0x0000000008009ac4                _gettimeofday
 *(.glue_7)
 .glue_7        0x0000000008009ad4        0x0 linker stubs
 *(.glue_7t)
 .glue_7t       0x0000000008009ad4        0x0 linker stubs
 *(.eh_frame)
 .eh_frame      0x0000000008009ad4        0x0 /opt/st/stm32cubeide_1.7.0/plugins/com.st.stm32cube.ide.mcu.externaltools.gnu-tools-for-stm32.9-2020-q2-update.linux64_2.0.0.202105311346/tools/bin/../lib/gcc/arm-none-eabi/9.3.1/thumb/v7e-m+fp/hard/crtbegin.o
 *(.init)
 .init          0x0000000008009ad4        0x4 /opt/st/stm32cubeide_1.7.0/plugins/com.st.stm32cube.ide.mcu.externaltools.gnu-tools-for-stm32.9-2020-q2-update.linux64_2.0.0.202105311346/tools/bin/../lib/gcc/arm-none-eabi/9.3.1/thumb/v7e-m+fp/hard/crti.o
                0x0000000008009ad4                _init
 .init          0x0000000008009ad8        0x8 /opt/st/stm32cubeide_1.7.0/plugins/com.st.stm32cube.ide.mcu.externaltools.gnu-tools-for-stm32.9-2020-q2-update.linux64_2.0.0.202105311346/tools/bin/../lib/gcc/arm-none-eabi/9.3.1/thumb/v7e-m+fp/hard/crtn.o
 *(.fini)
 .fini          0x0000000008009ae0        0x4 /opt/st/stm32cubeide_1.7.0/plugins/com.st.stm32cube.ide.mcu.externaltools.gnu-tools-for-stm32.9-2020-q2-update.linux64_2.0.0.202105311346/tools/bin/../lib/gcc/arm-none-eabi/9.3.1/thumb/v7e-m+fp/hard/crti.o
                0x0000000008009ae0                _fini
 .fini          0x0000000008009ae4        0x8 /opt/st/stm32cubeide_1.7.0/plugins/com.st.stm32cube.ide.mcu.externaltools.gnu-tools-for-stm32.9-2020-q2-update.linux64_2.0.0.202105311346/tools/bin/../lib/gcc/arm-none-eabi/9.3.1/thumb/v7e-m+fp/hard/crtn.o
                0x0000000008009aec                . = ALIGN (0x4)
                0x0000000008009aec                _etext = .

.vfp11_veneer   0x0000000008009aec        0x0
 .vfp11_veneer  0x0000000008009aec        0x0 linker stubs

.v4_bx          0x0000000008009aec        0x0
 .v4_bx         0x0000000008009aec        0x0 linker stubs

.iplt           0x0000000008009aec        0x0
 .iplt          0x0000000008009aec        0x0 /opt/st/stm32cubeide_1.7.0/plugins/com.st.stm32cube.ide.mcu.externaltools.gnu-tools-for-stm32.9-2020-q2-update.linux64_2.0.0.202105311346/tools/bin/../lib/gcc/arm-none-eabi/9.3.1/thumb/v7e-m+fp/hard/crtbegin.o

.rodata         0x0000000008009aec      0x214
                0x0000000008009aec                . = ALIGN (0x4)
 *(.rodata)
 .rodata        0x0000000008009aec        0xc ./Core/Src/freertos.o
 .rodata        0x0000000008009af8        0x5 ./Middlewares/Third_Party/FreeRTOS/Source/tasks.o
 *fill*         0x0000000008009afd        0x3 
 .rodata        0x0000000008009b00        0xd ./Middlewares/Third_Party/FreeRTOS/Source/timers.o
 *(.rodata*)
 *fill*         0x0000000008009b0d        0x3 
 .rodata._ZL22defaultTask_attributes
                0x0000000008009b10       0x24 ./Core/Src/freertos.o
 .rodata.AHBPrescTable
                0x0000000008009b34       0x10 ./Core/Src/system_stm32f4xx.o
                0x0000000008009b34                AHBPrescTable
 .rodata.APBPrescTable
                0x0000000008009b44        0x8 ./Core/Src/system_stm32f4xx.o
                0x0000000008009b44                APBPrescTable
 .rodata.I2SFreq
                0x0000000008009b4c       0x20 ./Drivers/BSP/STM32F4-Discovery/stm32f4_discovery_audio.o
                0x0000000008009b4c                I2SFreq
 .rodata.I2SPLLN
                0x0000000008009b6c       0x20 ./Drivers/BSP/STM32F4-Discovery/stm32f4_discovery_audio.o
                0x0000000008009b6c                I2SPLLN
 .rodata.I2SPLLR
                0x0000000008009b8c       0x20 ./Drivers/BSP/STM32F4-Discovery/stm32f4_discovery_audio.o
                0x0000000008009b8c                I2SPLLR
 .rodata.flagBitshiftOffset.8517
                0x0000000008009bac        0x8 ./Drivers/STM32F4xx_HAL_Driver/Src/stm32f4xx_hal_dma.o
 .rodata.__sf_fake_stderr
                0x0000000008009bb4       0x20 /opt/st/stm32cubeide_1.7.0/plugins/com.st.stm32cube.ide.mcu.externaltools.gnu-tools-for-stm32.9-2020-q2-update.linux64_2.0.0.202105311346/tools/bin/../lib/gcc/arm-none-eabi/9.3.1/../../../../arm-none-eabi/lib/thumb/v7e-m+fp/hard/libc_nano.a(lib_a-findfp.o)
                0x0000000008009bb4                __sf_fake_stderr
 .rodata.__sf_fake_stdin
                0x0000000008009bd4       0x20 /opt/st/stm32cubeide_1.7.0/plugins/com.st.stm32cube.ide.mcu.externaltools.gnu-tools-for-stm32.9-2020-q2-update.linux64_2.0.0.202105311346/tools/bin/../lib/gcc/arm-none-eabi/9.3.1/../../../../arm-none-eabi/lib/thumb/v7e-m+fp/hard/libc_nano.a(lib_a-findfp.o)
                0x0000000008009bd4                __sf_fake_stdin
 .rodata.__sf_fake_stdout
                0x0000000008009bf4       0x20 /opt/st/stm32cubeide_1.7.0/plugins/com.st.stm32cube.ide.mcu.externaltools.gnu-tools-for-stm32.9-2020-q2-update.linux64_2.0.0.202105311346/tools/bin/../lib/gcc/arm-none-eabi/9.3.1/../../../../arm-none-eabi/lib/thumb/v7e-m+fp/hard/libc_nano.a(lib_a-findfp.o)
                0x0000000008009bf4                __sf_fake_stdout
 .rodata._global_impure_ptr
                0x0000000008009c14        0x4 /opt/st/stm32cubeide_1.7.0/plugins/com.st.stm32cube.ide.mcu.externaltools.gnu-tools-for-stm32.9-2020-q2-update.linux64_2.0.0.202105311346/tools/bin/../lib/gcc/arm-none-eabi/9.3.1/../../../../arm-none-eabi/lib/thumb/v7e-m+fp/hard/libc_nano.a(lib_a-impure.o)
                0x0000000008009c14                _global_impure_ptr
 .rodata.srand.str1.1
                0x0000000008009c18       0x76 /opt/st/stm32cubeide_1.7.0/plugins/com.st.stm32cube.ide.mcu.externaltools.gnu-tools-for-stm32.9-2020-q2-update.linux64_2.0.0.202105311346/tools/bin/../lib/gcc/arm-none-eabi/9.3.1/../../../../arm-none-eabi/lib/thumb/v7e-m+fp/hard/libc_nano.a(lib_a-rand.o)
 .rodata.__assert_func.str1.1
                0x0000000008009c8e       0x3c /opt/st/stm32cubeide_1.7.0/plugins/com.st.stm32cube.ide.mcu.externaltools.gnu-tools-for-stm32.9-2020-q2-update.linux64_2.0.0.202105311346/tools/bin/../lib/gcc/arm-none-eabi/9.3.1/../../../../arm-none-eabi/lib/thumb/v7e-m+fp/hard/libc_nano.a(lib_a-assert.o)
                                         0x3d (size before relaxing)
 .rodata._vfprintf_r.str1.1
                0x0000000008009cca       0x11 /opt/st/stm32cubeide_1.7.0/plugins/com.st.stm32cube.ide.mcu.externaltools.gnu-tools-for-stm32.9-2020-q2-update.linux64_2.0.0.202105311346/tools/bin/../lib/gcc/arm-none-eabi/9.3.1/../../../../arm-none-eabi/lib/thumb/v7e-m+fp/hard/libc_nano.a(lib_a-nano-vfprintf.o)
 .rodata._printf_i.str1.1
                0x0000000008009cdb       0x22 /opt/st/stm32cubeide_1.7.0/plugins/com.st.stm32cube.ide.mcu.externaltools.gnu-tools-for-stm32.9-2020-q2-update.linux64_2.0.0.202105311346/tools/bin/../lib/gcc/arm-none-eabi/9.3.1/../../../../arm-none-eabi/lib/thumb/v7e-m+fp/hard/libc_nano.a(lib_a-nano-vfprintf_i.o)
                0x0000000008009d00                . = ALIGN (0x4)
 *fill*         0x0000000008009cfd        0x3 

.ARM.extab      0x0000000008009d00        0x0
                0x0000000008009d00                . = ALIGN (0x4)
 *(.ARM.extab* .gnu.linkonce.armextab.*)
                0x0000000008009d00                . = ALIGN (0x4)

.ARM            0x0000000008009d00        0x8
                0x0000000008009d00                . = ALIGN (0x4)
                0x0000000008009d00                __exidx_start = .
 *(.ARM.exidx*)
 .ARM.exidx     0x0000000008009d00        0x8 /opt/st/stm32cubeide_1.7.0/plugins/com.st.stm32cube.ide.mcu.externaltools.gnu-tools-for-stm32.9-2020-q2-update.linux64_2.0.0.202105311346/tools/bin/../lib/gcc/arm-none-eabi/9.3.1/thumb/v7e-m+fp/hard/libgcc.a(_udivmoddi4.o)
                0x0000000008009d08                __exidx_end = .
                0x0000000008009d08                . = ALIGN (0x4)

.rel.dyn        0x0000000008009d08        0x0
 .rel.iplt      0x0000000008009d08        0x0 /opt/st/stm32cubeide_1.7.0/plugins/com.st.stm32cube.ide.mcu.externaltools.gnu-tools-for-stm32.9-2020-q2-update.linux64_2.0.0.202105311346/tools/bin/../lib/gcc/arm-none-eabi/9.3.1/thumb/v7e-m+fp/hard/crtbegin.o

.preinit_array  0x0000000008009d08        0x0
                0x0000000008009d08                . = ALIGN (0x4)
                0x0000000008009d08                PROVIDE (__preinit_array_start = .)
 *(.preinit_array*)
                0x0000000008009d08                PROVIDE (__preinit_array_end = .)
                0x0000000008009d08                . = ALIGN (0x4)

.init_array     0x0000000008009d08        0x4
                0x0000000008009d08                . = ALIGN (0x4)
                0x0000000008009d08                PROVIDE (__init_array_start = .)
 *(SORT_BY_NAME(.init_array.*))
 *(.init_array*)
 .init_array    0x0000000008009d08        0x4 /opt/st/stm32cubeide_1.7.0/plugins/com.st.stm32cube.ide.mcu.externaltools.gnu-tools-for-stm32.9-2020-q2-update.linux64_2.0.0.202105311346/tools/bin/../lib/gcc/arm-none-eabi/9.3.1/thumb/v7e-m+fp/hard/crtbegin.o
                0x0000000008009d0c                PROVIDE (__init_array_end = .)
                0x0000000008009d0c                . = ALIGN (0x4)

.fini_array     0x0000000008009d0c        0x4
                0x0000000008009d0c                . = ALIGN (0x4)
                [!provide]                        PROVIDE (__fini_array_start = .)
 *(SORT_BY_NAME(.fini_array.*))
 *(.fini_array*)
 .fini_array    0x0000000008009d0c        0x4 /opt/st/stm32cubeide_1.7.0/plugins/com.st.stm32cube.ide.mcu.externaltools.gnu-tools-for-stm32.9-2020-q2-update.linux64_2.0.0.202105311346/tools/bin/../lib/gcc/arm-none-eabi/9.3.1/thumb/v7e-m+fp/hard/crtbegin.o
                [!provide]                        PROVIDE (__fini_array_end = .)
                0x0000000008009d10                . = ALIGN (0x4)
                0x0000000008009d10                _sidata = LOADADDR (.data)

.data           0x0000000020000000       0xac load address 0x0000000008009d10
                0x0000000020000000                . = ALIGN (0x4)
                0x0000000020000000                _sdata = .
 *(.data)
 *(.data*)
 .data.SystemCoreClock
                0x0000000020000000        0x4 ./Core/Src/system_stm32f4xx.o
                0x0000000020000000                SystemCoreClock
 .data.cs43l22_drv
                0x0000000020000004       0x30 ./Drivers/BSP/Components/cs43l22/cs43l22.o
                0x0000000020000004                cs43l22_drv
 .data.Is_cs43l22_Stop
                0x0000000020000034        0x1 ./Drivers/BSP/Components/cs43l22/cs43l22.o
 *fill*         0x0000000020000035        0x3 
 .data.I2cxTimeout
                0x0000000020000038        0x4 ./Drivers/BSP/STM32F4-Discovery/stm32f4_discovery.o
                0x0000000020000038                I2cxTimeout
 .data.uwTickPrio
                0x000000002000003c        0x4 ./Drivers/STM32F4xx_HAL_Driver/Src/stm32f4xx_hal.o
                0x000000002000003c                uwTickPrio
 .data.uwTickFreq
                0x0000000020000040        0x1 ./Drivers/STM32F4xx_HAL_Driver/Src/stm32f4xx_hal.o
                0x0000000020000040                uwTickFreq
 *fill*         0x0000000020000041        0x3 
 .data.uxCriticalNesting
                0x0000000020000044        0x4 ./Middlewares/Third_Party/FreeRTOS/Source/portable/GCC/ARM_CM4F/port.o
 .data._impure_ptr
                0x0000000020000048        0x4 /opt/st/stm32cubeide_1.7.0/plugins/com.st.stm32cube.ide.mcu.externaltools.gnu-tools-for-stm32.9-2020-q2-update.linux64_2.0.0.202105311346/tools/bin/../lib/gcc/arm-none-eabi/9.3.1/../../../../arm-none-eabi/lib/thumb/v7e-m+fp/hard/libc_nano.a(lib_a-impure.o)
                0x0000000020000048                _impure_ptr
 .data.impure_data
                0x000000002000004c       0x60 /opt/st/stm32cubeide_1.7.0/plugins/com.st.stm32cube.ide.mcu.externaltools.gnu-tools-for-stm32.9-2020-q2-update.linux64_2.0.0.202105311346/tools/bin/../lib/gcc/arm-none-eabi/9.3.1/../../../../arm-none-eabi/lib/thumb/v7e-m+fp/hard/libc_nano.a(lib_a-impure.o)
 *(.RamFunc)
 *(.RamFunc*)
                0x00000000200000ac                . = ALIGN (0x4)
                0x00000000200000ac                _edata = .
                0x0000000008009dbc                _siccmram = LOADADDR (.ccmram)

.igot.plt       0x00000000200000ac        0x0 load address 0x0000000008009dbc
 .igot.plt      0x00000000200000ac        0x0 /opt/st/stm32cubeide_1.7.0/plugins/com.st.stm32cube.ide.mcu.externaltools.gnu-tools-for-stm32.9-2020-q2-update.linux64_2.0.0.202105311346/tools/bin/../lib/gcc/arm-none-eabi/9.3.1/thumb/v7e-m+fp/hard/crtbegin.o

.ccmram         0x0000000010000000        0x0 load address 0x0000000008009dbc
                0x0000000010000000                . = ALIGN (0x4)
                0x0000000010000000                _sccmram = .
 *(.ccmram)
 *(.ccmram*)
                0x0000000010000000                . = ALIGN (0x4)
                0x0000000010000000                _eccmram = .
                0x0000000010000000                . = ALIGN (0x4)

.bss            0x00000000200000ac     0x5984
                0x00000000200000ac                _sbss = .
                0x00000000200000ac                __bss_start__ = _sbss
 *(.bss)
 .bss           0x00000000200000ac       0x1c /opt/st/stm32cubeide_1.7.0/plugins/com.st.stm32cube.ide.mcu.externaltools.gnu-tools-for-stm32.9-2020-q2-update.linux64_2.0.0.202105311346/tools/bin/../lib/gcc/arm-none-eabi/9.3.1/thumb/v7e-m+fp/hard/crtbegin.o
 *(.bss*)
 .bss.gCN       0x00000000200000c8       0x18 ./Core/Src/freertos.o
                0x00000000200000c8                gCN
 .bss._ZL12OutputBuffer
                0x00000000200000e0      0x200 ./Core/Src/freertos.o
 .bss._ZL13gOutputBuffer
                0x00000000200002e0      0x200 ./Core/Src/freertos.o
 .bss.defaultTaskHandle
                0x00000000200004e0        0x4 ./Core/Src/freertos.o
                0x00000000200004e0                defaultTaskHandle
 .bss.wavetable
                0x00000000200004e4      0x7d0 ./Core/Src/freertos.o
                0x00000000200004e4                wavetable
 .bss.__sbrk_heap_end
                0x0000000020000cb4        0x4 ./Core/Src/sysmem.o
 .bss.__lock___sinit_recursive_mutex
                0x0000000020000cb8        0xc ./Core/ThreadSafe/newlib_lock_glue.o
                0x0000000020000cb8                __lock___sinit_recursive_mutex
 .bss.__lock___sfp_recursive_mutex
                0x0000000020000cc4        0xc ./Core/ThreadSafe/newlib_lock_glue.o
                0x0000000020000cc4                __lock___sfp_recursive_mutex
 .bss.__lock___malloc_recursive_mutex
                0x0000000020000cd0        0xc ./Core/ThreadSafe/newlib_lock_glue.o
                0x0000000020000cd0                __lock___malloc_recursive_mutex
 .bss.OutputDev
                0x0000000020000cdc        0x1 ./Drivers/BSP/Components/cs43l22/cs43l22.o
                0x0000000020000cdc                OutputDev
 *fill*         0x0000000020000cdd        0x3 
 .bss.I2cHandle
                0x0000000020000ce0       0x54 ./Drivers/BSP/STM32F4-Discovery/stm32f4_discovery.o
 .bss.pAudioDrv
                0x0000000020000d34        0x4 ./Drivers/BSP/STM32F4-Discovery/stm32f4_discovery_audio.o
 .bss.hdma_i2sTx.8684
                0x0000000020000d38       0x60 ./Drivers/BSP/STM32F4-Discovery/stm32f4_discovery_audio.o
 .bss.KernelState
                0x0000000020000d98        0x4 ./Middlewares/Third_Party/FreeRTOS/Source/CMSIS_RTOS_V2/cmsis_os2.o
 .bss.Idle_TCB.10400
                0x0000000020000d9c       0xbc ./Middlewares/Third_Party/FreeRTOS/Source/CMSIS_RTOS_V2/cmsis_os2.o
 .bss.Idle_Stack.10401
                0x0000000020000e58      0x200 ./Middlewares/Third_Party/FreeRTOS/Source/CMSIS_RTOS_V2/cmsis_os2.o
 .bss.Timer_TCB.10407
                0x0000000020001058       0xbc ./Middlewares/Third_Party/FreeRTOS/Source/CMSIS_RTOS_V2/cmsis_os2.o
 .bss.Timer_Stack.10408
                0x0000000020001114      0x400 ./Middlewares/Third_Party/FreeRTOS/Source/CMSIS_RTOS_V2/cmsis_os2.o
 .bss.pxCurrentTCB
                0x0000000020001514        0x4 ./Middlewares/Third_Party/FreeRTOS/Source/tasks.o
                0x0000000020001514                pxCurrentTCB
 .bss.pxReadyTasksLists
                0x0000000020001518      0x460 ./Middlewares/Third_Party/FreeRTOS/Source/tasks.o
 .bss.xDelayedTaskList1
                0x0000000020001978       0x14 ./Middlewares/Third_Party/FreeRTOS/Source/tasks.o
 .bss.xDelayedTaskList2
                0x000000002000198c       0x14 ./Middlewares/Third_Party/FreeRTOS/Source/tasks.o
 .bss.pxDelayedTaskList
                0x00000000200019a0        0x4 ./Middlewares/Third_Party/FreeRTOS/Source/tasks.o
 .bss.pxOverflowDelayedTaskList
                0x00000000200019a4        0x4 ./Middlewares/Third_Party/FreeRTOS/Source/tasks.o
 .bss.xPendingReadyList
                0x00000000200019a8       0x14 ./Middlewares/Third_Party/FreeRTOS/Source/tasks.o
 .bss.xTasksWaitingTermination
                0x00000000200019bc       0x14 ./Middlewares/Third_Party/FreeRTOS/Source/tasks.o
 .bss.uxDeletedTasksWaitingCleanUp
                0x00000000200019d0        0x4 ./Middlewares/Third_Party/FreeRTOS/Source/tasks.o
 .bss.xSuspendedTaskList
                0x00000000200019d4       0x14 ./Middlewares/Third_Party/FreeRTOS/Source/tasks.o
 .bss.uxCurrentNumberOfTasks
                0x00000000200019e8        0x4 ./Middlewares/Third_Party/FreeRTOS/Source/tasks.o
 .bss.xTickCount
                0x00000000200019ec        0x4 ./Middlewares/Third_Party/FreeRTOS/Source/tasks.o
 .bss.uxTopReadyPriority
                0x00000000200019f0        0x4 ./Middlewares/Third_Party/FreeRTOS/Source/tasks.o
 .bss.xSchedulerRunning
                0x00000000200019f4        0x4 ./Middlewares/Third_Party/FreeRTOS/Source/tasks.o
 .bss.xPendedTicks
                0x00000000200019f8        0x4 ./Middlewares/Third_Party/FreeRTOS/Source/tasks.o
 .bss.xYieldPending