stm32f4_discovery.c:149:10:BSP_GetVersion	4	static
stm32f4_discovery.c:162:6:BSP_LED_Init	56	static
stm32f4_discovery.c:188:6:BSP_LED_On	16	static
stm32f4_discovery.c:201:6:BSP_LED_Off	16	static
stm32f4_discovery.c:214:6:BSP_LED_Toggle	16	static
stm32f4_discovery.c:236:6:BSP_PB_Init	40	static
stm32f4_discovery.c:272:10:BSP_PB_GetState	16	static
stm32f4_discovery.c:294:13:I2Cx_Init	8	static
stm32f4_discovery.c:316:13:I2Cx_WriteData	40	static
stm32f4_discovery.c:334:16:I2Cx_ReadData	40	static
stm32f4_discovery.c:352:13:I2Cx_Error	16	static
stm32f4_discovery.c:363:13:I2Cx_MspInit	40	static
stm32f4_discovery.c:404:6:AUDIO_IO_Init	32	static
stm32f4_discovery.c:435:6:AUDIO_IO_DeInit	4	static
stm32f4_discovery.c:445:6:AUDIO_IO_Write	16	static
stm32f4_discovery.c:455:9:AUDIO_IO_Read	16	static
